Archive member included to satisfy reference by file (symbol)

c:/program files (x86)/atmel/studio/7.0/toolchain/arm/arm-gnu-toolchain/bin/../lib/gcc/arm-none-eabi/6.3.1/thumb/v7e-m\libgcc.a(_arm_addsubdf3.o)
                              src/main.o (__aeabi_i2d)
c:/program files (x86)/atmel/studio/7.0/toolchain/arm/arm-gnu-toolchain/bin/../lib/gcc/arm-none-eabi/6.3.1/thumb/v7e-m\libgcc.a(_arm_muldivdf3.o)
                              src/main.o (__aeabi_dmul)
c:/program files (x86)/atmel/studio/7.0/toolchain/arm/arm-gnu-toolchain/bin/../lib/gcc/arm-none-eabi/6.3.1/thumb/v7e-m\libgcc.a(_arm_truncdfsf2.o)
                              src/main.o (__aeabi_d2f)
c:/program files (x86)/atmel/studio/7.0/toolchain/arm/arm-gnu-toolchain/bin/../lib/gcc/arm-none-eabi/6.3.1/../../../../arm-none-eabi/lib/thumb/v7e-m\libc.a(lib_a-exit.o)
                              c:/program files (x86)/atmel/studio/7.0/toolchain/arm/arm-gnu-toolchain/bin/../lib/gcc/arm-none-eabi/6.3.1/../../../../arm-none-eabi/lib/thumb/v7e-m/crt0.o (exit)
c:/program files (x86)/atmel/studio/7.0/toolchain/arm/arm-gnu-toolchain/bin/../lib/gcc/arm-none-eabi/6.3.1/../../../../arm-none-eabi/lib/thumb/v7e-m\libc.a(lib_a-impure.o)
                              c:/program files (x86)/atmel/studio/7.0/toolchain/arm/arm-gnu-toolchain/bin/../lib/gcc/arm-none-eabi/6.3.1/../../../../arm-none-eabi/lib/thumb/v7e-m\libc.a(lib_a-exit.o) (_global_impure_ptr)
c:/program files (x86)/atmel/studio/7.0/toolchain/arm/arm-gnu-toolchain/bin/../lib/gcc/arm-none-eabi/6.3.1/../../../../arm-none-eabi/lib/thumb/v7e-m\libc.a(lib_a-init.o)
                              c:/program files (x86)/atmel/studio/7.0/toolchain/arm/arm-gnu-toolchain/bin/../lib/gcc/arm-none-eabi/6.3.1/../../../../arm-none-eabi/lib/thumb/v7e-m/crt0.o (__libc_init_array)
c:/program files (x86)/atmel/studio/7.0/toolchain/arm/arm-gnu-toolchain/bin/../lib/gcc/arm-none-eabi/6.3.1/../../../../arm-none-eabi/lib/thumb/v7e-m\libc.a(lib_a-memset.o)
                              c:/program files (x86)/atmel/studio/7.0/toolchain/arm/arm-gnu-toolchain/bin/../lib/gcc/arm-none-eabi/6.3.1/../../../../arm-none-eabi/lib/thumb/v7e-m/crt0.o (memset)
c:/program files (x86)/atmel/studio/7.0/toolchain/arm/arm-gnu-toolchain/bin/../lib/gcc/arm-none-eabi/6.3.1/../../../../arm-none-eabi/lib/thumb/v7e-m\libc.a(lib_a-sprintf.o)
                              src/main.o (sprintf)
c:/program files (x86)/atmel/studio/7.0/toolchain/arm/arm-gnu-toolchain/bin/../lib/gcc/arm-none-eabi/6.3.1/../../../../arm-none-eabi/lib/thumb/v7e-m\libc.a(lib_a-svfprintf.o)
                              c:/program files (x86)/atmel/studio/7.0/toolchain/arm/arm-gnu-toolchain/bin/../lib/gcc/arm-none-eabi/6.3.1/../../../../arm-none-eabi/lib/thumb/v7e-m\libc.a(lib_a-sprintf.o) (_svfprintf_r)
c:/program files (x86)/atmel/studio/7.0/toolchain/arm/arm-gnu-toolchain/bin/../lib/gcc/arm-none-eabi/6.3.1/../../../../arm-none-eabi/lib/thumb/v7e-m\libc.a(lib_a-__call_atexit.o)
                              c:/program files (x86)/atmel/studio/7.0/toolchain/arm/arm-gnu-toolchain/bin/../lib/gcc/arm-none-eabi/6.3.1/../../../../arm-none-eabi/lib/thumb/v7e-m\libc.a(lib_a-exit.o) (__call_exitprocs)
c:/program files (x86)/atmel/studio/7.0/toolchain/arm/arm-gnu-toolchain/bin/../lib/gcc/arm-none-eabi/6.3.1/../../../../arm-none-eabi/lib/thumb/v7e-m\libc.a(lib_a-atexit.o)
                              c:/program files (x86)/atmel/studio/7.0/toolchain/arm/arm-gnu-toolchain/bin/../lib/gcc/arm-none-eabi/6.3.1/../../../../arm-none-eabi/lib/thumb/v7e-m\libc.a(lib_a-__call_atexit.o) (atexit)
c:/program files (x86)/atmel/studio/7.0/toolchain/arm/arm-gnu-toolchain/bin/../lib/gcc/arm-none-eabi/6.3.1/../../../../arm-none-eabi/lib/thumb/v7e-m\libc.a(lib_a-dtoa.o)
                              c:/program files (x86)/atmel/studio/7.0/toolchain/arm/arm-gnu-toolchain/bin/../lib/gcc/arm-none-eabi/6.3.1/../../../../arm-none-eabi/lib/thumb/v7e-m\libc.a(lib_a-svfprintf.o) (_dtoa_r)
c:/program files (x86)/atmel/studio/7.0/toolchain/arm/arm-gnu-toolchain/bin/../lib/gcc/arm-none-eabi/6.3.1/../../../../arm-none-eabi/lib/thumb/v7e-m\libc.a(lib_a-fini.o)
                              c:/program files (x86)/atmel/studio/7.0/toolchain/arm/arm-gnu-toolchain/bin/../lib/gcc/arm-none-eabi/6.3.1/../../../../arm-none-eabi/lib/thumb/v7e-m\libc.a(lib_a-__call_atexit.o) (__libc_fini_array)
c:/program files (x86)/atmel/studio/7.0/toolchain/arm/arm-gnu-toolchain/bin/../lib/gcc/arm-none-eabi/6.3.1/../../../../arm-none-eabi/lib/thumb/v7e-m\libc.a(lib_a-localeconv.o)
                              c:/program files (x86)/atmel/studio/7.0/toolchain/arm/arm-gnu-toolchain/bin/../lib/gcc/arm-none-eabi/6.3.1/../../../../arm-none-eabi/lib/thumb/v7e-m\libc.a(lib_a-svfprintf.o) (_localeconv_r)
c:/program files (x86)/atmel/studio/7.0/toolchain/arm/arm-gnu-toolchain/bin/../lib/gcc/arm-none-eabi/6.3.1/../../../../arm-none-eabi/lib/thumb/v7e-m\libc.a(lib_a-lock.o)
[...]
Memory Configuration

Name             Origin             Length             Attributes
rom              0x00400000         0x00200000         xr
ram              0x20400000         0x00060000         xrw
*default*        0x00000000         0xffffffff

Linker script and memory map

LOAD c:/program files (x86)/atmel/studio/7.0/toolchain/arm/arm-gnu-toolchain/bin/../lib/gcc/arm-none-eabi/6.3.1/thumb/v7e-m/crti.o
LOAD c:/program files (x86)/atmel/studio/7.0/toolchain/arm/arm-gnu-toolchain/bin/../lib/gcc/arm-none-eabi/6.3.1/thumb/v7e-m/crtbegin.o
LOAD c:/program files (x86)/atmel/studio/7.0/toolchain/arm/arm-gnu-toolchain/bin/../lib/gcc/arm-none-eabi/6.3.1/../../../../arm-none-eabi/lib/thumb/v7e-m/crt0.o
LOAD src/ASF/sam/drivers/rtt/rtt.o
LOAD src/main.o
LOAD src/ASF/common/services/delay/sam/cycle_counter.o
LOAD src/ASF/common/services/spi/sam_spi/spi_master.o
LOAD src/ASF/sam/components/display/ili9488/ili9488.o
LOAD src/ASF/sam/drivers/spi/spi.o
LOAD src/ASF/common/services/clock/same70/sysclk.o
LOAD src/ASF/common/utils/interrupt/interrupt_sam_nvic.o
LOAD src/ASF/sam/boards/same70_xplained/init.o
LOAD src/ASF/sam/drivers/mpu/mpu.o
LOAD src/ASF/sam/drivers/pio/pio.o
LOAD src/ASF/sam/drivers/pio/pio_handler.o
LOAD src/ASF/sam/drivers/pmc/pmc.o
LOAD src/ASF/sam/drivers/pmc/sleep.o
LOAD src/ASF/sam/utils/cmsis/same70/source/templates/gcc/startup_same70.o
LOAD src/ASF/sam/utils/cmsis/same70/source/templates/system_same70.o
LOAD src/ASF/sam/utils/syscalls/gcc/syscalls.o
START GROUP
LOAD ../src/ASF/thirdparty/CMSIS/Lib/GCC\libarm_cortexM7lfsp_math_softfp.a
LOAD c:/program files (x86)/atmel/studio/7.0/toolchain/arm/arm-gnu-toolchain/bin/../lib/gcc/arm-none-eabi/6.3.1/../../../../arm-none-eabi/lib/thumb/v7e-m\libm.a
END GROUP
START GROUP
LOAD c:/program files (x86)/atmel/studio/7.0/toolchain/arm/arm-gnu-toolchain/bin/../lib/gcc/arm-none-eabi/6.3.1/thumb/v7e-m\libgcc.a
LOAD c:/program files (x86)/atmel/studio/7.0/toolchain/arm/arm-gnu-toolchain/bin/../lib/gcc/arm-none-eabi/6.3.1/../../../../arm-none-eabi/lib/thumb/v7e-m\libc.a
END GROUP
LOAD c:/program files (x86)/atmel/studio/7.0/toolchain/arm/arm-gnu-toolchain/bin/../lib/gcc/arm-none-eabi/6.3.1/thumb/v7e-m/crtend.o
LOAD c:/program files (x86)/atmel/studio/7.0/toolchain/arm/arm-gnu-toolchain/bin/../lib/gcc/arm-none-eabi/6.3.1/thumb/v7e-m/crtn.o
                0x00002000                STACK_SIZE = DEFINED (STACK_SIZE)?STACK_SIZE:0x2000
                0x2045fffc                __ram_end__ = ((ORIGIN (ram) + LENGTH (ram)) - 0x4)
                0x00000200                HEAP_SIZE = DEFINED (HEAP_SIZE)?HEAP_SIZE:0x200

.text           0x00400000    0x3470c
                0x00400000                . = ALIGN (0x4)
                0x00400000                _sfixed = .
 *(.vectors .vectors.*)
 .vectors       0x00400000      0x168 src/ASF/sam/utils/cmsis/same70/source/templates/gcc/startup_same70.o
                0x00400000                exception_table
 *(.text .text.* .gnu.linkonce.t.*)
 .text          0x00400168       0x6c c:/program files (x86)/atmel/studio/7.0/toolchain/arm/arm-gnu-toolchain/bin/../lib/gcc/arm-none-eabi/6.3.1/thumb/v7e-m/crtbegin.o
 .text.rtt_init
                0x004001d4       0x30 src/ASF/sam/drivers/rtt/rtt.o
                0x004001d4                rtt_init
 .text.rtt_sel_source
                0x00400204       0x58 src/ASF/sam/drivers/rtt/rtt.o
                0x00400204                rtt_sel_source
 .text.rtt_enable_interrupt
                0x0040025c       0x38 src/ASF/sam/drivers/rtt/rtt.o
                0x0040025c                rtt_enable_interrupt
 .text.rtt_disable_interrupt
                0x00400294       0x40 src/ASF/sam/drivers/rtt/rtt.o
                0x00400294                rtt_disable_interrupt
 .text.rtt_read_timer_value
                0x004002d4       0x2e src/ASF/sam/drivers/rtt/rtt.o
                0x004002d4                rtt_read_timer_value
 .text.rtt_get_status
                0x00400302       0x18 src/ASF/sam/drivers/rtt/rtt.o
                0x00400302                rtt_get_status
 *fill*         0x0040031a        0x2 
 .text.rtt_write_alarm_time
                0x0040031c       0x5c src/ASF/sam/drivers/rtt/rtt.o
                0x0040031c                rtt_write_alarm_time
 .text.NVIC_EnableIRQ
                0x00400378       0x34 src/main.o
 .text.NVIC_DisableIRQ
                0x004003ac       0x34 src/main.o
 .text.NVIC_ClearPendingIRQ
                0x004003e0       0x34 src/main.o
 .text.NVIC_SetPriority
                0x00400414       0x54 src/main.o
 .text.RTT_Handler
                0x00400468       0x44 src/main.o
                0x00400468                RTT_Handler
 .text.but1_callBack
                0x004004ac       0x28 src/main.o
                0x004004ac                but1_callBack
 .text.pin_toggle
                0x004004d4       0x40 src/main.o
                0x004004d4                pin_toggle
 .text.io_init  0x00400514       0x88 src/main.o
                0x00400514                io_init
 .text.RTT_init
                0x0040059c       0x98 src/main.o
 .text.configure_lcd
                0x00400634       0x4c src/main.o
                0x00400634                configure_lcd
 .text.font_draw_text
                0x00400680       0x88 src/main.o
                0x00400680                font_draw_text
 .text.main     0x00400708      0x238 src/main.o
                0x00400708                main
 .text.osc_get_rate
                0x00400940       0x74 src/ASF/common/services/spi/sam_spi/spi_master.o
 .text.sysclk_get_main_hz
                0x004009b4       0x20 src/ASF/common/services/spi/sam_spi/spi_master.o
 .text.sysclk_get_peripheral_hz
                0x004009d4       0x14 src/ASF/common/services/spi/sam_spi/spi_master.o
 .text.spi_reset
                0x004009e8       0x1a src/ASF/common/services/spi/sam_spi/spi_master.o
 .text.spi_set_master_mode
                0x00400a02       0x20 src/ASF/common/services/spi/sam_spi/spi_master.o
 .text.spi_set_fixed_peripheral_select
                0x00400a22       0x20 src/ASF/common/services/spi/sam_spi/spi_master.o
 .text.spi_disable_peripheral_select_decode
                0x00400a42       0x20 src/ASF/common/services/spi/sam_spi/spi_master.o
 .text.spi_get_peripheral_select_decode_setting
                0x00400a62       0x26 src/ASF/common/services/spi/sam_spi/spi_master.o
 .text.spi_disable_mode_fault_detect
                0x00400a88       0x20 src/ASF/common/services/spi/sam_spi/spi_master.o
 .text.spi_disable_loopback
                0x00400aa8       0x20 src/ASF/common/services/spi/sam_spi/spi_master.o
 .text.spi_put  0x00400ac8       0x1e src/ASF/common/services/spi/sam_spi/spi_master.o
 .text.spi_get  0x00400ae6       0x1a src/ASF/common/services/spi/sam_spi/spi_master.o
 .text.spi_is_tx_ready
                0x00400b00       0x26 src/ASF/common/services/spi/sam_spi/spi_master.o
 .text.spi_is_rx_ready
                0x00400b26       0x2c src/ASF/common/services/spi/sam_spi/spi_master.o
 *fill*         0x00400b52        0x2 
 .text.spi_write_single
                0x00400b54       0x24 src/ASF/common/services/spi/sam_spi/spi_master.o
 .text.spi_read_single
                0x00400b78       0x24 src/ASF/common/services/spi/sam_spi/spi_master.o
 .text.spi_master_init
                0x00400b9c       0x70 src/ASF/common/services/spi/sam_spi/spi_master.o
                0x00400b9c                spi_master_init
 .text.spi_master_setup_device
                0x00400c0c       0xb4 src/ASF/common/services/spi/sam_spi/spi_master.o
                0x00400c0c                spi_master_setup_device
 .text.spi_select_device
                0x00400cc0       0x58 src/ASF/common/services/spi/sam_spi/spi_master.o
                0x00400cc0                spi_select_device
 .text.spi_write_packet
                0x00400d18       0x74 src/ASF/common/services/spi/sam_spi/spi_master.o
                0x00400d18                spi_write_packet
 .text.spi_read_packet
                0x00400d8c       0xac src/ASF/common/services/spi/sam_spi/spi_master.o
                0x00400d8c                spi_read_packet
 .text.spi_enable
                0x00400e38       0x1a src/ASF/sam/components/display/ili9488/ili9488.o
 .text.spi_enable_interrupt
                0x00400e52       0x1c src/ASF/sam/components/display/ili9488/ili9488.o
 *fill*         0x00400e6e        0x2 
 .text.ili9488_write_ram_prepare
                0x00400e70       0x40 src/ASF/sam/components/display/ili9488/ili9488.o
 .text.ili9488_write_ram_buffer
                0x00400eb0       0x40 src/ASF/sam/components/display/ili9488/ili9488.o
 .text.ili9488_write_register
                0x00400ef0       0x78 src/ASF/sam/components/display/ili9488/ili9488.o
 .text.ili9488_read_chipid
                0x00400f68       0xcc src/ASF/sam/components/display/ili9488/ili9488.o
 .text.ili9488_delay
                0x00401034       0x40 src/ASF/sam/components/display/ili9488/ili9488.o
                0x00401034                ili9488_delay
 .text.ili9488_check_box_coordinates
                0x00401074       0xa2 src/ASF/sam/components/display/ili9488/ili9488.o
 *fill*         0x00401116        0x2 
 .text.ili9488_set_display_direction
                0x00401118       0x34 src/ASF/sam/components/display/ili9488/ili9488.o
                0x00401118                ili9488_set_display_direction
 .text.ili9488_set_window
                0x0040114c       0xc8 src/ASF/sam/components/display/ili9488/ili9488.o
                0x0040114c                ili9488_set_window
 .text.ili9488_init
                0x00401214      0x15c src/ASF/sam/components/display/ili9488/ili9488.o
                0x00401214                ili9488_init
 .text.ili9488_display_on
                0x00401370       0x18 src/ASF/sam/components/display/ili9488/ili9488.o
                0x00401370                ili9488_display_on
 .text.ili9488_set_foreground_color
                0x00401388       0x54 src/ASF/sam/components/display/ili9488/ili9488.o
                0x00401388                ili9488_set_foreground_color
 .text.ili9488_set_cursor_position
                0x004013dc       0x84 src/ASF/sam/components/display/ili9488/ili9488.o
                0x004013dc                ili9488_set_cursor_position
 .text.ili9488_draw_filled_rectangle
                0x00401460       0xdc src/ASF/sam/components/display/ili9488/ili9488.o
                0x00401460                ili9488_draw_filled_rectangle
 .text.ili9488_draw_pixmap
                0x0040153c       0xb4 src/ASF/sam/components/display/ili9488/ili9488.o
                0x0040153c                ili9488_draw_pixmap
 .text.spi_get_peripheral_select_mode
                0x004015f0       0x26 src/ASF/sam/drivers/spi/spi.o
 *fill*         0x00401616        0x2 
 .text.sysclk_enable_peripheral_clock
                0x00401618       0x1c src/ASF/sam/drivers/spi/spi.o
 .text.spi_enable_clock
                0x00401634       0x3c src/ASF/sam/drivers/spi/spi.o
                0x00401634                spi_enable_clock
 .text.spi_set_peripheral_chip_select_value
                0x00401670       0x34 src/ASF/sam/drivers/spi/spi.o
                0x00401670                spi_set_peripheral_chip_select_value
 .text.spi_set_delay_between_chip_select
                0x004016a4       0x30 src/ASF/sam/drivers/spi/spi.o
                0x004016a4                spi_set_delay_between_chip_select
 .text.spi_write
                0x004016d4       0x80 src/ASF/sam/drivers/spi/spi.o
                0x004016d4                spi_write
 .text.spi_set_clock_polarity
                0x00401754       0x50 src/ASF/sam/drivers/spi/spi.o
                0x00401754                spi_set_clock_polarity
 .text.spi_set_clock_phase
                0x004017a4       0x50 src/ASF/sam/drivers/spi/spi.o
                0x004017a4                spi_set_clock_phase
 .text.spi_configure_cs_behavior
                0x004017f4       0xa6 src/ASF/sam/drivers/spi/spi.o
                0x004017f4                spi_configure_cs_behavior
 .text.spi_set_bits_per_transfer
                0x0040189a       0x4a src/ASF/sam/drivers/spi/spi.o
                0x0040189a                spi_set_bits_per_transfer
 .text.spi_calc_baudrate_div
                0x004018e4       0x3c src/ASF/sam/drivers/spi/spi.o
                0x004018e4                spi_calc_baudrate_div
 .text.spi_set_baudrate_div
                0x00401920       0x5e src/ASF/sam/drivers/spi/spi.o
                0x00401920                spi_set_baudrate_div
 .text.spi_set_transfer_delay
                0x0040197e       0x5e src/ASF/sam/drivers/spi/spi.o
                0x0040197e                spi_set_transfer_delay
 .text.osc_enable
                0x004019dc       0x88 src/ASF/common/services/clock/same70/sysclk.o
 .text.osc_is_ready
                0x00401a64       0x70 src/ASF/common/services/clock/same70/sysclk.o
 .text.osc_get_rate
                0x00401ad4       0x74 src/ASF/common/services/clock/same70/sysclk.o
 .text.osc_wait_ready
                0x00401b48       0x2c src/ASF/common/services/clock/same70/sysclk.o
 .text.pll_config_init
                0x00401b74       0x6c src/ASF/common/services/clock/same70/sysclk.o
 .text.pll_enable
                0x00401be0       0x40 src/ASF/common/services/clock/same70/sysclk.o
 .text.pll_is_locked
                0x00401c20       0x2c src/ASF/common/services/clock/same70/sysclk.o
 .text.pll_enable_source
                0x00401c4c       0x38 src/ASF/common/services/clock/same70/sysclk.o
 .text.pll_wait_for_lock
                0x00401c84       0x24 src/ASF/common/services/clock/same70/sysclk.o
 .text.sysclk_get_main_hz
                0x00401ca8       0x20 src/ASF/common/services/clock/same70/sysclk.o
 .text.sysclk_get_cpu_hz
                0x00401cc8       0x14 src/ASF/common/services/clock/same70/sysclk.o
 .text.sysclk_init
                0x00401cdc       0x7c src/ASF/common/services/clock/same70/sysclk.o
                0x00401cdc                sysclk_init
 .text.SCB_EnableICache
                0x00401d58       0x38 src/ASF/sam/boards/same70_xplained/init.o
 .text.SCB_EnableDCache
                0x00401d90       0xa4 src/ASF/sam/boards/same70_xplained/init.o
 .text.sysclk_enable_peripheral_clock
                0x00401e34       0x1c src/ASF/sam/boards/same70_xplained/init.o
 .text.ioport_init
                0x00401e50       0x2c src/ASF/sam/boards/same70_xplained/init.o
 .text.ioport_set_pin_mode
                0x00401e7c      0x11c src/ASF/sam/boards/same70_xplained/init.o
 .text.ioport_set_pin_dir
                0x00401f98       0x88 src/ASF/sam/boards/same70_xplained/init.o
 .text.ioport_set_pin_level
                0x00402020       0x6c src/ASF/sam/boards/same70_xplained/init.o
 .text.ioport_set_pin_sense_mode
                0x0040208c       0xd0 src/ASF/sam/boards/same70_xplained/init.o
 .text.tcm_disable
                0x0040215c       0x44 src/ASF/sam/boards/same70_xplained/init.o
 .text.board_init
                0x004021a0      0x188 src/ASF/sam/boards/same70_xplained/init.o
                0x004021a0                board_init
 .text.pio_pull_up
                0x00402328       0x2c src/ASF/sam/drivers/pio/pio.o
                0x00402328                pio_pull_up
 .text.pio_set  0x00402354       0x1c src/ASF/sam/drivers/pio/pio.o
                0x00402354                pio_set
 .text.pio_clear
                0x00402370       0x1c src/ASF/sam/drivers/pio/pio.o
                0x00402370                pio_clear
 .text.pio_set_peripheral
                0x0040238c      0x110 src/ASF/sam/drivers/pio/pio.o
                0x0040238c                pio_set_peripheral
 .text.pio_set_input
                0x0040249c       0x80 src/ASF/sam/drivers/pio/pio.o
                0x0040249c                pio_set_input
 .text.pio_set_output
                0x0040251c       0x64 src/ASF/sam/drivers/pio/pio.o
                0x0040251c                pio_set_output
 .text.pio_configure
                0x00402580       0xcc src/ASF/sam/drivers/pio/pio.o
                0x00402580                pio_configure
 .text.pio_get_output_data_status
                0x0040264c       0x28 src/ASF/sam/drivers/pio/pio.o
                0x0040264c                pio_get_output_data_status
 .text.pio_configure_interrupt
                0x00402674       0x6c src/ASF/sam/drivers/pio/pio.o
                0x00402674                pio_configure_interrupt
 .text.pio_enable_interrupt
                0x004026e0       0x1c src/ASF/sam/drivers/pio/pio.o
                0x004026e0                pio_enable_interrupt
 .text.pio_disable_interrupt
                0x004026fc       0x1c src/ASF/sam/drivers/pio/pio.o
                0x004026fc                pio_disable_interrupt
 .text.pio_get_interrupt_status
                0x00402718       0x18 src/ASF/sam/drivers/pio/pio.o
                0x00402718                pio_get_interrupt_status
 .text.pio_get_interrupt_mask
                0x00402730       0x18 src/ASF/sam/drivers/pio/pio.o
                0x00402730                pio_get_interrupt_mask
 .text.pio_set_pin_high
                0x00402748       0x30 src/ASF/sam/drivers/pio/pio.o
                0x00402748                pio_set_pin_high
 .text.pio_set_pin_low
                0x00402778       0x30 src/ASF/sam/drivers/pio/pio.o
                0x00402778                pio_set_pin_low
 .text.pio_configure_pin
                0x004027a8      0x1b0 src/ASF/sam/drivers/pio/pio.o
                0x004027a8                pio_configure_pin
 .text.pio_get_pin_group
                0x00402958       0x28 src/ASF/sam/drivers/pio/pio.o
                0x00402958                pio_get_pin_group
 .text.pio_handler_process
                0x00402980       0xb4 src/ASF/sam/drivers/pio/pio_handler.o
                0x00402980                pio_handler_process
 .text.pio_handler_set
                0x00402a34       0xa0 src/ASF/sam/drivers/pio/pio_handler.o
                0x00402a34                pio_handler_set
 .text.PIOA_Handler
                0x00402ad4       0x18 src/ASF/sam/drivers/pio/pio_handler.o
                0x00402ad4                PIOA_Handler
 .text.PIOB_Handler
                0x00402aec       0x18 src/ASF/sam/drivers/pio/pio_handler.o
                0x00402aec                PIOB_Handler
 .text.PIOC_Handler
                0x00402b04       0x18 src/ASF/sam/drivers/pio/pio_handler.o
                0x00402b04                PIOC_Handler
 .text.PIOD_Handler
                0x00402b1c       0x18 src/ASF/sam/drivers/pio/pio_handler.o
                0x00402b1c                PIOD_Handler
 .text.PIOE_Handler
                0x00402b34       0x18 src/ASF/sam/drivers/pio/pio_handler.o
                0x00402b34                PIOE_Handler
 .text.pmc_mck_set_division
                0x00402b4c       0x7c src/ASF/sam/drivers/pmc/pmc.o
                0x00402b4c                pmc_mck_set_division
 .text.pmc_switch_mck_to_pllack
                0x00402bc8       0x84 src/ASF/sam/drivers/pmc/pmc.o
                0x00402bc8                pmc_switch_mck_to_pllack
 .text.pmc_switch_sclk_to_32kxtal
                0x00402c4c       0x38 src/ASF/sam/drivers/pmc/pmc.o
                0x00402c4c                pmc_switch_sclk_to_32kxtal
 .text.pmc_osc_is_ready_32kxtal
                0x00402c84       0x34 src/ASF/sam/drivers/pmc/pmc.o
                0x00402c84                pmc_osc_is_ready_32kxtal
 .text.pmc_switch_mainck_to_fastrc
                0x00402cb8       0x70 src/ASF/sam/drivers/pmc/pmc.o
                0x00402cb8                pmc_switch_mainck_to_fastrc
 .text.pmc_switch_mainck_to_xtal
                0x00402d28       0x78 src/ASF/sam/drivers/pmc/pmc.o
                0x00402d28                pmc_switch_mainck_to_xtal
 .text.pmc_osc_is_ready_mainck
                0x00402da0       0x1c src/ASF/sam/drivers/pmc/pmc.o
                0x00402da0                pmc_osc_is_ready_mainck
 .text.pmc_disable_pllack
                0x00402dbc       0x1c src/ASF/sam/drivers/pmc/pmc.o
                0x00402dbc                pmc_disable_pllack
 .text.pmc_is_locked_pllack
                0x00402dd8       0x1c src/ASF/sam/drivers/pmc/pmc.o
                0x00402dd8                pmc_is_locked_pllack
 .text.pmc_is_locked_upll
                0x00402df4       0x1c src/ASF/sam/drivers/pmc/pmc.o
                0x00402df4                pmc_is_locked_upll
 .text.pmc_enable_periph_clk
                0x00402e10       0x3c src/ASF/sam/drivers/pmc/pmc.o
                0x00402e10                pmc_enable_periph_clk
 .text.cpu_irq_save
                0x00402e4c       0x38 src/ASF/sam/utils/cmsis/same70/source/templates/gcc/startup_same70.o
 .text.cpu_irq_is_enabled_flags
                0x00402e84       0x20 src/ASF/sam/utils/cmsis/same70/source/templates/gcc/startup_same70.o
 .text.cpu_irq_restore
                0x00402ea4       0x30 src/ASF/sam/utils/cmsis/same70/source/templates/gcc/startup_same70.o
 .text.Reset_Handler
                0x00402ed4       0xb0 src/ASF/sam/utils/cmsis/same70/source/templates/gcc/startup_same70.o
                0x00402ed4                Reset_Handler
 .text.Dummy_Handler
                0x00402f84        0x6 src/ASF/sam/utils/cmsis/same70/source/templates/gcc/startup_same70.o
                0x00402f84                DACC_Handler
                0x00402f84                DebugMon_Handler
                0x00402f84                UART3_Handler
                0x00402f84                UART2_Handler
                0x00402f84                TRNG_Handler
                0x00402f84                HardFault_Handler
                0x00402f84                TC2_Handler
                0x00402f84                SysTick_Handler
                0x00402f84                AFEC1_Handler
                0x00402f84                PendSV_Handler
                0x00402f84                NMI_Handler
                0x00402f84                TC7_Handler
                0x00402f84                QSPI_Handler
                0x00402f84                ISI_Handler
                0x00402f84                MCAN0_INT0_Handler
                0x00402f84                TC9_Handler
                0x00402f84                RSWDT_Handler
                0x00402f84                USART0_Handler
                0x00402f84                USBHS_Handler
                0x00402f84                IXC_Handler
                0x00402f84                CCF_Handler
                0x00402f84                RTC_Handler
                0x00402f84                UsageFault_Handler
                0x00402f84                TC6_Handler
                0x00402f84                WDT_Handler
                0x00402f84                MCAN1_INT1_Handler
                0x00402f84                TC4_Handler
                0x00402f84                TC1_Handler
                0x00402f84                HSMCI_Handler
                0x00402f84                UART1_Handler
                0x00402f84                TC3_Handler
                0x00402f84                Dummy_Handler
                0x00402f84                TWIHS1_Handler
                0x00402f84                XDMAC_Handler
                0x00402f84                UART4_Handler
                0x00402f84                PWM1_Handler
                0x00402f84                USART1_Handler
                0x00402f84                PWM0_Handler
                0x00402f84                AFEC0_Handler
                0x00402f84                CCW_Handler
                0x00402f84                TC11_Handler
                0x00402f84                SSC_Handler
                0x00402f84                ACC_Handler
                0x00402f84                PMC_Handler
                0x00402f84                GMAC_Handler
                0x00402f84                MCAN0_INT1_Handler
                0x00402f84                GMAC_Q5_Handler
                0x00402f84                MemManage_Handler
                0x00402f84                SUPC_Handler
                0x00402f84                SVC_Handler
                0x00402f84                TC8_Handler
                0x00402f84                MCAN1_INT0_Handler
                0x00402f84                EFC_Handler
                0x00402f84                GMAC_Q1_Handler
                0x00402f84                USART2_Handler
                0x00402f84                SDRAMC_Handler
                0x00402f84                GMAC_Q2_Handler
                0x00402f84                SPI1_Handler
                0x00402f84                TC10_Handler
                0x00402f84                GMAC_Q3_Handler
                0x00402f84                TWIHS2_Handler
                0x00402f84                I2SC0_Handler
                0x00402f84                UART0_Handler
                0x00402f84                I2SC1_Handler
                0x00402f84                GMAC_Q4_Handler
                0x00402f84                FPU_Handler
                0x00402f84                BusFault_Handler
                0x00402f84                RSTC_Handler
                0x00402f84                TC0_Handler
                0x00402f84                TC5_Handler
                0x00402f84                AES_Handler
                0x00402f84                ICM_Handler
                0x00402f84                TWIHS0_Handler
                0x00402f84                SPI0_Handler
 *fill*         0x00402f8a        0x2 
 .text.SystemCoreClockUpdate
                0x00402f8c      0x168 src/ASF/sam/utils/cmsis/same70/source/templates/system_same70.o
                0x00402f8c                SystemCoreClockUpdate
 .text.system_init_flash
                0x004030f4       0xb0 src/ASF/sam/utils/cmsis/same70/source/templates/system_same70.o
                0x004030f4                system_init_flash
 .text._sbrk    0x004031a4       0x58 src/ASF/sam/utils/syscalls/gcc/syscalls.o
                0x004031a4                _sbrk
 .text          0x004031fc      0x370 c:/program files (x86)/atmel/studio/7.0/toolchain/arm/arm-gnu-toolchain/bin/../lib/gcc/arm-none-eabi/6.3.1/thumb/v7e-m\libgcc.a(_arm_addsubdf3.o)
                0x004031fc                __aeabi_drsub
                0x00403204                __aeabi_dsub
                0x00403204                __subdf3
                0x00403208                __aeabi_dadd
                0x00403208                __adddf3
                0x00403480                __floatunsidf
                0x00403480                __aeabi_ui2d
                0x004034a0                __floatsidf
                0x004034a0                __aeabi_i2d
                0x004034c4                __aeabi_f2d
                0x004034c4                __extendsfdf2
                0x00403500                __floatundidf
                0x00403500                __aeabi_ul2d
                0x00403510                __floatdidf
                0x00403510                __aeabi_l2d
 .text          0x0040356c      0x424 c:/program files (x86)/atmel/studio/7.0/toolchain/arm/arm-gnu-toolchain/bin/../lib/gcc/arm-none-eabi/6.3.1/thumb/v7e-m\libgcc.a(_arm_muldivdf3.o)
                0x0040356c                __aeabi_dmul
                0x0040356c                __muldf3
                0x004037c0                __divdf3
                0x004037c0                __aeabi_ddiv
 .text          0x00403990       0xa0 c:/program files (x86)/atmel/studio/7.0/toolchain/arm/arm-gnu-toolchain/bin/../lib/gcc/arm-none-eabi/6.3.1/thumb/v7e-m\libgcc.a(_arm_truncdfsf2.o)
                0x00403990                __truncdfsf2
                0x00403990                __aeabi_d2f
 .text.__libc_init_array
                0x00403a30       0x50 c:/program files (x86)/atmel/studio/7.0/toolchain/arm/arm-gnu-toolchain/bin/../lib/gcc/arm-none-eabi/6.3.1/../../../../arm-none-eabi/lib/thumb/v7e-m\libc.a(lib_a-init.o)
                0x00403a30                __libc_init_array
 .text.memset   0x00403a80       0x9c c:/program files (x86)/atmel/studio/7.0/toolchain/arm/arm-gnu-toolchain/bin/../lib/gcc/arm-none-eabi/6.3.1/../../../../arm-none-eabi/lib/thumb/v7e-m\libc.a(lib_a-memset.o)
                0x00403a80                memset
 .text.sprintf  0x00403b1c       0x4c c:/program files (x86)/atmel/studio/7.0/toolchain/arm/arm-gnu-toolchain/bin/../lib/gcc/arm-none-eabi/6.3.1/../../../../arm-none-eabi/lib/thumb/v7e-m\libc.a(lib_a-sprintf.o)
                0x00403b1c                sprintf
 .text._svfprintf_r
                0x00403b68     0x145c c:/program files (x86)/atmel/studio/7.0/toolchain/arm/arm-gnu-toolchain/bin/../lib/gcc/arm-none-eabi/6.3.1/../../../../arm-none-eabi/lib/thumb/v7e-m\libc.a(lib_a-svfprintf.o)
                0x00403b68                _svfprintf_r
 .text.startup.register_fini
                0x00404fc4       0x14 c:/program files (x86)/atmel/studio/7.0/toolchain/arm/arm-gnu-toolchain/bin/../lib/gcc/arm-none-eabi/6.3.1/../../../../arm-none-eabi/lib/thumb/v7e-m\libc.a(lib_a-__call_atexit.o)
 .text.atexit   0x00404fd8        0xc c:/program files (x86)/atmel/studio/7.0/toolchain/arm/arm-gnu-toolchain/bin/../lib/gcc/arm-none-eabi/6.3.1/../../../../arm-none-eabi/lib/thumb/v7e-m\libc.a(lib_a-atexit.o)
                0x00404fd8                atexit
 .text.quorem   0x00404fe4      0x128 c:/program files (x86)/atmel/studio/7.0/toolchain/arm/arm-gnu-toolchain/bin/../lib/gcc/arm-none-eabi/6.3.1/../../../../arm-none-eabi/lib/thumb/v7e-m\libc.a(lib_a-dtoa.o)
 *fill*         0x0040510c        0x4 
 .text._dtoa_r  0x00405110      0xe54 c:/program files (x86)/atmel/studio/7.0/toolchain/arm/arm-gnu-toolchain/bin/../lib/gcc/arm-none-eabi/6.3.1/../../../../arm-none-eabi/lib/thumb/v7e-m\libc.a(lib_a-dtoa.o)
                0x00405110                _dtoa_r
 .text.__libc_fini_array
                0x00405f64       0x34 c:/program files (x86)/atmel/studio/7.0/toolchain/arm/arm-gnu-toolchain/bin/../lib/gcc/arm-none-eabi/6.3.1/../../../../arm-none-eabi/lib/thumb/v7e-m\libc.a(lib_a-fini.o)
                0x00405f64                __libc_fini_array
 .text._localeconv_r
                0x00405f98       0x1c c:/program files (x86)/atmel/studio/7.0/toolchain/arm/arm-gnu-toolchain/bin/../lib/gcc/arm-none-eabi/6.3.1/../../../../arm-none-eabi/lib/thumb/v7e-m\libc.a(lib_a-localeconv.o)
                0x00405f98                _localeconv_r
 .text.__retarget_lock_acquire_recursive
                0x00405fb4        0x4 c:/program files (x86)/atmel/studio/7.0/toolchain/arm/arm-gnu-toolchain/bin/../lib/gcc/arm-none-eabi/6.3.1/../../../../arm-none-eabi/lib/thumb/v7e-m\libc.a(lib_a-lock.o)
                0x00405fb4                __retarget_lock_acquire_recursive
 .text.__retarget_lock_release_recursive
                0x00405fb8        0x4 c:/program files (x86)/atmel/studio/7.0/toolchain/arm/arm-gnu-toolchain/bin/../lib/gcc/arm-none-eabi/6.3.1/../../../../arm-none-eabi/lib/thumb/v7e-m\libc.a(lib_a-lock.o)
                0x00405fb8                __retarget_lock_release_recursive
 .text._malloc_r
                0x00405fbc      0x560 c:/program files (x86)/atmel/studio/7.0/toolchain/arm/arm-gnu-toolchain/bin/../lib/gcc/arm-none-eabi/6.3.1/../../../../arm-none-eabi/lib/thumb/v7e-m\libc.a(lib_a-mallocr.o)
                0x00405fbc                _malloc_r
 *fill*         0x0040651c        0x4 
 .text          0x00406520       0xa0 c:/program files (x86)/atmel/studio/7.0/toolchain/arm/arm-gnu-toolchain/bin/../lib/gcc/arm-none-eabi/6.3.1/../../../../arm-none-eabi/lib/thumb/v7e-m\libc.a(lib_a-memchr.o)
                0x00406520                memchr
 .text          0x004065c0      0x134 c:/program files (x86)/atmel/studio/7.0/toolchain/arm/arm-gnu-toolchain/bin/../lib/gcc/arm-none-eabi/6.3.1/../../../../arm-none-eabi/lib/thumb/v7e-m\libc.a(lib_a-memcpy.o)
                0x004065c0                memcpy
 .text.__malloc_lock
                0x004066f4        0xc c:/program files (x86)/atmel/studio/7.0/toolchain/arm/arm-gnu-toolchain/bin/../lib/gcc/arm-none-eabi/6.3.1/../../../../arm-none-eabi/lib/thumb/v7e-m\libc.a(lib_a-mlock.o)
                0x004066f4                __malloc_lock
 .text.__malloc_unlock
                0x00406700        0xc c:/program files (x86)/atmel/studio/7.0/toolchain/arm/arm-gnu-toolchain/bin/../lib/gcc/arm-none-eabi/6.3.1/../../../../arm-none-eabi/lib/thumb/v7e-m\libc.a(lib_a-mlock.o)
                0x00406700                __malloc_unlock
 .text._Balloc  0x0040670c       0x4c c:/program files (x86)/atmel/studio/7.0/toolchain/arm/arm-gnu-toolchain/bin/../lib/gcc/arm-none-eabi/6.3.1/../../../../arm-none-eabi/lib/thumb/v7e-m\libc.a(lib_a-mprec.o)
                0x0040670c                _Balloc
 .text._Bfree   0x00406758       0x14 c:/program files (x86)/atmel/studio/7.0/toolchain/arm/arm-gnu-toolchain/bin/../lib/gcc/arm-none-eabi/6.3.1/../../../../arm-none-eabi/lib/thumb/v7e-m\libc.a(lib_a-mprec.o)
                0x00406758                _Bfree
 .text.__multadd
                0x0040676c       0x80 c:/program files (x86)/atmel/studio/7.0/toolchain/arm/arm-gnu-toolchain/bin/../lib/gcc/arm-none-eabi/6.3.1/../../../../arm-none-eabi/lib/thumb/v7e-m\libc.a(lib_a-mprec.o)
                0x0040676c                __multadd
 .text.__hi0bits
                0x004067ec       0x40 c:/program files (x86)/atmel/studio/7.0/toolchain/arm/arm-gnu-toolchain/bin/../lib/gcc/arm-none-eabi/6.3.1/../../../../arm-none-eabi/lib/thumb/v7e-m\libc.a(lib_a-mprec.o)
                0x004067ec                __hi0bits
 .text.__lo0bits
                0x0040682c       0x60 c:/program files (x86)/atmel/studio/7.0/toolchain/arm/arm-gnu-toolchain/bin/../lib/gcc/arm-none-eabi/6.3.1/../../../../arm-none-eabi/lib/thumb/v7e-m\libc.a(lib_a-mprec.o)
                0x0040682c                __lo0bits
 .text.__i2b    0x0040688c       0x14 c:/program files (x86)/atmel/studio/7.0/toolchain/arm/arm-gnu-toolchain/bin/../lib/gcc/arm-none-eabi/6.3.1/../../../../arm-none-eabi/lib/thumb/v7e-m\libc.a(lib_a-mprec.o)
                0x0040688c                __i2b
 .text.__multiply
                0x004068a0      0x124 c:/program files (x86)/atmel/studio/7.0/toolchain/arm/arm-gnu-toolchain/bin/../lib/gcc/arm-none-eabi/6.3.1/../../../../arm-none-eabi/lib/thumb/v7e-m\libc.a(lib_a-mprec.o)
                0x004068a0                __multiply
 .text.__pow5mult
                0x004069c4       0xa0 c:/program files (x86)/atmel/studio/7.0/toolchain/arm/arm-gnu-toolchain/bin/../lib/gcc/arm-none-eabi/6.3.1/../../../../arm-none-eabi/lib/thumb/v7e-m\libc.a(lib_a-mprec.o)
                0x004069c4                __pow5mult
 .text.__lshift
                0x00406a64       0xa4 c:/program files (x86)/atmel/studio/7.0/toolchain/arm/arm-gnu-toolchain/bin/../lib/gcc/arm-none-eabi/6.3.1/../../../../arm-none-eabi/lib/thumb/v7e-m\libc.a(lib_a-mprec.o)
                0x00406a64                __lshift
 .text.__mcmp   0x00406b08       0x38 c:/program files (x86)/atmel/studio/7.0/toolchain/arm/arm-gnu-toolchain/bin/../lib/gcc/arm-none-eabi/6.3.1/../../../../arm-none-eabi/lib/thumb/v7e-m\libc.a(lib_a-mprec.o)
                0x00406b08                __mcmp
 .text.__mdiff  0x00406b40      0x108 c:/program files (x86)/atmel/studio/7.0/toolchain/arm/arm-gnu-toolchain/bin/../lib/gcc/arm-none-eabi/6.3.1/../../../../arm-none-eabi/lib/thumb/v7e-m\libc.a(lib_a-mprec.o)
                0x00406b40                __mdiff
 .text.__d2b    0x00406c48       0xb8 c:/program files (x86)/atmel/studio/7.0/toolchain/arm/arm-gnu-toolchain/bin/../lib/gcc/arm-none-eabi/6.3.1/../../../../arm-none-eabi/lib/thumb/v7e-m\libc.a(lib_a-mprec.o)
                0x00406c48                __d2b
 .text._sbrk_r  0x00406d00       0x24 c:/program files (x86)/atmel/studio/7.0/toolchain/arm/arm-gnu-toolchain/bin/../lib/gcc/arm-none-eabi/6.3.1/../../../../arm-none-eabi/lib/thumb/v7e-m\libc.a(lib_a-sbrkr.o)
                0x00406d00                _sbrk_r
 *fill*         0x00406d24       0x1c 
 .text          0x00406d40       0xdc c:/program files (x86)/atmel/studio/7.0/toolchain/arm/arm-gnu-toolchain/bin/../lib/gcc/arm-none-eabi/6.3.1/../../../../arm-none-eabi/lib/thumb/v7e-m\libc.a(lib_a-strlen.o)
                0x00406d40                strlen
 .text.__ssprint_r
                0x00406e1c       0xfc c:/program files (x86)/atmel/studio/7.0/toolchain/arm/arm-gnu-toolchain/bin/../lib/gcc/arm-none-eabi/6.3.1/../../../../arm-none-eabi/lib/thumb/v7e-m\libc.a(lib_a-svfiprintf.o)
                0x00406e1c                __ssprint_r
 .text.__register_exitproc
                0x00406f18       0xc4 c:/program files (x86)/atmel/studio/7.0/toolchain/arm/arm-gnu-toolchain/bin/../lib/gcc/arm-none-eabi/6.3.1/../../../../arm-none-eabi/lib/thumb/v7e-m\libc.a(lib_a-__atexit.o)
                0x00406f18                __register_exitproc
 .text._calloc_r
                0x00406fdc       0x60 c:/program files (x86)/atmel/studio/7.0/toolchain/arm/arm-gnu-toolchain/bin/../lib/gcc/arm-none-eabi/6.3.1/../../../../arm-none-eabi/lib/thumb/v7e-m\libc.a(lib_a-callocr.o)
                0x00406fdc                _calloc_r
 .text._malloc_trim_r
                0x0040703c       0xa0 c:/program files (x86)/atmel/studio/7.0/toolchain/arm/arm-gnu-toolchain/bin/../lib/gcc/arm-none-eabi/6.3.1/../../../../arm-none-eabi/lib/thumb/v7e-m\libc.a(lib_a-freer.o)
                0x0040703c                _malloc_trim_r
 .text._free_r  0x004070dc      0x1cc c:/program files (x86)/atmel/studio/7.0/toolchain/arm/arm-gnu-toolchain/bin/../lib/gcc/arm-none-eabi/6.3.1/../../../../arm-none-eabi/lib/thumb/v7e-m\libc.a(lib_a-freer.o)
                0x004070dc                _free_r
 .text.__ascii_mbtowc
                0x004072a8       0x2c c:/program files (x86)/atmel/studio/7.0/toolchain/arm/arm-gnu-toolchain/bin/../lib/gcc/arm-none-eabi/6.3.1/../../../../arm-none-eabi/lib/thumb/v7e-m\libc.a(lib_a-mbtowc_r.o)
                0x004072a8                __ascii_mbtowc
 .text.memmove  0x004072d4       0xc8 c:/program files (x86)/atmel/studio/7.0/toolchain/arm/arm-gnu-toolchain/bin/../lib/gcc/arm-none-eabi/6.3.1/../../../../arm-none-eabi/lib/thumb/v7e-m\libc.a(lib_a-memmove.o)
                0x004072d4                memmove
 .text._realloc_r
                0x0040739c      0x34c c:/program files (x86)/atmel/studio/7.0/toolchain/arm/arm-gnu-toolchain/bin/../lib/gcc/arm-none-eabi/6.3.1/../../../../arm-none-eabi/lib/thumb/v7e-m\libc.a(lib_a-reallocr.o)
                0x0040739c                _realloc_r
 .text.__ascii_wctomb
                0x004076e8       0x1c c:/program files (x86)/atmel/studio/7.0/toolchain/arm/arm-gnu-toolchain/bin/../lib/gcc/arm-none-eabi/6.3.1/../../../../arm-none-eabi/lib/thumb/v7e-m\libc.a(lib_a-wctomb_r.o)
                0x004076e8                __ascii_wctomb
 .text          0x00407704      0x110 c:/program files (x86)/atmel/studio/7.0/toolchain/arm/arm-gnu-toolchain/bin/../lib/gcc/arm-none-eabi/6.3.1/thumb/v7e-m\libgcc.a(_arm_cmpdf2.o)
                0x00407704                __gtdf2
                0x00407704                __gedf2
                0x0040770c                __ltdf2
                0x0040770c                __ledf2
                0x00407714                __nedf2
                0x00407714                __eqdf2
                0x00407714                __cmpdf2
                0x00407790                __aeabi_cdrcmple
                0x004077a0                __aeabi_cdcmpeq
                0x004077a0                __aeabi_cdcmple
                0x004077b0                __aeabi_dcmpeq
                0x004077c4                __aeabi_dcmplt
                0x004077d8                __aeabi_dcmple
                0x004077ec                __aeabi_dcmpge
                0x00407800                __aeabi_dcmpgt
 .text          0x00407814       0x2c c:/program files (x86)/atmel/studio/7.0/toolchain/arm/arm-gnu-toolchain/bin/../lib/gcc/arm-none-eabi/6.3.1/thumb/v7e-m\libgcc.a(_arm_unorddf2.o)
                0x00407814                __unorddf2
                0x00407814                __aeabi_dcmpun
 .text          0x00407840       0x50 c:/program files (x86)/atmel/studio/7.0/toolchain/arm/arm-gnu-toolchain/bin/../lib/gcc/arm-none-eabi/6.3.1/thumb/v7e-m\libgcc.a(_arm_fixdfsi.o)
                0x00407840                __aeabi_d2iz
                0x00407840                __fixdfsi
 .text          0x00407890       0x30 c:/program files (x86)/atmel/studio/7.0/toolchain/arm/arm-gnu-toolchain/bin/../lib/gcc/arm-none-eabi/6.3.1/thumb/v7e-m\libgcc.a(_aeabi_uldivmod.o)
                0x00407890                __aeabi_uldivmod
 .text          0x004078c0      0x2dc c:/program files (x86)/atmel/studio/7.0/toolchain/arm/arm-gnu-toolchain/bin/../lib/gcc/arm-none-eabi/6.3.1/thumb/v7e-m\libgcc.a(_udivmoddi4.o)
                0x004078c0                __udivmoddi4
 .text          0x00407b9c        0x4 c:/program files (x86)/atmel/studio/7.0/toolchain/arm/arm-gnu-toolchain/bin/../lib/gcc/arm-none-eabi/6.3.1/thumb/v7e-m\libgcc.a(_dvmd_tls.o)
                0x00407b9c                __aeabi_idiv0
                0x00407b9c                __aeabi_ldiv0
 *(.glue_7t)
 .glue_7t       0x00407ba0        0x0 linker stubs
 *(.glue_7)
 .glue_7        0x00407ba0        0x0 linker stubs
 *(.rodata .rodata* .gnu.linkonce.r.*)
 .rodata.image_data_calibri_36_0x20
                0x00407ba0      0x378 src/main.o
 .rodata.calibri_36_0x20
                0x00407f18       0x10 src/main.o
 .rodata.image_data_calibri_36_0x21
                0x00407f28      0x534 src/main.o
 .rodata.calibri_36_0x21
                0x0040845c       0x10 src/main.o
 .rodata.image_data_calibri_36_0x22
                0x0040846c      0x612 src/main.o
 *fill*         0x00408a7e        0x2 
 .rodata.calibri_36_0x22
                0x00408a80       0x10 src/main.o
 .rodata.image_data_calibri_36_0x23
                0x00408a90      0x7ce src/main.o
 *fill*         0x0040925e        0x2 
 .rodata.calibri_36_0x23
                0x00409260       0x10 src/main.o
 .rodata.image_data_calibri_36_0x24
                0x00409270      0x7ce src/main.o
 *fill*         0x00409a3e        0x2 
 .rodata.calibri_36_0x24
                0x00409a40       0x10 src/main.o
 .rodata.image_data_calibri_36_0x25
                0x00409a50      0xb46 src/main.o
 *fill*         0x0040a596        0x2 
 .rodata.calibri_36_0x25
                0x0040a598       0x10 src/main.o
 .rodata.image_data_calibri_36_0x26
                0x0040a5a8      0xad7 src/main.o
 *fill*         0x0040b07f        0x1 
 .rodata.calibri_36_0x26
                0x0040b080       0x10 src/main.o
 .rodata.image_data_calibri_36_0x27
                0x0040b090      0x378 src/main.o
 .rodata.calibri_36_0x27
                0x0040b408       0x10 src/main.o
 .rodata.image_data_calibri_36_0x28
                0x0040b418      0x4c5 src/main.o
 *fill*         0x0040b8dd        0x3 
 .rodata.calibri_36_0x28
                0x0040b8e0       0x10 src/main.o
 .rodata.image_data_calibri_36_0x29
                0x0040b8f0      0x4c5 src/main.o
 *fill*         0x0040bdb5        0x3 
 .rodata.calibri_36_0x29
                0x0040bdb8       0x10 src/main.o
 .rodata.image_data_calibri_36_0x2a
                0x0040bdc8      0x7ce src/main.o
 *fill*         0x0040c596        0x2 
 .rodata.calibri_36_0x2a
                0x0040c598       0x10 src/main.o
 .rodata.image_data_calibri_36_0x2b
                0x0040c5a8      0x7ce src/main.o
 *fill*         0x0040cd76        0x2 
 .rodata.calibri_36_0x2b
                0x0040cd78       0x10 src/main.o
 .rodata.image_data_calibri_36_0x2c
                0x0040cd88      0x3e7 src/main.o
 *fill*         0x0040d16f        0x1 
 .rodata.calibri_36_0x2c
                0x0040d170       0x10 src/main.o
 .rodata.image_data_calibri_36_0x2d
                0x0040d180      0x4c5 src/main.o
 *fill*         0x0040d645        0x3 
 .rodata.calibri_36_0x2d
                0x0040d648       0x10 src/main.o
 .rodata.image_data_calibri_36_0x2e
                0x0040d658      0x3e7 src/main.o
 *fill*         0x0040da3f        0x1 
 .rodata.calibri_36_0x2e
                0x0040da40       0x10 src/main.o
 .rodata.image_data_calibri_36_0x2f
                0x0040da50      0x612 src/main.o
 *fill*         0x0040e062        0x2 
 .rodata.calibri_36_0x2f
                0x0040e064       0x10 src/main.o
 .rodata.image_data_calibri_36_0x30
                0x0040e074      0x7ce src/main.o
 *fill*         0x0040e842        0x2 
 .rodata.calibri_36_0x30
                0x0040e844       0x10 src/main.o
 .rodata.image_data_calibri_36_0x31
                0x0040e854      0x7ce src/main.o
 *fill*         0x0040f022        0x2 
 .rodata.calibri_36_0x31
                0x0040f024       0x10 src/main.o
 .rodata.image_data_calibri_36_0x32
                0x0040f034      0x7ce src/main.o
 *fill*         0x0040f802        0x2 
 .rodata.calibri_36_0x32
                0x0040f804       0x10 src/main.o
 .rodata.image_data_calibri_36_0x33
                0x0040f814      0x7ce src/main.o
 *fill*         0x0040ffe2        0x2 
 .rodata.calibri_36_0x33
                0x0040ffe4       0x10 src/main.o
 .rodata.image_data_calibri_36_0x34
                0x0040fff4      0x7ce src/main.o
 *fill*         0x004107c2        0x2 
 .rodata.calibri_36_0x34
                0x004107c4       0x10 src/main.o
 .rodata.image_data_calibri_36_0x35
                0x004107d4      0x7ce src/main.o
 *fill*         0x00410fa2        0x2 
 .rodata.calibri_36_0x35
                0x00410fa4       0x10 src/main.o
 .rodata.image_data_calibri_36_0x36
                0x00410fb4      0x7ce src/main.o
 *fill*         0x00411782        0x2 
 .rodata.calibri_36_0x36
                0x00411784       0x10 src/main.o
 .rodata.image_data_calibri_36_0x37
                0x00411794      0x7ce src/main.o
 *fill*         0x00411f62        0x2 
 .rodata.calibri_36_0x37
                0x00411f64       0x10 src/main.o
 .rodata.image_data_calibri_36_0x38
                0x00411f74      0x7ce src/main.o
 *fill*         0x00412742        0x2 
 .rodata.calibri_36_0x38
                0x00412744       0x10 src/main.o
 .rodata.image_data_calibri_36_0x39
                0x00412754      0x7ce src/main.o
 *fill*         0x00412f22        0x2 
 .rodata.calibri_36_0x39
                0x00412f24       0x10 src/main.o
 .rodata.image_data_calibri_36_0x3a
                0x00412f34      0x456 src/main.o
 *fill*         0x0041338a        0x2 
 .rodata.calibri_36_0x3a
                0x0041338c       0x10 src/main.o
 .rodata.image_data_calibri_36_0x3b
                0x0041339c      0x456 src/main.o
 *fill*         0x004137f2        0x2 
 .rodata.calibri_36_0x3b
                0x004137f4       0x10 src/main.o
 .rodata.image_data_calibri_36_0x3c
                0x00413804      0x7ce src/main.o
 *fill*         0x00413fd2        0x2 
 .rodata.calibri_36_0x3c
                0x00413fd4       0x10 src/main.o
 .rodata.image_data_calibri_36_0x3d
                0x00413fe4      0x7ce src/main.o
 *fill*         0x004147b2        0x2 
 .rodata.calibri_36_0x3d
                0x004147b4       0x10 src/main.o
 .rodata.image_data_calibri_36_0x3e
                0x004147c4      0x7ce src/main.o
 *fill*         0x00414f92        0x2 
 .rodata.calibri_36_0x3e
                0x00414f94       0x10 src/main.o
 .rodata.image_data_calibri_36_0x3f
                0x00414fa4      0x75f src/main.o
 *fill*         0x00415703        0x1 
 .rodata.calibri_36_0x3f
                0x00415704       0x10 src/main.o
 .rodata.image_data_calibri_36_0x40
                0x00415714      0xde0 src/main.o
 .rodata.calibri_36_0x40
                0x004164f4       0x10 src/main.o
 .rodata.image_data_calibri_36_0x41
                0x00416504      0x91b src/main.o
 *fill*         0x00416e1f        0x1 
 .rodata.calibri_36_0x41
                0x00416e20       0x10 src/main.o
 .rodata.image_data_calibri_36_0x42
                0x00416e30      0x8ac src/main.o
 .rodata.calibri_36_0x42
                0x004176dc       0x10 src/main.o
 .rodata.image_data_calibri_36_0x43
                0x004176ec      0x83d src/main.o
 *fill*         0x00417f29        0x3 
 .rodata.calibri_36_0x43
                0x00417f2c       0x10 src/main.o
 .rodata.image_data_calibri_36_0x44
                0x00417f3c      0x98a src/main.o
 *fill*         0x004188c6        0x2 
 .rodata.calibri_36_0x44
                0x004188c8       0x10 src/main.o
 .rodata.image_data_calibri_36_0x45
                0x004188d8      0x7ce src/main.o
 *fill*         0x004190a6        0x2 
 .rodata.calibri_36_0x45
                0x004190a8       0x10 src/main.o
 .rodata.image_data_calibri_36_0x46
                0x004190b8      0x75f src/main.o
 *fill*         0x00419817        0x1 
 .rodata.calibri_36_0x46
                0x00419818       0x10 src/main.o
 .rodata.image_data_calibri_36_0x47
                0x00419828      0x9f9 src/main.o
 *fill*         0x0041a221        0x3 
 .rodata.calibri_36_0x47
                0x0041a224       0x10 src/main.o
 .rodata.image_data_calibri_36_0x48
                0x0041a234      0x98a src/main.o
 *fill*         0x0041abbe        0x2 
 .rodata.calibri_36_0x48
                0x0041abc0       0x10 src/main.o
 .rodata.image_data_calibri_36_0x49
                0x0041abd0      0x3e7 src/main.o
 *fill*         0x0041afb7        0x1 
 .rodata.calibri_36_0x49
                0x0041afb8       0x10 src/main.o
 .rodata.image_data_calibri_36_0x4a
                0x0041afc8      0x4c5 src/main.o
 *fill*         0x0041b48d        0x3 
 .rodata.calibri_36_0x4a
                0x0041b490       0x10 src/main.o
 .rodata.image_data_calibri_36_0x4b
                0x0041b4a0      0x83d src/main.o
 *fill*         0x0041bcdd        0x3 
 .rodata.calibri_36_0x4b
                0x0041bce0       0x10 src/main.o
 .rodata.image_data_calibri_36_0x4c
                0x0041bcf0      0x681 src/main.o
 *fill*         0x0041c371        0x3 
 .rodata.calibri_36_0x4c
                0x0041c374       0x10 src/main.o
 .rodata.image_data_calibri_36_0x4d
                0x0041c384      0xd71 src/main.o
 *fill*         0x0041d0f5        0x3 
 .rodata.calibri_36_0x4d
                0x0041d0f8       0x10 src/main.o
 .rodata.image_data_calibri_36_0x4e
                0x0041d108      0x9f9 src/main.o
 *fill*         0x0041db01        0x3 
 .rodata.calibri_36_0x4e
                0x0041db04       0x10 src/main.o
 .rodata.image_data_calibri_36_0x4f
                0x0041db14      0xa68 src/main.o
 .rodata.calibri_36_0x4f
                0x0041e57c       0x10 src/main.o
 .rodata.image_data_calibri_36_0x50
                0x0041e58c      0x83d src/main.o
 *fill*         0x0041edc9        0x3 
 .rodata.calibri_36_0x50
                0x0041edcc       0x10 src/main.o
 .rodata.image_data_calibri_36_0x51
                0x0041eddc      0xad7 src/main.o
 *fill*         0x0041f8b3        0x1 
 .rodata.calibri_36_0x51
                0x0041f8b4       0x10 src/main.o
 .rodata.image_data_calibri_36_0x52
                0x0041f8c4      0x8ac src/main.o
 .rodata.calibri_36_0x52
                0x00420170       0x10 src/main.o
 .rodata.image_data_calibri_36_0x53
                0x00420180      0x75f src/main.o
 *fill*         0x004208df        0x1 
 .rodata.calibri_36_0x53
                0x004208e0       0x10 src/main.o
 .rodata.image_data_calibri_36_0x54
                0x004208f0      0x7ce src/main.o
 *fill*         0x004210be        0x2 
 .rodata.calibri_36_0x54
                0x004210c0       0x10 src/main.o
 .rodata.image_data_calibri_36_0x55
                0x004210d0      0x9f9 src/main.o
 *fill*         0x00421ac9        0x3 
 .rodata.calibri_36_0x55
                0x00421acc       0x10 src/main.o
 .rodata.image_data_calibri_36_0x56
                0x00421adc      0x8ac src/main.o
 .rodata.calibri_36_0x56
                0x00422388       0x10 src/main.o
 .rodata.image_data_calibri_36_0x57
                0x00422398      0xde0 src/main.o
 .rodata.calibri_36_0x57
                0x00423178       0x10 src/main.o
 .rodata.image_data_calibri_36_0x58
                0x00423188      0x83d src/main.o
 *fill*         0x004239c5        0x3 
 .rodata.calibri_36_0x58
                0x004239c8       0x10 src/main.o
 .rodata.image_data_calibri_36_0x59
                0x004239d8      0x7ce src/main.o
 *fill*         0x004241a6        0x2 
 .rodata.calibri_36_0x59
                0x004241a8       0x10 src/main.o
 .rodata.image_data_calibri_36_0x5a
                0x004241b8      0x75f src/main.o
 *fill*         0x00424917        0x1 
 .rodata.calibri_36_0x5a
                0x00424918       0x10 src/main.o
 .rodata.image_data_calibri_36_0x5b
                0x00424928      0x4c5 src/main.o
 *fill*         0x00424ded        0x3 
 .rodata.calibri_36_0x5b
                0x00424df0       0x10 src/main.o
 .rodata.image_data_calibri_36_0x5c
                0x00424e00      0x612 src/main.o
 *fill*         0x00425412        0x2 
 .rodata.calibri_36_0x5c
                0x00425414       0x10 src/main.o
 .rodata.image_data_calibri_36_0x5d
                0x00425424      0x4c5 src/main.o
 *fill*         0x004258e9        0x3 
 .rodata.calibri_36_0x5d
                0x004258ec       0x10 src/main.o
 .rodata.image_data_calibri_36_0x5e
                0x004258fc      0x7ce src/main.o
 *fill*         0x004260ca        0x2 
 .rodata.calibri_36_0x5e
                0x004260cc       0x10 src/main.o
 .rodata.image_data_calibri_36_0x5f
                0x004260dc      0x7ce src/main.o
 *fill*         0x004268aa        0x2 
 .rodata.calibri_36_0x5f
                0x004268ac       0x10 src/main.o
 .rodata.image_data_calibri_36_0x60
                0x004268bc      0x456 src/main.o
 *fill*         0x00426d12        0x2 
 .rodata.calibri_36_0x60
                0x00426d14       0x10 src/main.o
 .rodata.image_data_calibri_36_0x61
                0x00426d24      0x75f src/main.o
 *fill*         0x00427483        0x1 
 .rodata.calibri_36_0x61
                0x00427484       0x10 src/main.o
 .rodata.image_data_calibri_36_0x62
                0x00427494      0x83d src/main.o
 *fill*         0x00427cd1        0x3 
 .rodata.calibri_36_0x62
                0x00427cd4       0x10 src/main.o
 .rodata.image_data_calibri_36_0x63
                0x00427ce4      0x681 src/main.o
 *fill*         0x00428365        0x3 
 .rodata.calibri_36_0x63
                0x00428368       0x10 src/main.o
 .rodata.image_data_calibri_36_0x64
                0x00428378      0x83d src/main.o
 *fill*         0x00428bb5        0x3 
 .rodata.calibri_36_0x64
                0x00428bb8       0x10 src/main.o
 .rodata.image_data_calibri_36_0x65
                0x00428bc8      0x7ce src/main.o
 *fill*         0x00429396        0x2 
 .rodata.calibri_36_0x65
                0x00429398       0x10 src/main.o
 .rodata.image_data_calibri_36_0x66
                0x004293a8      0x4c5 src/main.o
 *fill*         0x0042986d        0x3 
 .rodata.calibri_36_0x66
                0x00429870       0x10 src/main.o
 .rodata.image_data_calibri_36_0x67
                0x00429880      0x75f src/main.o
 *fill*         0x00429fdf        0x1 
 .rodata.calibri_36_0x67
                0x00429fe0       0x10 src/main.o
 .rodata.image_data_calibri_36_0x68
                0x00429ff0      0x83d src/main.o
 *fill*         0x0042a82d        0x3 
 .rodata.calibri_36_0x68
                0x0042a830       0x10 src/main.o
 .rodata.image_data_calibri_36_0x69
                0x0042a840      0x378 src/main.o
 .rodata.calibri_36_0x69
                0x0042abb8       0x10 src/main.o
 .rodata.image_data_calibri_36_0x6a
                0x0042abc8      0x3e7 src/main.o
 *fill*         0x0042afaf        0x1 
 .rodata.calibri_36_0x6a
                0x0042afb0       0x10 src/main.o
 .rodata.image_data_calibri_36_0x6b
                0x0042afc0      0x6f0 src/main.o
 .rodata.calibri_36_0x6b
                0x0042b6b0       0x10 src/main.o
 .rodata.image_data_calibri_36_0x6c
                0x0042b6c0      0x378 src/main.o
 .rodata.calibri_36_0x6c
                0x0042ba38       0x10 src/main.o
 .rodata.image_data_calibri_36_0x6d
                0x0042ba48      0xc93 src/main.o
 *fill*         0x0042c6db        0x1 
 .rodata.calibri_36_0x6d
                0x0042c6dc       0x10 src/main.o
 .rodata.image_data_calibri_36_0x6e
                0x0042c6ec      0x83d src/main.o
 *fill*         0x0042cf29        0x3 
 .rodata.calibri_36_0x6e
                0x0042cf2c       0x10 src/main.o
 .rodata.image_data_calibri_36_0x6f
                0x0042cf3c      0x83d src/main.o
 *fill*         0x0042d779        0x3 
 .rodata.calibri_36_0x6f
                0x0042d77c       0x10 src/main.o
 .rodata.image_data_calibri_36_0x70
                0x0042d78c      0x83d src/main.o
 *fill*         0x0042dfc9        0x3 
 .rodata.calibri_36_0x70
                0x0042dfcc       0x10 src/main.o
 .rodata.image_data_calibri_36_0x71
                0x0042dfdc      0x83d src/main.o
 *fill*         0x0042e819        0x3 
 .rodata.calibri_36_0x71
                0x0042e81c       0x10 src/main.o
 .rodata.image_data_calibri_36_0x72
                0x0042e82c      0x5a3 src/main.o
 *fill*         0x0042edcf        0x1 
 .rodata.calibri_36_0x72
                0x0042edd0       0x10 src/main.o
 .rodata.image_data_calibri_36_0x73
                0x0042ede0      0x612 src/main.o
 *fill*         0x0042f3f2        0x2 
 .rodata.calibri_36_0x73
                0x0042f3f4       0x10 src/main.o
 .rodata.image_data_calibri_36_0x74
                0x0042f404      0x534 src/main.o
 .rodata.calibri_36_0x74
                0x0042f938       0x10 src/main.o
 .rodata.image_data_calibri_36_0x75
                0x0042f948      0x83d src/main.o
 *fill*         0x00430185        0x3 
 .rodata.calibri_36_0x75
                0x00430188       0x10 src/main.o
 .rodata.image_data_calibri_36_0x76
                0x00430198      0x6f0 src/main.o
 .rodata.calibri_36_0x76
                0x00430888       0x10 src/main.o
 .rodata.image_data_calibri_36_0x77
                0x00430898      0xb46 src/main.o
 *fill*         0x004313de        0x2 
 .rodata.calibri_36_0x77
                0x004313e0       0x10 src/main.o
 .rodata.image_data_calibri_36_0x78
                0x004313f0      0x6f0 src/main.o
 .rodata.calibri_36_0x78
                0x00431ae0       0x10 src/main.o
 .rodata.image_data_calibri_36_0x79
                0x00431af0      0x6f0 src/main.o
 .rodata.calibri_36_0x79
                0x004321e0       0x10 src/main.o
 .rodata.image_data_calibri_36_0x7a
                0x004321f0      0x612 src/main.o
 *fill*         0x00432802        0x2 
 .rodata.calibri_36_0x7a
                0x00432804       0x10 src/main.o
 .rodata.image_data_calibri_36_0x7b
                0x00432814      0x4c5 src/main.o
 *fill*         0x00432cd9        0x3 
 .rodata.calibri_36_0x7b
                0x00432cdc       0x10 src/main.o
 .rodata.image_data_calibri_36_0x7c
                0x00432cec      0x75f src/main.o
 *fill*         0x0043344b        0x1 
 .rodata.calibri_36_0x7c
                0x0043344c       0x10 src/main.o
 .rodata.image_data_calibri_36_0x7d
                0x0043345c      0x4c5 src/main.o
 *fill*         0x00433921        0x3 
 .rodata.calibri_36_0x7d
                0x00433924       0x10 src/main.o
 .rodata.image_data_calibri_36_0x7e
                0x00433934      0x7ce src/main.o
 *fill*         0x00434102        0x2 
 .rodata.calibri_36_0x7e
                0x00434104       0x10 src/main.o
 .rodata.calibri_36_array
                0x00434114      0x2f8 src/main.o
 .rodata.calibri_36
                0x0043440c        0xc src/main.o
                0x0043440c                calibri_36
 .rodata        0x00434418       0x43 src/main.o
 *fill*         0x0043445b        0x1 
 .rodata._global_impure_ptr
                0x0043445c        0x4 c:/program files (x86)/atmel/studio/7.0/toolchain/arm/arm-gnu-toolchain/bin/../lib/gcc/arm-none-eabi/6.3.1/../../../../arm-none-eabi/lib/thumb/v7e-m\libc.a(lib_a-impure.o)
                0x0043445c                _global_impure_ptr
 .rodata._svfprintf_r.str1.4
                0x00434460       0x42 c:/program files (x86)/atmel/studio/7.0/toolchain/arm/arm-gnu-toolchain/bin/../lib/gcc/arm-none-eabi/6.3.1/../../../../arm-none-eabi/lib/thumb/v7e-m\libc.a(lib_a-svfprintf.o)
 *fill*         0x004344a2        0x2 
 .rodata.blanks.7223
                0x004344a4       0x10 c:/program files (x86)/atmel/studio/7.0/toolchain/arm/arm-gnu-toolchain/bin/../lib/gcc/arm-none-eabi/6.3.1/../../../../arm-none-eabi/lib/thumb/v7e-m\libc.a(lib_a-svfprintf.o)
 .rodata.zeroes.7224
                0x004344b4       0x10 c:/program files (x86)/atmel/studio/7.0/toolchain/arm/arm-gnu-toolchain/bin/../lib/gcc/arm-none-eabi/6.3.1/../../../../arm-none-eabi/lib/thumb/v7e-m\libc.a(lib_a-svfprintf.o)
 .rodata._dtoa_r.str1.4
                0x004344c4       0x10 c:/program files (x86)/atmel/studio/7.0/toolchain/arm/arm-gnu-toolchain/bin/../lib/gcc/arm-none-eabi/6.3.1/../../../../arm-none-eabi/lib/thumb/v7e-m\libc.a(lib_a-dtoa.o)
                                 0x12 (size before relaxing)
 *fill*         0x004344d4        0x4 
 .rodata.__mprec_bigtens
                0x004344d8       0x28 c:/program files (x86)/atmel/studio/7.0/toolchain/arm/arm-gnu-toolchain/bin/../lib/gcc/arm-none-eabi/6.3.1/../../../../arm-none-eabi/lib/thumb/v7e-m\libc.a(lib_a-mprec.o)
                0x004344d8                __mprec_bigtens
 .rodata.__mprec_tens
                0x00434500       0xc8 c:/program files (x86)/atmel/studio/7.0/toolchain/arm/arm-gnu-toolchain/bin/../lib/gcc/arm-none-eabi/6.3.1/../../../../arm-none-eabi/lib/thumb/v7e-m\libc.a(lib_a-mprec.o)
                0x00434500                __mprec_tens
 .rodata.p05.6055
                0x004345c8        0xc c:/program files (x86)/atmel/studio/7.0/toolchain/arm/arm-gnu-toolchain/bin/../lib/gcc/arm-none-eabi/6.3.1/../../../../arm-none-eabi/lib/thumb/v7e-m\libc.a(lib_a-mprec.o)
 .rodata._setlocale_r.str1.4
                0x004345d4        0xa c:/program files (x86)/atmel/studio/7.0/toolchain/arm/arm-gnu-toolchain/bin/../lib/gcc/arm-none-eabi/6.3.1/../../../../arm-none-eabi/lib/thumb/v7e-m\libc.a(lib_a-locale.o)
                                  0xd (size before relaxing)
 *fill*         0x004345de        0x2 
 .rodata.str1.4
                0x004345e0        0x4 c:/program files (x86)/atmel/studio/7.0/toolchain/arm/arm-gnu-toolchain/bin/../lib/gcc/arm-none-eabi/6.3.1/../../../../arm-none-eabi/lib/thumb/v7e-m\libc.a(lib_a-locale.o)
                                  0x2 (size before relaxing)
 .rodata._ctype_
                0x004345e4      0x101 c:/program files (x86)/atmel/studio/7.0/toolchain/arm/arm-gnu-toolchain/bin/../lib/gcc/arm-none-eabi/6.3.1/../../../../arm-none-eabi/lib/thumb/v7e-m\libc.a(lib_a-ctype_.o)
                0x004345e4                _ctype_
 *(.ARM.extab* .gnu.linkonce.armextab.*)
                0x004346e8                . = ALIGN (0x4)
 *fill*         0x004346e5        0x3 
 *(.init)
 .init          0x004346e8        0x4 c:/program files (x86)/atmel/studio/7.0/toolchain/arm/arm-gnu-toolchain/bin/../lib/gcc/arm-none-eabi/6.3.1/thumb/v7e-m/crti.o
                0x004346e8                _init
 .init          0x004346ec        0x8 c:/program files (x86)/atmel/studio/7.0/toolchain/arm/arm-gnu-toolchain/bin/../lib/gcc/arm-none-eabi/6.3.1/thumb/v7e-m/crtn.o
                0x004346f4                . = ALIGN (0x4)
                0x004346f4                __preinit_array_start = .
 *(.preinit_array)
                0x004346f4                __preinit_array_end = .
                0x004346f4                . = ALIGN (0x4)
                0x004346f4                __init_array_start = .
 *(SORT(.init_array.*))
 .init_array.00000
                0x004346f4        0x4 c:/program files (x86)/atmel/studio/7.0/toolchain/arm/arm-gnu-toolchain/bin/../lib/gcc/arm-none-eabi/6.3.1/../../../../arm-none-eabi/lib/thumb/v7e-m\libc.a(lib_a-__call_atexit.o)
 *(.init_array)
 .init_array    0x004346f8        0x4 c:/program files (x86)/atmel/studio/7.0/toolchain/arm/arm-gnu-toolchain/bin/../lib/gcc/arm-none-eabi/6.3.1/thumb/v7e-m/crtbegin.o
                0x004346fc                __init_array_end = .
                0x004346fc                . = ALIGN (0x4)
 *crtbegin.o(.ctors)
 *(EXCLUDE_FILE(*crtend.o) .ctors)
 *(SORT(.ctors.*))
 *crtend.o(.ctors)
                0x004346fc                . = ALIGN (0x4)
 *(.fini)
 .fini          0x004346fc        0x4 c:/program files (x86)/atmel/studio/7.0/toolchain/arm/arm-gnu-toolchain/bin/../lib/gcc/arm-none-eabi/6.3.1/thumb/v7e-m/crti.o
                0x004346fc                _fini
 .fini          0x00434700        0x8 c:/program files (x86)/atmel/studio/7.0/toolchain/arm/arm-gnu-toolchain/bin/../lib/gcc/arm-none-eabi/6.3.1/thumb/v7e-m/crtn.o
                0x00434708                . = ALIGN (0x4)
                0x00434708                __fini_array_start = .
 *(.fini_array)
 .fini_array    0x00434708        0x4 c:/program files (x86)/atmel/studio/7.0/toolchain/arm/arm-gnu-toolchain/bin/../lib/gcc/arm-none-eabi/6.3.1/thumb/v7e-m/crtbegin.o
 *(SORT(.fini_array.*))
                0x0043470c                __fini_array_end = .
 *crtbegin.o(.dtors)
 *(EXCLUDE_FILE(*crtend.o) .dtors)
 *(SORT(.dtors.*))
 *crtend.o(.dtors)
                0x0043470c                . = ALIGN (0x4)
                0x0043470c                _efixed = .
                [!provide]                PROVIDE (__exidx_start, .)

.vfp11_veneer   0x0043470c        0x0
 .vfp11_veneer  0x0043470c        0x0 linker stubs

.v4_bx          0x0043470c        0x0
 .v4_bx         0x0043470c        0x0 linker stubs

.iplt           0x0043470c        0x0
 .iplt          0x0043470c        0x0 c:/program files (x86)/atmel/studio/7.0/toolchain/arm/arm-gnu-toolchain/bin/../lib/gcc/arm-none-eabi/6.3.1/thumb/v7e-m/crtbegin.o

.ARM.exidx      0x0043470c        0x8
 *(.ARM.exidx* .gnu.linkonce.armexidx.*)
 .ARM.exidx     0x0043470c        0x8 c:/program files (x86)/atmel/studio/7.0/toolchain/arm/arm-gnu-toolchain/bin/../lib/gcc/arm-none-eabi/6.3.1/thumb/v7e-m\libgcc.a(_udivmoddi4.o)
                [!provide]                PROVIDE (__exidx_end, .)

.eh_frame       0x00434714        0x0
 .eh_frame      0x00434714        0x0 c:/program files (x86)/atmel/studio/7.0/toolchain/arm/arm-gnu-toolchain/bin/../lib/gcc/arm-none-eabi/6.3.1/thumb/v7e-m/crtbegin.o

.rel.dyn        0x00434714        0x0
 .rel.iplt      0x00434714        0x0 c:/program files (x86)/atmel/studio/7.0/toolchain/arm/arm-gnu-toolchain/bin/../lib/gcc/arm-none-eabi/6.3.1/thumb/v7e-m/crtbegin.o

.jcr            0x00434714        0x0
 .jcr           0x00434714        0x0 c:/program files (x86)/atmel/studio/7.0/toolchain/arm/arm-gnu-toolchain/bin/../lib/gcc/arm-none-eabi/6.3.1/thumb/v7e-m/crtbegin.o

.igot.plt       0x00434714        0x0
 .igot.plt      0x00434714        0x0 c:/program files (x86)/atmel/studio/7.0/toolchain/arm/arm-gnu-toolchain/bin/../lib/gcc/arm-none-eabi/6.3.1/thumb/v7e-m/crtbegin.o
                0x00434714                . = ALIGN (0x4)
                0x00434714                _etext = .

.relocate       0x20400000      0x9c0 load address 0x00434714
                0x20400000                . = ALIGN (0x4)
                0x20400000                _srelocate = .
 *(.ramfunc .ramfunc.*)
 *(.data .data.*)
 .data.tempo    0x20400000        0x4 src/main.o
                0x20400000                tempo
 .data.calculo_tempo
                0x20400004        0x4 src/main.o
                0x20400004                calculo_tempo
 .data.g_interrupt_enabled
                0x20400008        0x1 src/ASF/common/utils/interrupt/interrupt_sam_nvic.o
                0x20400008                g_interrupt_enabled
 *fill*         0x20400009        0x3 
 .data.SystemCoreClock
                0x2040000c        0x4 src/ASF/sam/utils/cmsis/same70/source/templates/system_same70.o
                0x2040000c                SystemCoreClock
 .data._impure_ptr
                0x20400010        0x4 c:/program files (x86)/atmel/studio/7.0/toolchain/arm/arm-gnu-toolchain/bin/../lib/gcc/arm-none-eabi/6.3.1/../../../../arm-none-eabi/lib/thumb/v7e-m\libc.a(lib_a-impure.o)
                0x20400010                _impure_ptr
 *fill*         0x20400014        0x4 
 .data.impure_data
                0x20400018      0x428 c:/program files (x86)/atmel/studio/7.0/toolchain/arm/arm-gnu-toolchain/bin/../lib/gcc/arm-none-eabi/6.3.1/../../../../arm-none-eabi/lib/thumb/v7e-m\libc.a(lib_a-impure.o)
 .data.__atexit_recursive_mutex
                0x20400440        0x4 c:/program files (x86)/atmel/studio/7.0/toolchain/arm/arm-gnu-toolchain/bin/../lib/gcc/arm-none-eabi/6.3.1/../../../../arm-none-eabi/lib/thumb/v7e-m\libc.a(lib_a-__call_atexit.o)
                0x20400440                __atexit_recursive_mutex
 .data.__malloc_av_
                0x20400444      0x408 c:/program files (x86)/atmel/studio/7.0/toolchain/arm/arm-gnu-toolchain/bin/../lib/gcc/arm-none-eabi/6.3.1/../../../../arm-none-eabi/lib/thumb/v7e-m\libc.a(lib_a-mallocr.o)
                0x20400444                __malloc_av_
 .data.__malloc_sbrk_base
                0x2040084c        0x4 c:/program files (x86)/atmel/studio/7.0/toolchain/arm/arm-gnu-toolchain/bin/../lib/gcc/arm-none-eabi/6.3.1/../../../../arm-none-eabi/lib/thumb/v7e-m\libc.a(lib_a-mallocr.o)
                0x2040084c                __malloc_sbrk_base
 .data.__malloc_trim_threshold
                0x20400850        0x4 c:/program files (x86)/atmel/studio/7.0/toolchain/arm/arm-gnu-toolchain/bin/../lib/gcc/arm-none-eabi/6.3.1/../../../../arm-none-eabi/lib/thumb/v7e-m\libc.a(lib_a-mallocr.o)
                0x20400850                __malloc_trim_threshold
 .data.__global_locale
                0x20400854      0x16c c:/program files (x86)/atmel/studio/7.0/toolchain/arm/arm-gnu-toolchain/bin/../lib/gcc/arm-none-eabi/6.3.1/../../../../arm-none-eabi/lib/thumb/v7e-m\libc.a(lib_a-locale.o)
                0x20400854                __global_locale
                0x204009c0                . = ALIGN (0x4)
                0x204009c0                _erelocate = .

.bss            0x204009c0      0x53c load address 0x004350d4
                0x204009c0                . = ALIGN (0x4)
                0x204009c0                _sbss = .
                0x204009c0                _szero = .
 *(.bss .bss.*)
 .bss           0x204009c0       0x1c c:/program files (x86)/atmel/studio/7.0/toolchain/arm/arm-gnu-toolchain/bin/../lib/gcc/arm-none-eabi/6.3.1/thumb/v7e-m/crtbegin.o
 .bss.g_wobits_in_rtt_mr
                0x204009dc        0x4 src/ASF/sam/drivers/rtt/rtt.o
 .bss.f_rtt_alarme
                0x204009e0        0x1 src/main.o
                0x204009e0                f_rtt_alarme
 *fill*         0x204009e1        0x3 
 .bss.contador_roda
                0x204009e4        0x4 src/main.o
                0x204009e4                contador_roda
 .bss.calc_w    0x204009e8        0x4 src/main.o
                0x204009e8                calc_w
 .bss.vel       0x204009ec        0x4 src/main.o
                0x204009ec                vel
 .bss.contador_roda_total
                0x204009f0        0x4 src/main.o
                0x204009f0                contador_roda_total
 .bss.distancia
                0x204009f4        0x4 src/main.o
                0x204009f4                distancia
 .bss.g_ul_pixel_cache
                0x204009f8      0x3c0 src/ASF/sam/components/display/ili9488/ili9488.o
 .bss.gs_interrupt_sources
                0x20400db8       0x70 src/ASF/sam/drivers/pio/pio_handler.o
 .bss.gs_ul_nb_sources
                0x20400e28        0x4 src/ASF/sam/drivers/pio/pio_handler.o
 .bss.heap.6420
                0x20400e2c        0x4 src/ASF/sam/utils/syscalls/gcc/syscalls.o
 .bss.__malloc_current_mallinfo
                0x20400e30       0x28 c:/program files (x86)/atmel/studio/7.0/toolchain/arm/arm-gnu-toolchain/bin/../lib/gcc/arm-none-eabi/6.3.1/../../../../arm-none-eabi/lib/thumb/v7e-m\libc.a(lib_a-mallocr.o)
                0x20400e30                __malloc_current_mallinfo
 .bss.__malloc_max_sbrked_mem
                0x20400e58        0x4 c:/program files (x86)/atmel/studio/7.0/toolchain/arm/arm-gnu-toolchain/bin/../lib/gcc/arm-none-eabi/6.3.1/../../../../arm-none-eabi/lib/thumb/v7e-m\libc.a(lib_a-mallocr.o)
                0x20400e58                __malloc_max_sbrked_mem
 .bss.__malloc_max_total_mem
                0x20400e5c        0x4 c:/program files (x86)/atmel/studio/7.0/toolchain/arm/arm-gnu-toolchain/bin/../lib/gcc/arm-none-eabi/6.3.1/../../../../arm-none-eabi/lib/thumb/v7e-m\libc.a(lib_a-mallocr.o)
                0x20400e5c                __malloc_max_total_mem
 .bss.__malloc_top_pad
                0x20400e60        0x4 c:/program files (x86)/atmel/studio/7.0/toolchain/arm/arm-gnu-toolchain/bin/../lib/gcc/arm-none-eabi/6.3.1/../../../../arm-none-eabi/lib/thumb/v7e-m\libc.a(lib_a-mallocr.o)
                0x20400e60                __malloc_top_pad
 *(COMMON)
 COMMON         0x20400e64       0x70 src/main.o
                0x20400e64                distancia_string
                0x20400e84                tempo_string
                0x20400ea4                vel_string
                0x20400ec4                g_ili9488_display_opt
 COMMON         0x20400ed4       0x21 c:/program files (x86)/atmel/studio/7.0/toolchain/arm/arm-gnu-toolchain/bin/../lib/gcc/arm-none-eabi/6.3.1/../../../../arm-none-eabi/lib/thumb/v7e-m\libc.a(lib_a-lock.o)
                0x20400ed4                __lock___atexit_recursive_mutex
                0x20400ed8                __lock___arc4random_mutex
                0x20400edc                __lock___env_recursive_mutex
                0x20400ee0                __lock___sinit_recursive_mutex
                0x20400ee4                __lock___malloc_recursive_mutex
                0x20400ee8                __lock___at_quick_exit_mutex
                0x20400eec                __lock___dd_hash_mutex
                0x20400ef0                __lock___tz_mutex
                0x20400ef4                __lock___sfp_recursive_mutex
 *fill*         0x20400ef5        0x3 
 COMMON         0x20400ef8        0x4 c:/program files (x86)/atmel/studio/7.0/toolchain/arm/arm-gnu-toolchain/bin/../lib/gcc/arm-none-eabi/6.3.1/../../../../arm-none-eabi/lib/thumb/v7e-m\libc.a(lib_a-reent.o)
                0x20400ef8                errno
                0x20400efc                . = ALIGN (0x4)
                0x20400efc                _ebss = .
                0x20400efc                _ezero = .

.stack          0x20400efc     0x2004 load address 0x00435610
                0x20400f00                . = ALIGN (0x8)
 *fill*         0x20400efc        0x4 
                0x20400f00                _sstack = .
                0x20402f00                . = (. + STACK_SIZE)
 *fill*         0x20400f00     0x2000 
                0x20402f00                . = ALIGN (0x8)
                0x20402f00                _estack = .

.heap           0x20402f00      0x200 load address 0x00437614
                0x20402f00                . = ALIGN (0x8)
                0x20402f00                _sheap = .
                0x20403100                . = (. + HEAP_SIZE)
 *fill*         0x20402f00      0x200 
                0x20403100                . = ALIGN (0x8)
                0x20403100                _eheap = .
                0x20403100                . = ALIGN (0x4)
                0x20403100                _end = .
                0x2045ffff                _ram_end_ = ((ORIGIN (ram) + LENGTH (ram)) - 0x1)
OUTPUT(SAME70_FONTS.elf elf32-littlearm)

.ARM.attributes
                0x00000000       0x2e
 .ARM.attributes
                0x00000000       0x1e c:/program files (x86)/atmel/studio/7.0/toolchain/arm/arm-gnu-toolchain/bin/../lib/gcc/arm-none-eabi/6.3.1/thumb/v7e-m/crti.o
 .ARM.attributes
                0x0000001e       0x2e c:/program files (x86)/atmel/studio/7.0/toolchain/arm/arm-gnu-toolchain/bin/../lib/gcc/arm-none-eabi/6.3.1/thumb/v7e-m/crtbegin.o
 .ARM.attributes
                0x0000004c       0x37 src/ASF/sam/drivers/rtt/rtt.o
 .ARM.attributes
                0x00000083       0x37 src/main.o
 .ARM.attributes
                0x000000ba       0x37 src/ASF/common/services/spi/sam_spi/spi_master.o
 .ARM.attributes
                0x000000f1       0x37 src/ASF/sam/components/display/ili9488/ili9488.o
 .ARM.attributes
                0x00000128       0x37 src/ASF/sam/drivers/spi/spi.o
 .ARM.attributes
                0x0000015f       0x37 src/ASF/common/services/clock/same70/sysclk.o
 .ARM.attributes
                0x00000196       0x37 src/ASF/common/utils/interrupt/interrupt_sam_nvic.o
 .ARM.attributes
                0x000001cd       0x37 src/ASF/sam/boards/same70_xplained/init.o
 .ARM.attributes
                0x00000204       0x37 src/ASF/sam/drivers/pio/pio.o
 .ARM.attributes
                0x0000023b       0x37 src/ASF/sam/drivers/pio/pio_handler.o
 .ARM.attributes
                0x00000272       0x37 src/ASF/sam/drivers/pmc/pmc.o
 .ARM.attributes
                0x000002a9       0x37 src/ASF/sam/utils/cmsis/same70/source/templates/gcc/startup_same70.o
 .ARM.attributes
                0x000002e0       0x37 src/ASF/sam/utils/cmsis/same70/source/templates/system_same70.o
 .ARM.attributes
                0x00000317       0x37 src/ASF/sam/utils/syscalls/gcc/syscalls.o
 .ARM.attributes
                0x0000034e       0x1e c:/program files (x86)/atmel/studio/7.0/toolchain/arm/arm-gnu-toolchain/bin/../lib/gcc/arm-none-eabi/6.3.1/thumb/v7e-m\libgcc.a(_arm_addsubdf3.o)
 .ARM.attributes
                0x0000036c       0x1e c:/program files (x86)/atmel/studio/7.0/toolchain/arm/arm-gnu-toolchain/bin/../lib/gcc/arm-none-eabi/6.3.1/thumb/v7e-m\libgcc.a(_arm_muldivdf3.o)
 .ARM.attributes
                0x0000038a       0x1e c:/program files (x86)/atmel/studio/7.0/toolchain/arm/arm-gnu-toolchain/bin/../lib/gcc/arm-none-eabi/6.3.1/thumb/v7e-m\libgcc.a(_arm_truncdfsf2.o)
 .ARM.attributes
                0x000003a8       0x2e c:/program files (x86)/atmel/studio/7.0/toolchain/arm/arm-gnu-toolchain/bin/../lib/gcc/arm-none-eabi/6.3.1/../../../../arm-none-eabi/lib/thumb/v7e-m\libc.a(lib_a-impure.o)
 .ARM.attributes
                0x000003d6       0x2e c:/program files (x86)/atmel/studio/7.0/toolchain/arm/arm-gnu-toolchain/bin/../lib/gcc/arm-none-eabi/6.3.1/../../../../arm-none-eabi/lib/thumb/v7e-m\libc.a(lib_a-init.o)
 .ARM.attributes
                0x00000404       0x2e c:/program files (x86)/atmel/studio/7.0/toolchain/arm/arm-gnu-toolchain/bin/../lib/gcc/arm-none-eabi/6.3.1/../../../../arm-none-eabi/lib/thumb/v7e-m\libc.a(lib_a-memset.o)
 .ARM.attributes
                0x00000432       0x2e c:/program files (x86)/atmel/studio/7.0/toolchain/arm/arm-gnu-toolchain/bin/../lib/gcc/arm-none-eabi/6.3.1/../../../../arm-none-eabi/lib/thumb/v7e-m\libc.a(lib_a-sprintf.o)
 .ARM.attributes
                0x00000460       0x2e c:/program files (x86)/atmel/studio/7.0/toolchain/arm/arm-gnu-toolchain/bin/../lib/gcc/arm-none-eabi/6.3.1/../../../../arm-none-eabi/lib/thumb/v7e-m\libc.a(lib_a-svfprintf.o)
 .ARM.attributes
                0x0000048e       0x2e c:/program files (x86)/atmel/studio/7.0/toolchain/arm/arm-gnu-toolchain/bin/../lib/gcc/arm-none-eabi/6.3.1/../../../../arm-none-eabi/lib/thumb/v7e-m\libc.a(lib_a-__call_atexit.o)
 .ARM.attributes
                0x000004bc       0x2e c:/program files (x86)/atmel/studio/7.0/toolchain/arm/arm-gnu-toolchain/bin/../lib/gcc/arm-none-eabi/6.3.1/../../../../arm-none-eabi/lib/thumb/v7e-m\libc.a(lib_a-atexit.o)
 .ARM.attributes
                0x000004ea       0x2e c:/program files (x86)/atmel/studio/7.0/toolchain/arm/arm-gnu-toolchain/bin/../lib/gcc/arm-none-eabi/6.3.1/../../../../arm-none-eabi/lib/thumb/v7e-m\libc.a(lib_a-dtoa.o)
 .ARM.attributes
                0x00000518       0x2e c:/program files (x86)/atmel/studio/7.0/toolchain/arm/arm-gnu-toolchain/bin/../lib/gcc/arm-none-eabi/6.3.1/../../../../arm-none-eabi/lib/thumb/v7e-m\libc.a(lib_a-fini.o)
 .ARM.attributes
                0x00000546       0x2e c:/program files (x86)/atmel/studio/7.0/toolchain/arm/arm-gnu-toolchain/bin/../lib/gcc/arm-none-eabi/6.3.1/../../../../arm-none-eabi/lib/thumb/v7e-m\libc.a(lib_a-localeconv.o)
 .ARM.attributes
                0x00000574       0x2e c:/program files (x86)/atmel/studio/7.0/toolchain/arm/arm-gnu-toolchain/bin/../lib/gcc/arm-none-eabi/6.3.1/../../../../arm-none-eabi/lib/thumb/v7e-m\libc.a(lib_a-lock.o)
 .ARM.attributes
                0x000005a2       0x2e c:/program files (x86)/atmel/studio/7.0/toolchain/arm/arm-gnu-toolchain/bin/../lib/gcc/arm-none-eabi/6.3.1/../../../../arm-none-eabi/lib/thumb/v7e-m\libc.a(lib_a-mallocr.o)
 .ARM.attributes
                0x000005d0       0x1c c:/program files (x86)/atmel/studio/7.0/toolchain/arm/arm-gnu-toolchain/bin/../lib/gcc/arm-none-eabi/6.3.1/../../../../arm-none-eabi/lib/thumb/v7e-m\libc.a(lib_a-memchr.o)
 .ARM.attributes
                0x000005ec       0x1c c:/program files (x86)/atmel/studio/7.0/toolchain/arm/arm-gnu-toolchain/bin/../lib/gcc/arm-none-eabi/6.3.1/../../../../arm-none-eabi/lib/thumb/v7e-m\libc.a(lib_a-memcpy.o)
 .ARM.attributes
                0x00000608       0x2e c:/program files (x86)/atmel/studio/7.0/toolchain/arm/arm-gnu-toolchain/bin/../lib/gcc/arm-none-eabi/6.3.1/../../../../arm-none-eabi/lib/thumb/v7e-m\libc.a(lib_a-mlock.o)
 .ARM.attributes
                0x00000636       0x2e c:/program files (x86)/atmel/studio/7.0/toolchain/arm/arm-gnu-toolchain/bin/../lib/gcc/arm-none-eabi/6.3.1/../../../../arm-none-eabi/lib/thumb/v7e-m\libc.a(lib_a-mprec.o)
 .ARM.attributes
                0x00000664       0x2e c:/program files (x86)/atmel/studio/7.0/toolchain/arm/arm-gnu-toolchain/bin/../lib/gcc/arm-none-eabi/6.3.1/../../../../arm-none-eabi/lib/thumb/v7e-m\libc.a(lib_a-sbrkr.o)
 .ARM.attributes
                0x00000692       0x1c c:/program files (x86)/atmel/studio/7.0/toolchain/arm/arm-gnu-toolchain/bin/../lib/gcc/arm-none-eabi/6.3.1/../../../../arm-none-eabi/lib/thumb/v7e-m\libc.a(lib_a-strlen.o)
 .ARM.attributes
                0x000006ae       0x2e c:/program files (x86)/atmel/studio/7.0/toolchain/arm/arm-gnu-toolchain/bin/../lib/gcc/arm-none-eabi/6.3.1/../../../../arm-none-eabi/lib/thumb/v7e-m\libc.a(lib_a-svfiprintf.o)
 .ARM.attributes
                0x000006dc       0x2e c:/program files (x86)/atmel/studio/7.0/toolchain/arm/arm-gnu-toolchain/bin/../lib/gcc/arm-none-eabi/6.3.1/../../../../arm-none-eabi/lib/thumb/v7e-m\libc.a(lib_a-__atexit.o)
 .ARM.attributes
                0x0000070a       0x2e c:/program files (x86)/atmel/studio/7.0/toolchain/arm/arm-gnu-toolchain/bin/../lib/gcc/arm-none-eabi/6.3.1/../../../../arm-none-eabi/lib/thumb/v7e-m\libc.a(lib_a-callocr.o)
 .ARM.attributes
                0x00000738       0x2e c:/program files (x86)/atmel/studio/7.0/toolchain/arm/arm-gnu-toolchain/bin/../lib/gcc/arm-none-eabi/6.3.1/../../../../arm-none-eabi/lib/thumb/v7e-m\libc.a(lib_a-freer.o)
 .ARM.attributes
                0x00000766       0x2e c:/program files (x86)/atmel/studio/7.0/toolchain/arm/arm-gnu-toolchain/bin/../lib/gcc/arm-none-eabi/6.3.1/../../../../arm-none-eabi/lib/thumb/v7e-m\libc.a(lib_a-locale.o)
 .ARM.attributes
                0x00000794       0x2e c:/program files (x86)/atmel/studio/7.0/toolchain/arm/arm-gnu-toolchain/bin/../lib/gcc/arm-none-eabi/6.3.1/../../../../arm-none-eabi/lib/thumb/v7e-m\libc.a(lib_a-mbtowc_r.o)
 .ARM.attributes
                0x000007c2       0x2e c:/program files (x86)/atmel/studio/7.0/toolchain/arm/arm-gnu-toolchain/bin/../lib/gcc/arm-none-eabi/6.3.1/../../../../arm-none-eabi/lib/thumb/v7e-m\libc.a(lib_a-memmove.o)
 .ARM.attributes
                0x000007f0       0x2e c:/program files (x86)/atmel/studio/7.0/toolchain/arm/arm-gnu-toolchain/bin/../lib/gcc/arm-none-eabi/6.3.1/../../../../arm-none-eabi/lib/thumb/v7e-m\libc.a(lib_a-reallocr.o)
 .ARM.attributes
                0x0000081e       0x2e c:/program files (x86)/atmel/studio/7.0/toolchain/arm/arm-gnu-toolchain/bin/../lib/gcc/arm-none-eabi/6.3.1/../../../../arm-none-eabi/lib/thumb/v7e-m\libc.a(lib_a-reent.o)
 .ARM.attributes
                0x0000084c       0x2e c:/program files (x86)/atmel/studio/7.0/toolchain/arm/arm-gnu-toolchain/bin/../lib/gcc/arm-none-eabi/6.3.1/../../../../arm-none-eabi/lib/thumb/v7e-m\libc.a(lib_a-wctomb_r.o)
 .ARM.attributes
                0x0000087a       0x2e c:/program files (x86)/atmel/studio/7.0/toolchain/arm/arm-gnu-toolchain/bin/../lib/gcc/arm-none-eabi/6.3.1/../../../../arm-none-eabi/lib/thumb/v7e-m\libc.a(lib_a-ctype_.o)
 .ARM.attributes
                0x000008a8       0x1e c:/program files (x86)/atmel/studio/7.0/toolchain/arm/arm-gnu-toolchain/bin/../lib/gcc/arm-none-eabi/6.3.1/thumb/v7e-m\libgcc.a(_arm_cmpdf2.o)
 .ARM.attributes
                0x000008c6       0x1e c:/program files (x86)/atmel/studio/7.0/toolchain/arm/arm-gnu-toolchain/bin/../lib/gcc/arm-none-eabi/6.3.1/thumb/v7e-m\libgcc.a(_arm_unorddf2.o)
 .ARM.attributes
                0x000008e4       0x1e c:/program files (x86)/atmel/studio/7.0/toolchain/arm/arm-gnu-toolchain/bin/../lib/gcc/arm-none-eabi/6.3.1/thumb/v7e-m\libgcc.a(_arm_fixdfsi.o)
 .ARM.attributes
                0x00000902       0x1e c:/program files (x86)/atmel/studio/7.0/toolchain/arm/arm-gnu-toolchain/bin/../lib/gcc/arm-none-eabi/6.3.1/thumb/v7e-m\libgcc.a(_aeabi_uldivmod.o)
 .ARM.attributes
                0x00000920       0x2e c:/program files (x86)/atmel/studio/7.0/toolchain/arm/arm-gnu-toolchain/bin/../lib/gcc/arm-none-eabi/6.3.1/thumb/v7e-m\libgcc.a(_udivmoddi4.o)
 .ARM.attributes
                0x0000094e       0x1e c:/program files (x86)/atmel/studio/7.0/toolchain/arm/arm-gnu-toolchain/bin/../lib/gcc/arm-none-eabi/6.3.1/thumb/v7e-m\libgcc.a(_dvmd_tls.o)
 .ARM.attributes
                0x0000096c       0x1e c:/program files (x86)/atmel/studio/7.0/toolchain/arm/arm-gnu-toolchain/bin/../lib/gcc/arm-none-eabi/6.3.1/thumb/v7e-m/crtn.o

.comment        0x00000000       0x59
 .comment       0x00000000       0x59 src/ASF/sam/drivers/rtt/rtt.o
                                 0x5a (size before relaxing)
 .comment       0x00000059       0x5a src/main.o
 .comment       0x00000059       0x5a src/ASF/common/services/spi/sam_spi/spi_master.o
 .comment       0x00000059       0x5a src/ASF/sam/components/display/ili9488/ili9488.o
 .comment       0x00000059       0x5a src/ASF/sam/drivers/spi/spi.o
 .comment       0x00000059       0x5a src/ASF/common/services/clock/same70/sysclk.o
 .comment       0x00000059       0x5a src/ASF/common/utils/interrupt/interrupt_sam_nvic.o
 .comment       0x00000059       0x5a src/ASF/sam/boards/same70_xplained/init.o
 .comment       0x00000059       0x5a src/ASF/sam/drivers/pio/pio.o
 .comment       0x00000059       0x5a src/ASF/sam/drivers/pio/pio_handler.o
 .comment       0x00000059       0x5a src/ASF/sam/drivers/pmc/pmc.o
 .comment       0x00000059       0x5a src/ASF/sam/utils/cmsis/same70/source/templates/gcc/startup_same70.o
 .comment       0x00000059       0x5a src/ASF/sam/utils/cmsis/same70/source/templates/system_same70.o
 .comment       0x00000059       0x5a src/ASF/sam/utils/syscalls/gcc/syscalls.o

.debug_info     0x00000000    0x142d1
 .debug_info    0x00000000      0xcaf src/ASF/sam/drivers/rtt/rtt.o
 .debug_info    0x00000caf     0x348b src/main.o
 .debug_info    0x0000413a     0x143e src/ASF/common/services/spi/sam_spi/spi_master.o
 .debug_info    0x00005578     0x208c src/ASF/sam/components/display/ili9488/ili9488.o
 .debug_info    0x00007604     0x1123 src/ASF/sam/drivers/spi/spi.o
 .debug_info    0x00008727     0x1311 src/ASF/common/services/clock/same70/sysclk.o
 .debug_info    0x00009a38      0xb06 src/ASF/common/utils/interrupt/interrupt_sam_nvic.o
 .debug_info    0x0000a53e     0x1dad src/ASF/sam/boards/same70_xplained/init.o
 .debug_info    0x0000c2eb     0x1ce3 src/ASF/sam/drivers/pio/pio.o
 .debug_info    0x0000dfce     0x1a74 src/ASF/sam/drivers/pio/pio_handler.o
 .debug_info    0x0000fa42     0x1eed src/ASF/sam/drivers/pmc/pmc.o
 .debug_info    0x0001192f     0x1612 src/ASF/sam/utils/cmsis/same70/source/templates/gcc/startup_same70.o
 .debug_info    0x00012f41      0x5d4 src/ASF/sam/utils/cmsis/same70/source/templates/system_same70.o
 .debug_info    0x00013515      0xdbc src/ASF/sam/utils/syscalls/gcc/syscalls.o

.debug_abbrev   0x00000000     0x24f5
 .debug_abbrev  0x00000000      0x203 src/ASF/sam/drivers/rtt/rtt.o
 .debug_abbrev  0x00000203      0x34b src/main.o
 .debug_abbrev  0x0000054e      0x305 src/ASF/common/services/spi/sam_spi/spi_master.o
 .debug_abbrev  0x00000853      0x2f4 src/ASF/sam/components/display/ili9488/ili9488.o
 .debug_abbrev  0x00000b47      0x2cf src/ASF/sam/drivers/spi/spi.o
 .debug_abbrev  0x00000e16      0x296 src/ASF/common/services/clock/same70/sysclk.o
 .debug_abbrev  0x000010ac      0x214 src/ASF/common/utils/interrupt/interrupt_sam_nvic.o
 .debug_abbrev  0x000012c0      0x3f4 src/ASF/sam/boards/same70_xplained/init.o
 .debug_abbrev  0x000016b4      0x296 src/ASF/sam/drivers/pio/pio.o
 .debug_abbrev  0x0000194a      0x2c9 src/ASF/sam/drivers/pio/pio_handler.o
 .debug_abbrev  0x00001c13      0x2ce src/ASF/sam/drivers/pmc/pmc.o
 .debug_abbrev  0x00001ee1      0x2e8 src/ASF/sam/utils/cmsis/same70/source/templates/gcc/startup_same70.o
 .debug_abbrev  0x000021c9      0x102 src/ASF/sam/utils/cmsis/same70/source/templates/system_same70.o
 .debug_abbrev  0x000022cb      0x22a src/ASF/sam/utils/syscalls/gcc/syscalls.o

.debug_loc      0x00000000     0x5cb0
 .debug_loc     0x00000000      0x330 src/ASF/sam/drivers/rtt/rtt.o
 .debug_loc     0x00000330      0x430 src/main.o
 .debug_loc     0x00000760      0x830 src/ASF/common/services/spi/sam_spi/spi_master.o
 .debug_loc     0x00000f90      0xd20 src/ASF/sam/components/display/ili9488/ili9488.o
 .debug_loc     0x00001cb0      0x630 src/ASF/sam/drivers/spi/spi.o
 .debug_loc     0x000022e0      0x4a0 src/ASF/common/services/clock/same70/sysclk.o
 .debug_loc     0x00002780       0xa0 src/ASF/common/utils/interrupt/interrupt_sam_nvic.o
 .debug_loc     0x00002820      0x2fc src/ASF/sam/boards/same70_xplained/init.o
 .debug_loc     0x00002b1c     0x1174 src/ASF/sam/drivers/pio/pio.o
 .debug_loc     0x00003c90      0x38c src/ASF/sam/drivers/pio/pio_handler.o
 .debug_loc     0x0000401c     0x1744 src/ASF/sam/drivers/pmc/pmc.o
 .debug_loc     0x00005760      0x16c src/ASF/sam/utils/cmsis/same70/source/templates/gcc/startup_same70.o
 .debug_loc     0x000058cc       0xe4 src/ASF/sam/utils/cmsis/same70/source/templates/system_same70.o
 .debug_loc     0x000059b0      0x300 src/ASF/sam/utils/syscalls/gcc/syscalls.o

.debug_aranges  0x00000000      0xa48
 .debug_aranges
                0x00000000       0x60 src/ASF/sam/drivers/rtt/rtt.o
 .debug_aranges
                0x00000060       0x88 src/main.o
 .debug_aranges
                0x000000e8       0xe0 src/ASF/common/services/spi/sam_spi/spi_master.o
 .debug_aranges
                0x000001c8      0x168 src/ASF/sam/components/display/ili9488/ili9488.o
 .debug_aranges
                0x00000330       0xa8 src/ASF/sam/drivers/spi/spi.o
 .debug_aranges
                0x000003d8       0x98 src/ASF/common/services/clock/same70/sysclk.o
 .debug_aranges
                0x00000470       0x28 src/ASF/common/utils/interrupt/interrupt_sam_nvic.o
 .debug_aranges
                0x00000498       0x68 src/ASF/sam/boards/same70_xplained/init.o
 .debug_aranges
                0x00000500      0x1a8 src/ASF/sam/drivers/pio/pio.o
 .debug_aranges
                0x000006a8       0x80 src/ASF/sam/drivers/pio/pio_handler.o
 .debug_aranges
                0x00000728      0x250 src/ASF/sam/drivers/pmc/pmc.o
 .debug_aranges
                0x00000978       0x40 src/ASF/sam/utils/cmsis/same70/source/templates/gcc/startup_same70.o
 .debug_aranges
                0x000009b8       0x30 src/ASF/sam/utils/cmsis/same70/source/templates/system_same70.o
 .debug_aranges
                0x000009e8       0x60 src/ASF/sam/utils/syscalls/gcc/syscalls.o

.debug_ranges   0x00000000      0x9e0
 .debug_ranges  0x00000000       0x50 src/ASF/sam/drivers/rtt/rtt.o
 .debug_ranges  0x00000050       0x78 src/main.o
 .debug_ranges  0x000000c8       0xd0 src/ASF/common/services/spi/sam_spi/spi_master.o
 .debug_ranges  0x00000198      0x158 src/ASF/sam/components/display/ili9488/ili9488.o
 .debug_ranges  0x000002f0       0x98 src/ASF/sam/drivers/spi/spi.o
 .debug_ranges  0x00000388       0x88 src/ASF/common/services/clock/same70/sysclk.o
 .debug_ranges  0x00000410       0x18 src/ASF/common/utils/interrupt/interrupt_sam_nvic.o
 .debug_ranges  0x00000428       0xd0 src/ASF/sam/boards/same70_xplained/init.o
 .debug_ranges  0x000004f8      0x198 src/ASF/sam/drivers/pio/pio.o
 .debug_ranges  0x00000690       0x70 src/ASF/sam/drivers/pio/pio_handler.o
 .debug_ranges  0x00000700      0x240 src/ASF/sam/drivers/pmc/pmc.o
 .debug_ranges  0x00000940       0x30 src/ASF/sam/utils/cmsis/same70/source/templates/gcc/startup_same70.o
 .debug_ranges  0x00000970       0x20 src/ASF/sam/utils/cmsis/same70/source/templates/system_same70.o
 .debug_ranges  0x00000990       0x50 src/ASF/sam/utils/syscalls/gcc/syscalls.o

.debug_macro    0x00000000    0x1fe16
 .debug_macro   0x00000000      0x681 src/ASF/sam/drivers/rtt/rtt.o
 .debug_macro   0x00000681      0x8d4 src/ASF/sam/drivers/rtt/rtt.o
 .debug_macro   0x00000f55      0x16d src/ASF/sam/drivers/rtt/rtt.o
 .debug_macro   0x000010c2      0x6d7 src/ASF/sam/drivers/rtt/rtt.o
 .debug_macro   0x00001799       0x76 src/ASF/sam/drivers/rtt/rtt.o
 .debug_macro   0x0000180f       0x16 src/ASF/sam/drivers/rtt/rtt.o
 .debug_macro   0x00001825      0x6da src/ASF/sam/drivers/rtt/rtt.o
 .debug_macro   0x00001eff       0x22 src/ASF/sam/drivers/rtt/rtt.o
 .debug_macro   0x00001f21       0x87 src/ASF/sam/drivers/rtt/rtt.o
 .debug_macro   0x00001fa8       0x51 src/ASF/sam/drivers/rtt/rtt.o
 .debug_macro   0x00001ff9       0xef src/ASF/sam/drivers/rtt/rtt.o
 .debug_macro   0x000020e8       0x6a src/ASF/sam/drivers/rtt/rtt.o
 .debug_macro   0x00002152      0x1df src/ASF/sam/drivers/rtt/rtt.o
 .debug_macro   0x00002331       0x51 src/ASF/sam/drivers/rtt/rtt.o
 .debug_macro   0x00002382       0x3b src/ASF/sam/drivers/rtt/rtt.o
 .debug_macro   0x000023bd       0x2d src/ASF/sam/drivers/rtt/rtt.o
 .debug_macro   0x000023ea       0x26 src/ASF/sam/drivers/rtt/rtt.o
 .debug_macro   0x00002410      0xf9a src/ASF/sam/drivers/rtt/rtt.o
 .debug_macro   0x000033aa      0x191 src/ASF/sam/drivers/rtt/rtt.o
 .debug_macro   0x0000353b      0x2ee src/ASF/sam/drivers/rtt/rtt.o
 .debug_macro   0x00003829      0xa23 src/ASF/sam/drivers/rtt/rtt.o
 .debug_macro   0x0000424c      0x1b4 src/ASF/sam/drivers/rtt/rtt.o
 .debug_macro   0x00004400      0x35f src/ASF/sam/drivers/rtt/rtt.o
 .debug_macro   0x0000475f      0x15a src/ASF/sam/drivers/rtt/rtt.o
 .debug_macro   0x000048b9     0x18b3 src/ASF/sam/drivers/rtt/rtt.o
 .debug_macro   0x0000616c       0x1c src/ASF/sam/drivers/rtt/rtt.o