Archive member included to satisfy reference by file (symbol)

c:/program files (x86)/atmel/studio/7.0/toolchain/arm/arm-gnu-toolchain/bin/../lib/gcc/arm-none-eabi/6.3.1/../../../../arm-none-eabi/lib/thumb/v7e-m\libc.a(lib_a-exit.o)
                              c:/program files (x86)/atmel/studio/7.0/toolchain/arm/arm-gnu-toolchain/bin/../lib/gcc/arm-none-eabi/6.3.1/../../../../arm-none-eabi/lib/thumb/v7e-m/crt0.o (exit)
c:/program files (x86)/atmel/studio/7.0/toolchain/arm/arm-gnu-toolchain/bin/../lib/gcc/arm-none-eabi/6.3.1/../../../../arm-none-eabi/lib/thumb/v7e-m\libc.a(lib_a-impure.o)
                              c:/program files (x86)/atmel/studio/7.0/toolchain/arm/arm-gnu-toolchain/bin/../lib/gcc/arm-none-eabi/6.3.1/../../../../arm-none-eabi/lib/thumb/v7e-m\libc.a(lib_a-exit.o) (_global_impure_ptr)
c:/program files (x86)/atmel/studio/7.0/toolchain/arm/arm-gnu-toolchain/bin/../lib/gcc/arm-none-eabi/6.3.1/../../../../arm-none-eabi/lib/thumb/v7e-m\libc.a(lib_a-init.o)
                              c:/program files (x86)/atmel/studio/7.0/toolchain/arm/arm-gnu-toolchain/bin/../lib/gcc/arm-none-eabi/6.3.1/../../../../arm-none-eabi/lib/thumb/v7e-m/crt0.o (__libc_init_array)
c:/program files (x86)/atmel/studio/7.0/toolchain/arm/arm-gnu-toolchain/bin/../lib/gcc/arm-none-eabi/6.3.1/../../../../arm-none-eabi/lib/thumb/v7e-m\libc.a(lib_a-memset.o)
                              c:/program files (x86)/atmel/studio/7.0/toolchain/arm/arm-gnu-toolchain/bin/../lib/gcc/arm-none-eabi/6.3.1/../../../../arm-none-eabi/lib/thumb/v7e-m/crt0.o (memset)
c:/program files (x86)/atmel/studio/7.0/toolchain/arm/arm-gnu-toolchain/bin/../lib/gcc/arm-none-eabi/6.3.1/../../../../arm-none-eabi/lib/thumb/v7e-m\libc.a(lib_a-__call_atexit.o)
                              c:/program files (x86)/atmel/studio/7.0/toolchain/arm/arm-gnu-toolchain/bin/../lib/gcc/arm-none-eabi/6.3.1/../../../../arm-none-eabi/lib/thumb/v7e-m\libc.a(lib_a-exit.o) (__call_exitprocs)
c:/program files (x86)/atmel/studio/7.0/toolchain/arm/arm-gnu-toolchain/bin/../lib/gcc/arm-none-eabi/6.3.1/../../../../arm-none-eabi/lib/thumb/v7e-m\libc.a(lib_a-atexit.o)
                              c:/program files (x86)/atmel/studio/7.0/toolchain/arm/arm-gnu-toolchain/bin/../lib/gcc/arm-none-eabi/6.3.1/../../../../arm-none-eabi/lib/thumb/v7e-m\libc.a(lib_a-__call_atexit.o) (atexit)
c:/program files (x86)/atmel/studio/7.0/toolchain/arm/arm-gnu-toolchain/bin/../lib/gcc/arm-none-eabi/6.3.1/../../../../arm-none-eabi/lib/thumb/v7e-m\libc.a(lib_a-fini.o)
                              c:/program files (x86)/atmel/studio/7.0/toolchain/arm/arm-gnu-toolchain/bin/../lib/gcc/arm-none-eabi/6.3.1/../../../../arm-none-eabi/lib/thumb/v7e-m\libc.a(lib_a-__call_atexit.o) (__libc_fini_array)
c:/program files (x86)/atmel/studio/7.0/toolchain/arm/arm-gnu-toolchain/bin/../lib/gcc/arm-none-eabi/6.3.1/../../../../arm-none-eabi/lib/thumb/v7e-m\libc.a(lib_a-lock.o)
                              c:/program files (x86)/atmel/studio/7.0/toolchain/arm/arm-gnu-toolchain/bin/../lib/gcc/arm-none-eabi/6.3.1/../../../../arm-none-eabi/lib/thumb/v7e-m\libc.a(lib_a-__call_atexit.o) (__retarget_lock_acquire_recursive)
c:/program files (x86)/atmel/studio/7.0/toolchain/arm/arm-gnu-toolchain/bin/../lib/gcc/arm-none-eabi/6.3.1/../../../../arm-none-eabi/lib/thumb/v7e-m\libc.a(lib_a-__atexit.o)
                              c:/program files (x86)/atmel/studio/7.0/toolchain/arm/arm-gnu-toolchain/bin/../lib/gcc/arm-none-eabi/6.3.1/../../../../arm-none-eabi/lib/thumb/v7e-m\libc.a(lib_a-atexit.o) (__register_exitproc)

Allocating common symbols
Common symbol       size              file

__lock___atexit_recursive_mutex
                    0x1               c:/program files (x86)/atmel/studio/7.0/toolchain/arm/arm-gnu-toolchain/bin/../lib/gcc/arm-none-eabi/6.3.1/../../../../arm-none-eabi/lib/thumb/v7e-m\libc.a(lib_a-lock.o)
__lock___arc4random_mutex
                    0x1               c:/program files (x86)/atmel/studio/7.0/toolchain/arm/arm-gnu-toolchain/bin/../lib/gcc/arm-none-eabi/6.3.1/../../../../arm-none-eabi/lib/thumb/v7e-m\libc.a(lib_a-lock.o)
__lock___env_recursive_mutex
                    0x1               c:/program files (x86)/atmel/studio/7.0/toolchain/arm/arm-gnu-toolchain/bin/../lib/gcc/arm-none-eabi/6.3.1/../../../../arm-none-eabi/lib/thumb/v7e-m\libc.a(lib_a-lock.o)
__lock___sinit_recursive_mutex
                    0x1               c:/program files (x86)/atmel/studio/7.0/toolchain/arm/arm-gnu-toolchain/bin/../lib/gcc/arm-none-eabi/6.3.1/../../../../arm-none-eabi/lib/thumb/v7e-m\libc.a(lib_a-lock.o)
__lock___malloc_recursive_mutex
                    0x1               c:/program files (x86)/atmel/studio/7.0/toolchain/arm/arm-gnu-toolchain/bin/../lib/gcc/arm-none-eabi/6.3.1/../../../../arm-none-eabi/lib/thumb/v7e-m\libc.a(lib_a-lock.o)
pio_capture_enable_flag
                    0x4               src/ASF/sam/drivers/pio/pio.o
contador_roda       0x4               src/main.o
g_ili9488_display_opt
[...]
Memory Configuration

Name             Origin             Length             Attributes
rom              0x00400000         0x00200000         xr
ram              0x20400000         0x00060000         xrw
*default*        0x00000000         0xffffffff

Linker script and memory map

LOAD c:/program files (x86)/atmel/studio/7.0/toolchain/arm/arm-gnu-toolchain/bin/../lib/gcc/arm-none-eabi/6.3.1/thumb/v7e-m/crti.o
LOAD c:/program files (x86)/atmel/studio/7.0/toolchain/arm/arm-gnu-toolchain/bin/../lib/gcc/arm-none-eabi/6.3.1/thumb/v7e-m/crtbegin.o
LOAD c:/program files (x86)/atmel/studio/7.0/toolchain/arm/arm-gnu-toolchain/bin/../lib/gcc/arm-none-eabi/6.3.1/../../../../arm-none-eabi/lib/thumb/v7e-m/crt0.o
LOAD src/ASF/sam/drivers/rtt/rtt.o
LOAD src/main.o
LOAD src/ASF/common/services/delay/sam/cycle_counter.o
LOAD src/ASF/common/services/spi/sam_spi/spi_master.o
LOAD src/ASF/sam/components/display/ili9488/ili9488.o
LOAD src/ASF/sam/drivers/spi/spi.o
LOAD src/ASF/common/services/clock/same70/sysclk.o
LOAD src/ASF/common/utils/interrupt/interrupt_sam_nvic.o
LOAD src/ASF/sam/boards/same70_xplained/init.o
LOAD src/ASF/sam/drivers/mpu/mpu.o
LOAD src/ASF/sam/drivers/pio/pio.o
LOAD src/ASF/sam/drivers/pio/pio_handler.o
LOAD src/ASF/sam/drivers/pmc/pmc.o
LOAD src/ASF/sam/drivers/pmc/sleep.o
LOAD src/ASF/sam/utils/cmsis/same70/source/templates/gcc/startup_same70.o
LOAD src/ASF/sam/utils/cmsis/same70/source/templates/system_same70.o
LOAD src/ASF/sam/utils/syscalls/gcc/syscalls.o
START GROUP
LOAD ../src/ASF/thirdparty/CMSIS/Lib/GCC\libarm_cortexM7lfsp_math_softfp.a
LOAD c:/program files (x86)/atmel/studio/7.0/toolchain/arm/arm-gnu-toolchain/bin/../lib/gcc/arm-none-eabi/6.3.1/../../../../arm-none-eabi/lib/thumb/v7e-m\libm.a
END GROUP
START GROUP
LOAD c:/program files (x86)/atmel/studio/7.0/toolchain/arm/arm-gnu-toolchain/bin/../lib/gcc/arm-none-eabi/6.3.1/thumb/v7e-m\libgcc.a
LOAD c:/program files (x86)/atmel/studio/7.0/toolchain/arm/arm-gnu-toolchain/bin/../lib/gcc/arm-none-eabi/6.3.1/../../../../arm-none-eabi/lib/thumb/v7e-m\libc.a
END GROUP
LOAD c:/program files (x86)/atmel/studio/7.0/toolchain/arm/arm-gnu-toolchain/bin/../lib/gcc/arm-none-eabi/6.3.1/thumb/v7e-m/crtend.o
LOAD c:/program files (x86)/atmel/studio/7.0/toolchain/arm/arm-gnu-toolchain/bin/../lib/gcc/arm-none-eabi/6.3.1/thumb/v7e-m/crtn.o
                0x00002000                STACK_SIZE = DEFINED (STACK_SIZE)?STACK_SIZE:0x2000
                0x2045fffc                __ram_end__ = ((ORIGIN (ram) + LENGTH (ram)) - 0x4)
                0x00000200                HEAP_SIZE = DEFINED (HEAP_SIZE)?HEAP_SIZE:0x200

.text           0x00400000    0x4a924
                0x00400000                . = ALIGN (0x4)
                0x00400000                _sfixed = .
 *(.vectors .vectors.*)
 .vectors       0x00400000      0x168 src/ASF/sam/utils/cmsis/same70/source/templates/gcc/startup_same70.o
                0x00400000                exception_table
 *(.text .text.* .gnu.linkonce.t.*)
 .text          0x00400168       0x6c c:/program files (x86)/atmel/studio/7.0/toolchain/arm/arm-gnu-toolchain/bin/../lib/gcc/arm-none-eabi/6.3.1/thumb/v7e-m/crtbegin.o
 .text.rtt_init
                0x004001d4       0x30 src/ASF/sam/drivers/rtt/rtt.o
                0x004001d4                rtt_init
 .text.rtt_sel_source
                0x00400204       0x58 src/ASF/sam/drivers/rtt/rtt.o
                0x00400204                rtt_sel_source
 .text.rtt_enable_interrupt
                0x0040025c       0x38 src/ASF/sam/drivers/rtt/rtt.o
                0x0040025c                rtt_enable_interrupt
 .text.rtt_disable_interrupt
                0x00400294       0x40 src/ASF/sam/drivers/rtt/rtt.o
                0x00400294                rtt_disable_interrupt
 .text.rtt_read_timer_value
                0x004002d4       0x2e src/ASF/sam/drivers/rtt/rtt.o
                0x004002d4                rtt_read_timer_value
 .text.rtt_get_status
                0x00400302       0x18 src/ASF/sam/drivers/rtt/rtt.o
                0x00400302                rtt_get_status
 *fill*         0x0040031a        0x2 
 .text.rtt_write_alarm_time
                0x0040031c       0x5c src/ASF/sam/drivers/rtt/rtt.o
                0x0040031c                rtt_write_alarm_time
 .text.NVIC_EnableIRQ
                0x00400378       0x34 src/main.o
 .text.NVIC_DisableIRQ
                0x004003ac       0x34 src/main.o
 .text.NVIC_ClearPendingIRQ
                0x004003e0       0x34 src/main.o
 .text.NVIC_SetPriority
                0x00400414       0x54 src/main.o
 .text.RTT_Handler
                0x00400468       0x44 src/main.o
                0x00400468                RTT_Handler
 .text.but1_callBack
                0x004004ac       0x28 src/main.o
                0x004004ac                but1_callBack
 .text.pin_toggle
                0x004004d4       0x40 src/main.o
                0x004004d4                pin_toggle
 .text.io_init  0x00400514       0x88 src/main.o
                0x00400514                io_init
 .text.RTT_init
                0x0040059c       0x98 src/main.o
 .text.configure_lcd
                0x00400634       0x4c src/main.o
                0x00400634                configure_lcd
 .text.font_draw_text
                0x00400680       0x88 src/main.o
                0x00400680                font_draw_text
 .text.main     0x00400708       0xb4 src/main.o
                0x00400708                main
 .text.osc_get_rate
                0x004007bc       0x74 src/ASF/common/services/spi/sam_spi/spi_master.o
 .text.sysclk_get_main_hz
                0x00400830       0x20 src/ASF/common/services/spi/sam_spi/spi_master.o
 .text.sysclk_get_peripheral_hz
                0x00400850       0x14 src/ASF/common/services/spi/sam_spi/spi_master.o
 .text.spi_reset
                0x00400864       0x1a src/ASF/common/services/spi/sam_spi/spi_master.o
 .text.spi_set_master_mode
                0x0040087e       0x20 src/ASF/common/services/spi/sam_spi/spi_master.o
 .text.spi_set_fixed_peripheral_select
                0x0040089e       0x20 src/ASF/common/services/spi/sam_spi/spi_master.o
 .text.spi_disable_peripheral_select_decode
                0x004008be       0x20 src/ASF/common/services/spi/sam_spi/spi_master.o
 .text.spi_get_peripheral_select_decode_setting
                0x004008de       0x26 src/ASF/common/services/spi/sam_spi/spi_master.o
 .text.spi_disable_mode_fault_detect
                0x00400904       0x20 src/ASF/common/services/spi/sam_spi/spi_master.o
 .text.spi_disable_loopback
                0x00400924       0x20 src/ASF/common/services/spi/sam_spi/spi_master.o
 .text.spi_put  0x00400944       0x1e src/ASF/common/services/spi/sam_spi/spi_master.o
 .text.spi_get  0x00400962       0x1a src/ASF/common/services/spi/sam_spi/spi_master.o
 .text.spi_is_tx_ready
                0x0040097c       0x26 src/ASF/common/services/spi/sam_spi/spi_master.o
 .text.spi_is_rx_ready
                0x004009a2       0x2c src/ASF/common/services/spi/sam_spi/spi_master.o
 *fill*         0x004009ce        0x2 
 .text.spi_write_single
                0x004009d0       0x24 src/ASF/common/services/spi/sam_spi/spi_master.o
 .text.spi_read_single
                0x004009f4       0x24 src/ASF/common/services/spi/sam_spi/spi_master.o
 .text.spi_master_init
                0x00400a18       0x70 src/ASF/common/services/spi/sam_spi/spi_master.o
                0x00400a18                spi_master_init
 .text.spi_master_setup_device
                0x00400a88       0xb4 src/ASF/common/services/spi/sam_spi/spi_master.o
                0x00400a88                spi_master_setup_device
 .text.spi_select_device
                0x00400b3c       0x58 src/ASF/common/services/spi/sam_spi/spi_master.o
                0x00400b3c                spi_select_device
 .text.spi_write_packet
                0x00400b94       0x74 src/ASF/common/services/spi/sam_spi/spi_master.o
                0x00400b94                spi_write_packet
 .text.spi_read_packet
                0x00400c08       0xac src/ASF/common/services/spi/sam_spi/spi_master.o
                0x00400c08                spi_read_packet
 .text.spi_enable
                0x00400cb4       0x1a src/ASF/sam/components/display/ili9488/ili9488.o
 .text.spi_enable_interrupt
                0x00400cce       0x1c src/ASF/sam/components/display/ili9488/ili9488.o
 *fill*         0x00400cea        0x2 
 .text.ili9488_write_ram_prepare
                0x00400cec       0x40 src/ASF/sam/components/display/ili9488/ili9488.o
 .text.ili9488_write_ram_buffer
                0x00400d2c       0x40 src/ASF/sam/components/display/ili9488/ili9488.o
 .text.ili9488_write_register
                0x00400d6c       0x78 src/ASF/sam/components/display/ili9488/ili9488.o
 .text.ili9488_read_chipid
                0x00400de4       0xcc src/ASF/sam/components/display/ili9488/ili9488.o
 .text.ili9488_delay
                0x00400eb0       0x40 src/ASF/sam/components/display/ili9488/ili9488.o
                0x00400eb0                ili9488_delay
 .text.ili9488_check_box_coordinates
                0x00400ef0       0xa2 src/ASF/sam/components/display/ili9488/ili9488.o
 *fill*         0x00400f92        0x2 
 .text.ili9488_set_display_direction
                0x00400f94       0x34 src/ASF/sam/components/display/ili9488/ili9488.o
                0x00400f94                ili9488_set_display_direction
 .text.ili9488_set_window
                0x00400fc8       0xc8 src/ASF/sam/components/display/ili9488/ili9488.o
                0x00400fc8                ili9488_set_window
 .text.ili9488_init
                0x00401090      0x15c src/ASF/sam/components/display/ili9488/ili9488.o
                0x00401090                ili9488_init
 .text.ili9488_display_on
                0x004011ec       0x18 src/ASF/sam/components/display/ili9488/ili9488.o
                0x004011ec                ili9488_display_on
 .text.ili9488_set_foreground_color
                0x00401204       0x54 src/ASF/sam/components/display/ili9488/ili9488.o
                0x00401204                ili9488_set_foreground_color
 .text.ili9488_set_cursor_position
                0x00401258       0x84 src/ASF/sam/components/display/ili9488/ili9488.o
                0x00401258                ili9488_set_cursor_position
 .text.ili9488_draw_filled_rectangle
                0x004012dc       0xdc src/ASF/sam/components/display/ili9488/ili9488.o
                0x004012dc                ili9488_draw_filled_rectangle
 .text.ili9488_draw_pixmap
                0x004013b8       0xb4 src/ASF/sam/components/display/ili9488/ili9488.o
                0x004013b8                ili9488_draw_pixmap
 .text.spi_get_peripheral_select_mode
                0x0040146c       0x26 src/ASF/sam/drivers/spi/spi.o
 *fill*         0x00401492        0x2 
 .text.sysclk_enable_peripheral_clock
                0x00401494       0x1c src/ASF/sam/drivers/spi/spi.o
 .text.spi_enable_clock
                0x004014b0       0x3c src/ASF/sam/drivers/spi/spi.o
                0x004014b0                spi_enable_clock
 .text.spi_set_peripheral_chip_select_value
                0x004014ec       0x34 src/ASF/sam/drivers/spi/spi.o
                0x004014ec                spi_set_peripheral_chip_select_value
 .text.spi_set_delay_between_chip_select
                0x00401520       0x30 src/ASF/sam/drivers/spi/spi.o
                0x00401520                spi_set_delay_between_chip_select
 .text.spi_write
                0x00401550       0x80 src/ASF/sam/drivers/spi/spi.o
                0x00401550                spi_write
 .text.spi_set_clock_polarity
                0x004015d0       0x50 src/ASF/sam/drivers/spi/spi.o
                0x004015d0                spi_set_clock_polarity
 .text.spi_set_clock_phase
                0x00401620       0x50 src/ASF/sam/drivers/spi/spi.o
                0x00401620                spi_set_clock_phase
 .text.spi_configure_cs_behavior
                0x00401670       0xa6 src/ASF/sam/drivers/spi/spi.o
                0x00401670                spi_configure_cs_behavior
 .text.spi_set_bits_per_transfer
                0x00401716       0x4a src/ASF/sam/drivers/spi/spi.o
                0x00401716                spi_set_bits_per_transfer
 .text.spi_calc_baudrate_div
                0x00401760       0x3c src/ASF/sam/drivers/spi/spi.o
                0x00401760                spi_calc_baudrate_div
 .text.spi_set_baudrate_div
                0x0040179c       0x5e src/ASF/sam/drivers/spi/spi.o
                0x0040179c                spi_set_baudrate_div
 .text.spi_set_transfer_delay
                0x004017fa       0x5e src/ASF/sam/drivers/spi/spi.o
                0x004017fa                spi_set_transfer_delay
 .text.osc_enable
                0x00401858       0x88 src/ASF/common/services/clock/same70/sysclk.o
 .text.osc_is_ready
                0x004018e0       0x70 src/ASF/common/services/clock/same70/sysclk.o
 .text.osc_get_rate
                0x00401950       0x74 src/ASF/common/services/clock/same70/sysclk.o
 .text.osc_wait_ready
                0x004019c4       0x2c src/ASF/common/services/clock/same70/sysclk.o
 .text.pll_config_init
                0x004019f0       0x6c src/ASF/common/services/clock/same70/sysclk.o
 .text.pll_enable
                0x00401a5c       0x40 src/ASF/common/services/clock/same70/sysclk.o
 .text.pll_is_locked
                0x00401a9c       0x2c src/ASF/common/services/clock/same70/sysclk.o
 .text.pll_enable_source
                0x00401ac8       0x38 src/ASF/common/services/clock/same70/sysclk.o
 .text.pll_wait_for_lock
                0x00401b00       0x24 src/ASF/common/services/clock/same70/sysclk.o
 .text.sysclk_get_main_hz
                0x00401b24       0x20 src/ASF/common/services/clock/same70/sysclk.o
 .text.sysclk_get_cpu_hz
                0x00401b44       0x14 src/ASF/common/services/clock/same70/sysclk.o
 .text.sysclk_init
                0x00401b58       0x7c src/ASF/common/services/clock/same70/sysclk.o
                0x00401b58                sysclk_init
 .text.SCB_EnableICache
                0x00401bd4       0x38 src/ASF/sam/boards/same70_xplained/init.o
 .text.SCB_EnableDCache
                0x00401c0c       0xa4 src/ASF/sam/boards/same70_xplained/init.o
 .text.sysclk_enable_peripheral_clock
                0x00401cb0       0x1c src/ASF/sam/boards/same70_xplained/init.o
 .text.ioport_init
                0x00401ccc       0x2c src/ASF/sam/boards/same70_xplained/init.o
 .text.ioport_set_pin_mode
                0x00401cf8      0x11c src/ASF/sam/boards/same70_xplained/init.o
 .text.ioport_set_pin_dir
                0x00401e14       0x88 src/ASF/sam/boards/same70_xplained/init.o
 .text.ioport_set_pin_level
                0x00401e9c       0x6c src/ASF/sam/boards/same70_xplained/init.o
 .text.ioport_set_pin_sense_mode
                0x00401f08       0xd0 src/ASF/sam/boards/same70_xplained/init.o
 .text.tcm_disable
                0x00401fd8       0x44 src/ASF/sam/boards/same70_xplained/init.o
 .text.board_init
                0x0040201c      0x188 src/ASF/sam/boards/same70_xplained/init.o
                0x0040201c                board_init
 .text.pio_pull_up
                0x004021a4       0x2c src/ASF/sam/drivers/pio/pio.o
                0x004021a4                pio_pull_up
 .text.pio_set  0x004021d0       0x1c src/ASF/sam/drivers/pio/pio.o
                0x004021d0                pio_set
 .text.pio_clear
                0x004021ec       0x1c src/ASF/sam/drivers/pio/pio.o
                0x004021ec                pio_clear
 .text.pio_set_peripheral
                0x00402208      0x110 src/ASF/sam/drivers/pio/pio.o
                0x00402208                pio_set_peripheral
 .text.pio_set_input
                0x00402318       0x80 src/ASF/sam/drivers/pio/pio.o
                0x00402318                pio_set_input
 .text.pio_set_output
                0x00402398       0x64 src/ASF/sam/drivers/pio/pio.o
                0x00402398                pio_set_output
 .text.pio_configure
                0x004023fc       0xcc src/ASF/sam/drivers/pio/pio.o
                0x004023fc                pio_configure
 .text.pio_get_output_data_status
                0x004024c8       0x28 src/ASF/sam/drivers/pio/pio.o
                0x004024c8                pio_get_output_data_status
 .text.pio_configure_interrupt
                0x004024f0       0x6c src/ASF/sam/drivers/pio/pio.o
                0x004024f0                pio_configure_interrupt
 .text.pio_enable_interrupt
                0x0040255c       0x1c src/ASF/sam/drivers/pio/pio.o
                0x0040255c                pio_enable_interrupt
 .text.pio_disable_interrupt
                0x00402578       0x1c src/ASF/sam/drivers/pio/pio.o
                0x00402578                pio_disable_interrupt
 .text.pio_get_interrupt_status
                0x00402594       0x18 src/ASF/sam/drivers/pio/pio.o
                0x00402594                pio_get_interrupt_status
 .text.pio_get_interrupt_mask
                0x004025ac       0x18 src/ASF/sam/drivers/pio/pio.o
                0x004025ac                pio_get_interrupt_mask
 .text.pio_set_pin_high
                0x004025c4       0x30 src/ASF/sam/drivers/pio/pio.o
                0x004025c4                pio_set_pin_high
 .text.pio_set_pin_low
                0x004025f4       0x30 src/ASF/sam/drivers/pio/pio.o
                0x004025f4                pio_set_pin_low
 .text.pio_configure_pin
                0x00402624      0x1b0 src/ASF/sam/drivers/pio/pio.o
                0x00402624                pio_configure_pin
 .text.pio_get_pin_group
                0x004027d4       0x28 src/ASF/sam/drivers/pio/pio.o
                0x004027d4                pio_get_pin_group
 .text.pio_handler_process
                0x004027fc       0xb4 src/ASF/sam/drivers/pio/pio_handler.o
                0x004027fc                pio_handler_process
 .text.pio_handler_set
                0x004028b0       0xa0 src/ASF/sam/drivers/pio/pio_handler.o
                0x004028b0                pio_handler_set
 .text.PIOA_Handler
                0x00402950       0x18 src/ASF/sam/drivers/pio/pio_handler.o
                0x00402950                PIOA_Handler
 .text.PIOB_Handler
                0x00402968       0x18 src/ASF/sam/drivers/pio/pio_handler.o
                0x00402968                PIOB_Handler
 .text.PIOC_Handler
                0x00402980       0x18 src/ASF/sam/drivers/pio/pio_handler.o
                0x00402980                PIOC_Handler
 .text.PIOD_Handler
                0x00402998       0x18 src/ASF/sam/drivers/pio/pio_handler.o
                0x00402998                PIOD_Handler
 .text.PIOE_Handler
                0x004029b0       0x18 src/ASF/sam/drivers/pio/pio_handler.o
                0x004029b0                PIOE_Handler
 .text.pmc_mck_set_division
                0x004029c8       0x7c src/ASF/sam/drivers/pmc/pmc.o
                0x004029c8                pmc_mck_set_division
 .text.pmc_switch_mck_to_pllack
                0x00402a44       0x84 src/ASF/sam/drivers/pmc/pmc.o
                0x00402a44                pmc_switch_mck_to_pllack
 .text.pmc_switch_sclk_to_32kxtal
                0x00402ac8       0x38 src/ASF/sam/drivers/pmc/pmc.o
                0x00402ac8                pmc_switch_sclk_to_32kxtal
 .text.pmc_osc_is_ready_32kxtal
                0x00402b00       0x34 src/ASF/sam/drivers/pmc/pmc.o
                0x00402b00                pmc_osc_is_ready_32kxtal
 .text.pmc_switch_mainck_to_fastrc
                0x00402b34       0x70 src/ASF/sam/drivers/pmc/pmc.o
                0x00402b34                pmc_switch_mainck_to_fastrc
 .text.pmc_switch_mainck_to_xtal
                0x00402ba4       0x78 src/ASF/sam/drivers/pmc/pmc.o
                0x00402ba4                pmc_switch_mainck_to_xtal
 .text.pmc_osc_is_ready_mainck
                0x00402c1c       0x1c src/ASF/sam/drivers/pmc/pmc.o
                0x00402c1c                pmc_osc_is_ready_mainck
 .text.pmc_disable_pllack
                0x00402c38       0x1c src/ASF/sam/drivers/pmc/pmc.o
                0x00402c38                pmc_disable_pllack
 .text.pmc_is_locked_pllack
                0x00402c54       0x1c src/ASF/sam/drivers/pmc/pmc.o
                0x00402c54                pmc_is_locked_pllack
 .text.pmc_is_locked_upll
                0x00402c70       0x1c src/ASF/sam/drivers/pmc/pmc.o
                0x00402c70                pmc_is_locked_upll
 .text.pmc_enable_periph_clk
                0x00402c8c       0x3c src/ASF/sam/drivers/pmc/pmc.o
                0x00402c8c                pmc_enable_periph_clk
 .text.cpu_irq_save
                0x00402cc8       0x38 src/ASF/sam/utils/cmsis/same70/source/templates/gcc/startup_same70.o
 .text.cpu_irq_is_enabled_flags
                0x00402d00       0x20 src/ASF/sam/utils/cmsis/same70/source/templates/gcc/startup_same70.o
 .text.cpu_irq_restore
                0x00402d20       0x30 src/ASF/sam/utils/cmsis/same70/source/templates/gcc/startup_same70.o
 .text.Reset_Handler
                0x00402d50       0xb0 src/ASF/sam/utils/cmsis/same70/source/templates/gcc/startup_same70.o
                0x00402d50                Reset_Handler
 .text.Dummy_Handler
                0x00402e00        0x6 src/ASF/sam/utils/cmsis/same70/source/templates/gcc/startup_same70.o
                0x00402e00                DACC_Handler
                0x00402e00                DebugMon_Handler
                0x00402e00                UART3_Handler
                0x00402e00                UART2_Handler
                0x00402e00                TRNG_Handler
                0x00402e00                HardFault_Handler
                0x00402e00                TC2_Handler
                0x00402e00                SysTick_Handler
                0x00402e00                AFEC1_Handler
                0x00402e00                PendSV_Handler
                0x00402e00                NMI_Handler
                0x00402e00                TC7_Handler
                0x00402e00                QSPI_Handler
                0x00402e00                ISI_Handler
                0x00402e00                MCAN0_INT0_Handler
                0x00402e00                TC9_Handler
                0x00402e00                RSWDT_Handler
                0x00402e00                USART0_Handler
                0x00402e00                USBHS_Handler
                0x00402e00                IXC_Handler
                0x00402e00                CCF_Handler
                0x00402e00                RTC_Handler
                0x00402e00                UsageFault_Handler
                0x00402e00                TC6_Handler
                0x00402e00                WDT_Handler
                0x00402e00                MCAN1_INT1_Handler
                0x00402e00                TC4_Handler
                0x00402e00                TC1_Handler
                0x00402e00                HSMCI_Handler
                0x00402e00                UART1_Handler
                0x00402e00                TC3_Handler
                0x00402e00                Dummy_Handler
                0x00402e00                TWIHS1_Handler
                0x00402e00                XDMAC_Handler
                0x00402e00                UART4_Handler
                0x00402e00                PWM1_Handler
                0x00402e00                USART1_Handler
                0x00402e00                PWM0_Handler
                0x00402e00                AFEC0_Handler
                0x00402e00                CCW_Handler
                0x00402e00                TC11_Handler
                0x00402e00                SSC_Handler
                0x00402e00                ACC_Handler
                0x00402e00                PMC_Handler
                0x00402e00                GMAC_Handler
                0x00402e00                MCAN0_INT1_Handler
                0x00402e00                GMAC_Q5_Handler
                0x00402e00                MemManage_Handler
                0x00402e00                SUPC_Handler
                0x00402e00                SVC_Handler
                0x00402e00                TC8_Handler
                0x00402e00                MCAN1_INT0_Handler
                0x00402e00                EFC_Handler
                0x00402e00                GMAC_Q1_Handler
                0x00402e00                USART2_Handler
                0x00402e00                SDRAMC_Handler
                0x00402e00                GMAC_Q2_Handler
                0x00402e00                SPI1_Handler
                0x00402e00                TC10_Handler
                0x00402e00                GMAC_Q3_Handler
                0x00402e00                TWIHS2_Handler
                0x00402e00                I2SC0_Handler
                0x00402e00                UART0_Handler
                0x00402e00                I2SC1_Handler
                0x00402e00                GMAC_Q4_Handler
                0x00402e00                FPU_Handler
                0x00402e00                BusFault_Handler
                0x00402e00                RSTC_Handler
                0x00402e00                TC0_Handler
                0x00402e00                TC5_Handler
                0x00402e00                AES_Handler
                0x00402e00                ICM_Handler
                0x00402e00                TWIHS0_Handler
                0x00402e00                SPI0_Handler
 *fill*         0x00402e06        0x2 
 .text.SystemCoreClockUpdate
                0x00402e08      0x168 src/ASF/sam/utils/cmsis/same70/source/templates/system_same70.o
                0x00402e08                SystemCoreClockUpdate
 .text.system_init_flash
                0x00402f70       0xb0 src/ASF/sam/utils/cmsis/same70/source/templates/system_same70.o
                0x00402f70                system_init_flash
 .text.__libc_init_array
                0x00403020       0x50 c:/program files (x86)/atmel/studio/7.0/toolchain/arm/arm-gnu-toolchain/bin/../lib/gcc/arm-none-eabi/6.3.1/../../../../arm-none-eabi/lib/thumb/v7e-m\libc.a(lib_a-init.o)
                0x00403020                __libc_init_array
 .text.startup.register_fini
                0x00403070       0x14 c:/program files (x86)/atmel/studio/7.0/toolchain/arm/arm-gnu-toolchain/bin/../lib/gcc/arm-none-eabi/6.3.1/../../../../arm-none-eabi/lib/thumb/v7e-m\libc.a(lib_a-__call_atexit.o)
 .text.atexit   0x00403084        0xc c:/program files (x86)/atmel/studio/7.0/toolchain/arm/arm-gnu-toolchain/bin/../lib/gcc/arm-none-eabi/6.3.1/../../../../arm-none-eabi/lib/thumb/v7e-m\libc.a(lib_a-atexit.o)
                0x00403084                atexit
 .text.__libc_fini_array
                0x00403090       0x34 c:/program files (x86)/atmel/studio/7.0/toolchain/arm/arm-gnu-toolchain/bin/../lib/gcc/arm-none-eabi/6.3.1/../../../../arm-none-eabi/lib/thumb/v7e-m\libc.a(lib_a-fini.o)
                0x00403090                __libc_fini_array
 .text.__retarget_lock_acquire_recursive
                0x004030c4        0x4 c:/program files (x86)/atmel/studio/7.0/toolchain/arm/arm-gnu-toolchain/bin/../lib/gcc/arm-none-eabi/6.3.1/../../../../arm-none-eabi/lib/thumb/v7e-m\libc.a(lib_a-lock.o)
                0x004030c4                __retarget_lock_acquire_recursive
 .text.__retarget_lock_release_recursive
                0x004030c8        0x4 c:/program files (x86)/atmel/studio/7.0/toolchain/arm/arm-gnu-toolchain/bin/../lib/gcc/arm-none-eabi/6.3.1/../../../../arm-none-eabi/lib/thumb/v7e-m\libc.a(lib_a-lock.o)
                0x004030c8                __retarget_lock_release_recursive
 .text.__register_exitproc
                0x004030cc       0xc4 c:/program files (x86)/atmel/studio/7.0/toolchain/arm/arm-gnu-toolchain/bin/../lib/gcc/arm-none-eabi/6.3.1/../../../../arm-none-eabi/lib/thumb/v7e-m\libc.a(lib_a-__atexit.o)
                0x004030cc                __register_exitproc
 *(.glue_7t)
 .glue_7t       0x00403190        0x0 linker stubs
 *(.glue_7)
 .glue_7        0x00403190        0x0 linker stubs
 *(.rodata .rodata* .gnu.linkonce.r.*)
 .rodata.image_data_sourcecodepro_28_0x41
                0x00403190      0x138 src/main.o
 .rodata.sourcecodepro_28_0x41
                0x004032c8       0x10 src/main.o
 .rodata.image_data_sourcecodepro_28_0x42
                0x004032d8      0x138 src/main.o
 .rodata.sourcecodepro_28_0x42
                0x00403410       0x10 src/main.o
 .rodata.image_data_sourcecodepro_28_0x43
                0x00403420      0x15f src/main.o
 *fill*         0x0040357f        0x1 
 .rodata.sourcecodepro_28_0x43
                0x00403580       0x10 src/main.o
 .rodata.image_data_sourcecodepro_28_0x44
                0x00403590      0x186 src/main.o
 *fill*         0x00403716        0x2 
 .rodata.sourcecodepro_28_0x44
                0x00403718       0x10 src/main.o
 .rodata.image_data_sourcecodepro_28_0x45
                0x00403728      0x138 src/main.o
 .rodata.sourcecodepro_28_0x45
                0x00403860       0x10 src/main.o
 .rodata.image_data_sourcecodepro_28_0x46
                0x00403870      0x111 src/main.o
 *fill*         0x00403981        0x3 
 .rodata.sourcecodepro_28_0x46
                0x00403984       0x10 src/main.o
 .rodata.image_data_sourcecodepro_28_0x47
                0x00403994      0x15f src/main.o
 *fill*         0x00403af3        0x1 
 .rodata.sourcecodepro_28_0x47
                0x00403af4       0x10 src/main.o
 .rodata.image_data_sourcecodepro_28_0x48
                0x00403b04      0x15f src/main.o
 *fill*         0x00403c63        0x1 
 .rodata.sourcecodepro_28_0x48
                0x00403c64       0x10 src/main.o
 .rodata.image_data_sourcecodepro_28_0x49
                0x00403c74       0x9c src/main.o
 .rodata.sourcecodepro_28_0x49
                0x00403d10       0x10 src/main.o
 .rodata.image_data_sourcecodepro_28_0x4a
                0x00403d20       0xea src/main.o
 *fill*         0x00403e0a        0x2 
 .rodata.sourcecodepro_28_0x4a
                0x00403e0c       0x10 src/main.o
 .rodata.image_data_sourcecodepro_28_0x4b
                0x00403e1c      0x138 src/main.o
 .rodata.sourcecodepro_28_0x4b
                0x00403f54       0x10 src/main.o
 .rodata.image_data_sourcecodepro_28_0x4c
                0x00403f64      0x111 src/main.o
 *fill*         0x00404075        0x3 
 .rodata.sourcecodepro_28_0x4c
                0x00404078       0x10 src/main.o
 .rodata.image_data_sourcecodepro_28_0x4d
                0x00404088      0x186 src/main.o
 *fill*         0x0040420e        0x2 
 .rodata.sourcecodepro_28_0x4d
                0x00404210       0x10 src/main.o
 .rodata.image_data_sourcecodepro_28_0x4e
                0x00404220      0x15f src/main.o
 *fill*         0x0040437f        0x1 
 .rodata.sourcecodepro_28_0x4e
                0x00404380       0x10 src/main.o
 .rodata.image_data_sourcecodepro_28_0x4f
                0x00404390      0x186 src/main.o
 *fill*         0x00404516        0x2 
 .rodata.sourcecodepro_28_0x4f
                0x00404518       0x10 src/main.o
 .rodata.image_data_sourcecodepro_28_0x50
                0x00404528      0x138 src/main.o
 .rodata.sourcecodepro_28_0x50
                0x00404660       0x10 src/main.o
 .rodata.image_data_sourcecodepro_28_0x51
                0x00404670      0x186 src/main.o
 *fill*         0x004047f6        0x2 
 .rodata.sourcecodepro_28_0x51
                0x004047f8       0x10 src/main.o
 .rodata.image_data_sourcecodepro_28_0x52
                0x00404808      0x15f src/main.o
 *fill*         0x00404967        0x1 
 .rodata.sourcecodepro_28_0x52
                0x00404968       0x10 src/main.o
 .rodata.image_data_sourcecodepro_28_0x53
                0x00404978      0x138 src/main.o
 .rodata.sourcecodepro_28_0x53
                0x00404ab0       0x10 src/main.o
 .rodata.image_data_sourcecodepro_28_0x54
                0x00404ac0      0x138 src/main.o
 .rodata.sourcecodepro_28_0x54
                0x00404bf8       0x10 src/main.o
 .rodata.image_data_sourcecodepro_28_0x55
                0x00404c08      0x15f src/main.o
 *fill*         0x00404d67        0x1 
 .rodata.sourcecodepro_28_0x55
                0x00404d68       0x10 src/main.o
 .rodata.image_data_sourcecodepro_28_0x56
                0x00404d78      0x138 src/main.o
 .rodata.sourcecodepro_28_0x56
                0x00404eb0       0x10 src/main.o
 .rodata.image_data_sourcecodepro_28_0x57
                0x00404ec0      0x222 src/main.o
 *fill*         0x004050e2        0x2 
 .rodata.sourcecodepro_28_0x57
                0x004050e4       0x10 src/main.o
 .rodata.image_data_sourcecodepro_28_0x58
                0x004050f4      0x138 src/main.o
 .rodata.sourcecodepro_28_0x58
                0x0040522c       0x10 src/main.o
 .rodata.image_data_sourcecodepro_28_0x59
                0x0040523c      0x138 src/main.o
 .rodata.sourcecodepro_28_0x59
                0x00405374       0x10 src/main.o
 .rodata.image_data_sourcecodepro_28_0x5a
                0x00405384      0x138 src/main.o
 .rodata.sourcecodepro_28_0x5a
                0x004054bc       0x10 src/main.o
 .rodata.sourcecodepro_28_array
                0x004054cc       0xd0 src/main.o
 .rodata.sourcecodepro_28
                0x0040559c        0xc src/main.o
                0x0040559c                sourcecodepro_28
 .rodata.image_data_calibri_36_0x20
                0x004055a8      0x378 src/main.o
 .rodata.calibri_36_0x20
                0x00405920       0x10 src/main.o
 .rodata.image_data_calibri_36_0x21
                0x00405930      0x534 src/main.o
 .rodata.calibri_36_0x21
                0x00405e64       0x10 src/main.o
 .rodata.image_data_calibri_36_0x22
                0x00405e74      0x612 src/main.o
 *fill*         0x00406486        0x2 
 .rodata.calibri_36_0x22
                0x00406488       0x10 src/main.o
 .rodata.image_data_calibri_36_0x23
                0x00406498      0x7ce src/main.o
 *fill*         0x00406c66        0x2 
 .rodata.calibri_36_0x23
                0x00406c68       0x10 src/main.o
 .rodata.image_data_calibri_36_0x24
                0x00406c78      0x7ce src/main.o
 *fill*         0x00407446        0x2 
 .rodata.calibri_36_0x24
                0x00407448       0x10 src/main.o
 .rodata.image_data_calibri_36_0x25
                0x00407458      0xb46 src/main.o
 *fill*         0x00407f9e        0x2 
 .rodata.calibri_36_0x25
                0x00407fa0       0x10 src/main.o
 .rodata.image_data_calibri_36_0x26
                0x00407fb0      0xad7 src/main.o
 *fill*         0x00408a87        0x1 
 .rodata.calibri_36_0x26
                0x00408a88       0x10 src/main.o
 .rodata.image_data_calibri_36_0x27
                0x00408a98      0x378 src/main.o
 .rodata.calibri_36_0x27
                0x00408e10       0x10 src/main.o
 .rodata.image_data_calibri_36_0x28
                0x00408e20      0x4c5 src/main.o
 *fill*         0x004092e5        0x3 
 .rodata.calibri_36_0x28
                0x004092e8       0x10 src/main.o
 .rodata.image_data_calibri_36_0x29
                0x004092f8      0x4c5 src/main.o
 *fill*         0x004097bd        0x3 
 .rodata.calibri_36_0x29
                0x004097c0       0x10 src/main.o
 .rodata.image_data_calibri_36_0x2a
                0x004097d0      0x7ce src/main.o
 *fill*         0x00409f9e        0x2 
 .rodata.calibri_36_0x2a
                0x00409fa0       0x10 src/main.o
 .rodata.image_data_calibri_36_0x2b
                0x00409fb0      0x7ce src/main.o
 *fill*         0x0040a77e        0x2 
 .rodata.calibri_36_0x2b
                0x0040a780       0x10 src/main.o
 .rodata.image_data_calibri_36_0x2c
                0x0040a790      0x3e7 src/main.o
 *fill*         0x0040ab77        0x1 
 .rodata.calibri_36_0x2c
                0x0040ab78       0x10 src/main.o
 .rodata.image_data_calibri_36_0x2d
                0x0040ab88      0x4c5 src/main.o
 *fill*         0x0040b04d        0x3 
 .rodata.calibri_36_0x2d
                0x0040b050       0x10 src/main.o
 .rodata.image_data_calibri_36_0x2e
                0x0040b060      0x3e7 src/main.o
 *fill*         0x0040b447        0x1 
 .rodata.calibri_36_0x2e
                0x0040b448       0x10 src/main.o
 .rodata.image_data_calibri_36_0x2f
                0x0040b458      0x612 src/main.o
 *fill*         0x0040ba6a        0x2 
 .rodata.calibri_36_0x2f
                0x0040ba6c       0x10 src/main.o
 .rodata.image_data_calibri_36_0x30
                0x0040ba7c      0x7ce src/main.o
 *fill*         0x0040c24a        0x2 
 .rodata.calibri_36_0x30
                0x0040c24c       0x10 src/main.o
 .rodata.image_data_calibri_36_0x31
                0x0040c25c      0x7ce src/main.o
 *fill*         0x0040ca2a        0x2 
 .rodata.calibri_36_0x31
                0x0040ca2c       0x10 src/main.o
 .rodata.image_data_calibri_36_0x32
                0x0040ca3c      0x7ce src/main.o
 *fill*         0x0040d20a        0x2 
 .rodata.calibri_36_0x32
                0x0040d20c       0x10 src/main.o
 .rodata.image_data_calibri_36_0x33
                0x0040d21c      0x7ce src/main.o
 *fill*         0x0040d9ea        0x2 
 .rodata.calibri_36_0x33
                0x0040d9ec       0x10 src/main.o
 .rodata.image_data_calibri_36_0x34
                0x0040d9fc      0x7ce src/main.o
 *fill*         0x0040e1ca        0x2 
 .rodata.calibri_36_0x34
                0x0040e1cc       0x10 src/main.o
 .rodata.image_data_calibri_36_0x35
                0x0040e1dc      0x7ce src/main.o
 *fill*         0x0040e9aa        0x2 
 .rodata.calibri_36_0x35
                0x0040e9ac       0x10 src/main.o
 .rodata.image_data_calibri_36_0x36
                0x0040e9bc      0x7ce src/main.o
 *fill*         0x0040f18a        0x2 
 .rodata.calibri_36_0x36
                0x0040f18c       0x10 src/main.o
 .rodata.image_data_calibri_36_0x37
                0x0040f19c      0x7ce src/main.o
 *fill*         0x0040f96a        0x2 
 .rodata.calibri_36_0x37
                0x0040f96c       0x10 src/main.o
 .rodata.image_data_calibri_36_0x38
                0x0040f97c      0x7ce src/main.o
 *fill*         0x0041014a        0x2 
 .rodata.calibri_36_0x38
                0x0041014c       0x10 src/main.o
 .rodata.image_data_calibri_36_0x39
                0x0041015c      0x7ce src/main.o
 *fill*         0x0041092a        0x2 
 .rodata.calibri_36_0x39
                0x0041092c       0x10 src/main.o
 .rodata.image_data_calibri_36_0x3a
                0x0041093c      0x456 src/main.o
 *fill*         0x00410d92        0x2 
 .rodata.calibri_36_0x3a
                0x00410d94       0x10 src/main.o
 .rodata.image_data_calibri_36_0x3b
                0x00410da4      0x456 src/main.o
 *fill*         0x004111fa        0x2 
 .rodata.calibri_36_0x3b
                0x004111fc       0x10 src/main.o
 .rodata.image_data_calibri_36_0x3c
                0x0041120c      0x7ce src/main.o
 *fill*         0x004119da        0x2 
 .rodata.calibri_36_0x3c
                0x004119dc       0x10 src/main.o
 .rodata.image_data_calibri_36_0x3d
                0x004119ec      0x7ce src/main.o
 *fill*         0x004121ba        0x2 
 .rodata.calibri_36_0x3d
                0x004121bc       0x10 src/main.o
 .rodata.image_data_calibri_36_0x3e
                0x004121cc      0x7ce src/main.o
 *fill*         0x0041299a        0x2 
 .rodata.calibri_36_0x3e
                0x0041299c       0x10 src/main.o
 .rodata.image_data_calibri_36_0x3f
                0x004129ac      0x75f src/main.o
 *fill*         0x0041310b        0x1 
 .rodata.calibri_36_0x3f
                0x0041310c       0x10 src/main.o
 .rodata.image_data_calibri_36_0x40
                0x0041311c      0xde0 src/main.o
 .rodata.calibri_36_0x40
                0x00413efc       0x10 src/main.o
 .rodata.image_data_calibri_36_0x41
                0x00413f0c      0x91b src/main.o
 *fill*         0x00414827        0x1 
 .rodata.calibri_36_0x41
                0x00414828       0x10 src/main.o
 .rodata.image_data_calibri_36_0x42
                0x00414838      0x8ac src/main.o
 .rodata.calibri_36_0x42
                0x004150e4       0x10 src/main.o
 .rodata.image_data_calibri_36_0x43
                0x004150f4      0x83d src/main.o
 *fill*         0x00415931        0x3 
 .rodata.calibri_36_0x43
                0x00415934       0x10 src/main.o
 .rodata.image_data_calibri_36_0x44
                0x00415944      0x98a src/main.o
 *fill*         0x004162ce        0x2 
 .rodata.calibri_36_0x44
                0x004162d0       0x10 src/main.o
 .rodata.image_data_calibri_36_0x45
                0x004162e0      0x7ce src/main.o
 *fill*         0x00416aae        0x2 
 .rodata.calibri_36_0x45
                0x00416ab0       0x10 src/main.o
 .rodata.image_data_calibri_36_0x46
                0x00416ac0      0x75f src/main.o
 *fill*         0x0041721f        0x1 
 .rodata.calibri_36_0x46
                0x00417220       0x10 src/main.o
 .rodata.image_data_calibri_36_0x47
                0x00417230      0x9f9 src/main.o
 *fill*         0x00417c29        0x3 
 .rodata.calibri_36_0x47
                0x00417c2c       0x10 src/main.o
 .rodata.image_data_calibri_36_0x48
                0x00417c3c      0x98a src/main.o
 *fill*         0x004185c6        0x2 
 .rodata.calibri_36_0x48
                0x004185c8       0x10 src/main.o
 .rodata.image_data_calibri_36_0x49
                0x004185d8      0x3e7 src/main.o
 *fill*         0x004189bf        0x1 
 .rodata.calibri_36_0x49
                0x004189c0       0x10 src/main.o
 .rodata.image_data_calibri_36_0x4a
                0x004189d0      0x4c5 src/main.o
 *fill*         0x00418e95        0x3 
 .rodata.calibri_36_0x4a
                0x00418e98       0x10 src/main.o
 .rodata.image_data_calibri_36_0x4b
                0x00418ea8      0x83d src/main.o
 *fill*         0x004196e5        0x3 
 .rodata.calibri_36_0x4b
                0x004196e8       0x10 src/main.o
 .rodata.image_data_calibri_36_0x4c
                0x004196f8      0x681 src/main.o
 *fill*         0x00419d79        0x3 
 .rodata.calibri_36_0x4c
                0x00419d7c       0x10 src/main.o
 .rodata.image_data_calibri_36_0x4d
                0x00419d8c      0xd71 src/main.o
 *fill*         0x0041aafd        0x3 
 .rodata.calibri_36_0x4d
                0x0041ab00       0x10 src/main.o
 .rodata.image_data_calibri_36_0x4e
                0x0041ab10      0x9f9 src/main.o
 *fill*         0x0041b509        0x3 
 .rodata.calibri_36_0x4e
                0x0041b50c       0x10 src/main.o
 .rodata.image_data_calibri_36_0x4f
                0x0041b51c      0xa68 src/main.o
 .rodata.calibri_36_0x4f
                0x0041bf84       0x10 src/main.o
 .rodata.image_data_calibri_36_0x50
                0x0041bf94      0x83d src/main.o
 *fill*         0x0041c7d1        0x3 
 .rodata.calibri_36_0x50
                0x0041c7d4       0x10 src/main.o
 .rodata.image_data_calibri_36_0x51
                0x0041c7e4      0xad7 src/main.o
 *fill*         0x0041d2bb        0x1 
 .rodata.calibri_36_0x51
                0x0041d2bc       0x10 src/main.o
 .rodata.image_data_calibri_36_0x52
                0x0041d2cc      0x8ac src/main.o
 .rodata.calibri_36_0x52
                0x0041db78       0x10 src/main.o
 .rodata.image_data_calibri_36_0x53
                0x0041db88      0x75f src/main.o
 *fill*         0x0041e2e7        0x1 
 .rodata.calibri_36_0x53
                0x0041e2e8       0x10 src/main.o
 .rodata.image_data_calibri_36_0x54
                0x0041e2f8      0x7ce src/main.o
 *fill*         0x0041eac6        0x2 
 .rodata.calibri_36_0x54
                0x0041eac8       0x10 src/main.o
 .rodata.image_data_calibri_36_0x55
                0x0041ead8      0x9f9 src/main.o
 *fill*         0x0041f4d1        0x3 
 .rodata.calibri_36_0x55
                0x0041f4d4       0x10 src/main.o
 .rodata.image_data_calibri_36_0x56
                0x0041f4e4      0x8ac src/main.o
 .rodata.calibri_36_0x56
                0x0041fd90       0x10 src/main.o
 .rodata.image_data_calibri_36_0x57
                0x0041fda0      0xde0 src/main.o
 .rodata.calibri_36_0x57
                0x00420b80       0x10 src/main.o
 .rodata.image_data_calibri_36_0x58
                0x00420b90      0x83d src/main.o
 *fill*         0x004213cd        0x3 
 .rodata.calibri_36_0x58
                0x004213d0       0x10 src/main.o
 .rodata.image_data_calibri_36_0x59
                0x004213e0      0x7ce src/main.o
 *fill*         0x00421bae        0x2 
 .rodata.calibri_36_0x59
                0x00421bb0       0x10 src/main.o
 .rodata.image_data_calibri_36_0x5a
                0x00421bc0      0x75f src/main.o
 *fill*         0x0042231f        0x1 
 .rodata.calibri_36_0x5a
                0x00422320       0x10 src/main.o
 .rodata.image_data_calibri_36_0x5b
                0x00422330      0x4c5 src/main.o
 *fill*         0x004227f5        0x3 
 .rodata.calibri_36_0x5b
                0x004227f8       0x10 src/main.o
 .rodata.image_data_calibri_36_0x5c
                0x00422808      0x612 src/main.o
 *fill*         0x00422e1a        0x2 
 .rodata.calibri_36_0x5c
                0x00422e1c       0x10 src/main.o
 .rodata.image_data_calibri_36_0x5d
                0x00422e2c      0x4c5 src/main.o
 *fill*         0x004232f1        0x3 
 .rodata.calibri_36_0x5d
                0x004232f4       0x10 src/main.o
 .rodata.image_data_calibri_36_0x5e
                0x00423304      0x7ce src/main.o
 *fill*         0x00423ad2        0x2 
 .rodata.calibri_36_0x5e
                0x00423ad4       0x10 src/main.o
 .rodata.image_data_calibri_36_0x5f
                0x00423ae4      0x7ce src/main.o
 *fill*         0x004242b2        0x2 
 .rodata.calibri_36_0x5f
                0x004242b4       0x10 src/main.o
 .rodata.image_data_calibri_36_0x60
                0x004242c4      0x456 src/main.o
 *fill*         0x0042471a        0x2 
 .rodata.calibri_36_0x60
                0x0042471c       0x10 src/main.o
 .rodata.image_data_calibri_36_0x61
                0x0042472c      0x75f src/main.o
 *fill*         0x00424e8b        0x1 
 .rodata.calibri_36_0x61
                0x00424e8c       0x10 src/main.o
 .rodata.image_data_calibri_36_0x62
                0x00424e9c      0x83d src/main.o
 *fill*         0x004256d9        0x3 
 .rodata.calibri_36_0x62
                0x004256dc       0x10 src/main.o
 .rodata.image_data_calibri_36_0x63
                0x004256ec      0x681 src/main.o
 *fill*         0x00425d6d        0x3 
 .rodata.calibri_36_0x63
                0x00425d70       0x10 src/main.o
 .rodata.image_data_calibri_36_0x64
                0x00425d80      0x83d src/main.o
 *fill*         0x004265bd        0x3 
 .rodata.calibri_36_0x64
                0x004265c0       0x10 src/main.o
 .rodata.image_data_calibri_36_0x65
                0x004265d0      0x7ce src/main.o
 *fill*         0x00426d9e        0x2 
 .rodata.calibri_36_0x65
                0x00426da0       0x10 src/main.o
 .rodata.image_data_calibri_36_0x66
                0x00426db0      0x4c5 src/main.o
 *fill*         0x00427275        0x3 
 .rodata.calibri_36_0x66
                0x00427278       0x10 src/main.o
 .rodata.image_data_calibri_36_0x67
                0x00427288      0x75f src/main.o
 *fill*         0x004279e7        0x1 
 .rodata.calibri_36_0x67
                0x004279e8       0x10 src/main.o
 .rodata.image_data_calibri_36_0x68
                0x004279f8      0x83d src/main.o
 *fill*         0x00428235        0x3 
 .rodata.calibri_36_0x68
                0x00428238       0x10 src/main.o
 .rodata.image_data_calibri_36_0x69
                0x00428248      0x378 src/main.o
 .rodata.calibri_36_0x69
                0x004285c0       0x10 src/main.o
 .rodata.image_data_calibri_36_0x6a
                0x004285d0      0x3e7 src/main.o
 *fill*         0x004289b7        0x1 
 .rodata.calibri_36_0x6a
                0x004289b8       0x10 src/main.o
 .rodata.image_data_calibri_36_0x6b
                0x004289c8      0x6f0 src/main.o
 .rodata.calibri_36_0x6b
                0x004290b8       0x10 src/main.o
 .rodata.image_data_calibri_36_0x6c
                0x004290c8      0x378 src/main.o
 .rodata.calibri_36_0x6c
                0x00429440       0x10 src/main.o
 .rodata.image_data_calibri_36_0x6d
                0x00429450      0xc93 src/main.o
 *fill*         0x0042a0e3        0x1 
 .rodata.calibri_36_0x6d
                0x0042a0e4       0x10 src/main.o
 .rodata.image_data_calibri_36_0x6e
                0x0042a0f4      0x83d src/main.o
 *fill*         0x0042a931        0x3 
 .rodata.calibri_36_0x6e
                0x0042a934       0x10 src/main.o
 .rodata.image_data_calibri_36_0x6f
                0x0042a944      0x83d src/main.o
 *fill*         0x0042b181        0x3 
 .rodata.calibri_36_0x6f
                0x0042b184       0x10 src/main.o
 .rodata.image_data_calibri_36_0x70
                0x0042b194      0x83d src/main.o
 *fill*         0x0042b9d1        0x3 
 .rodata.calibri_36_0x70
                0x0042b9d4       0x10 src/main.o
 .rodata.image_data_calibri_36_0x71
                0x0042b9e4      0x83d src/main.o
 *fill*         0x0042c221        0x3 
 .rodata.calibri_36_0x71
                0x0042c224       0x10 src/main.o
 .rodata.image_data_calibri_36_0x72
                0x0042c234      0x5a3 src/main.o
 *fill*         0x0042c7d7        0x1 
 .rodata.calibri_36_0x72
                0x0042c7d8       0x10 src/main.o
 .rodata.image_data_calibri_36_0x73
                0x0042c7e8      0x612 src/main.o
 *fill*         0x0042cdfa        0x2 
 .rodata.calibri_36_0x73
                0x0042cdfc       0x10 src/main.o
 .rodata.image_data_calibri_36_0x74
                0x0042ce0c      0x534 src/main.o
 .rodata.calibri_36_0x74
                0x0042d340       0x10 src/main.o
 .rodata.image_data_calibri_36_0x75
                0x0042d350      0x83d src/main.o
 *fill*         0x0042db8d        0x3 
 .rodata.calibri_36_0x75
                0x0042db90       0x10 src/main.o
 .rodata.image_data_calibri_36_0x76
                0x0042dba0      0x6f0 src/main.o
 .rodata.calibri_36_0x76
                0x0042e290       0x10 src/main.o
 .rodata.image_data_calibri_36_0x77
                0x0042e2a0      0xb46 src/main.o
 *fill*         0x0042ede6        0x2 
 .rodata.calibri_36_0x77
                0x0042ede8       0x10 src/main.o
 .rodata.image_data_calibri_36_0x78
                0x0042edf8      0x6f0 src/main.o
 .rodata.calibri_36_0x78
                0x0042f4e8       0x10 src/main.o
 .rodata.image_data_calibri_36_0x79
                0x0042f4f8      0x6f0 src/main.o
 .rodata.calibri_36_0x79
                0x0042fbe8       0x10 src/main.o
 .rodata.image_data_calibri_36_0x7a
                0x0042fbf8      0x612 src/main.o
 *fill*         0x0043020a        0x2 
 .rodata.calibri_36_0x7a
                0x0043020c       0x10 src/main.o
 .rodata.image_data_calibri_36_0x7b
                0x0043021c      0x4c5 src/main.o
 *fill*         0x004306e1        0x3 
 .rodata.calibri_36_0x7b
                0x004306e4       0x10 src/main.o
 .rodata.image_data_calibri_36_0x7c
                0x004306f4      0x75f src/main.o
 *fill*         0x00430e53        0x1 
 .rodata.calibri_36_0x7c
                0x00430e54       0x10 src/main.o
 .rodata.image_data_calibri_36_0x7d
                0x00430e64      0x4c5 src/main.o
 *fill*         0x00431329        0x3 
 .rodata.calibri_36_0x7d
                0x0043132c       0x10 src/main.o
 .rodata.image_data_calibri_36_0x7e
                0x0043133c      0x7ce src/main.o
 *fill*         0x00431b0a        0x2 
 .rodata.calibri_36_0x7e
                0x00431b0c       0x10 src/main.o
 .rodata.calibri_36_array
                0x00431b1c      0x2f8 src/main.o
 .rodata.calibri_36
                0x00431e14        0xc src/main.o
                0x00431e14                calibri_36
 .rodata.image_data_arial_72_0x30
                0x00431e20     0x2760 src/main.o
 .rodata.arial_72_0x30
                0x00434580       0x10 src/main.o
 .rodata.image_data_arial_72_0x31
                0x00434590     0x2760 src/main.o
 .rodata.arial_72_0x31
                0x00436cf0       0x10 src/main.o
 .rodata.image_data_arial_72_0x32
                0x00436d00     0x2760 src/main.o
 .rodata.arial_72_0x32
                0x00439460       0x10 src/main.o
 .rodata.image_data_arial_72_0x33
                0x00439470     0x2760 src/main.o
 .rodata.arial_72_0x33
                0x0043bbd0       0x10 src/main.o
 .rodata.image_data_arial_72_0x34
                0x0043bbe0     0x2760 src/main.o
 .rodata.arial_72_0x34
                0x0043e340       0x10 src/main.o
 .rodata.image_data_arial_72_0x35
                0x0043e350     0x2760 src/main.o
 .rodata.arial_72_0x35
                0x00440ab0       0x10 src/main.o
 .rodata.image_data_arial_72_0x36
                0x00440ac0     0x2760 src/main.o
 .rodata.arial_72_0x36
                0x00443220       0x10 src/main.o
 .rodata.image_data_arial_72_0x37
                0x00443230     0x2760 src/main.o
 .rodata.arial_72_0x37
                0x00445990       0x10 src/main.o
 .rodata.image_data_arial_72_0x38
                0x004459a0     0x2760 src/main.o
 .rodata.arial_72_0x38
                0x00448100       0x10 src/main.o
 .rodata.image_data_arial_72_0x39
                0x00448110     0x2760 src/main.o
 .rodata.arial_72_0x39
                0x0044a870       0x10 src/main.o
 .rodata.arial_72_array
                0x0044a880       0x50 src/main.o
 .rodata.arial_72
                0x0044a8d0        0xc src/main.o
                0x0044a8d0                arial_72
 .rodata        0x0044a8dc       0x1f src/main.o
 *fill*         0x0044a8fb        0x1 
 .rodata._global_impure_ptr
                0x0044a8fc        0x4 c:/program files (x86)/atmel/studio/7.0/toolchain/arm/arm-gnu-toolchain/bin/../lib/gcc/arm-none-eabi/6.3.1/../../../../arm-none-eabi/lib/thumb/v7e-m\libc.a(lib_a-impure.o)
                0x0044a8fc                _global_impure_ptr
 *(.ARM.extab* .gnu.linkonce.armextab.*)
                0x0044a900                . = ALIGN (0x4)
 *(.init)
 .init          0x0044a900        0x4 c:/program files (x86)/atmel/studio/7.0/toolchain/arm/arm-gnu-toolchain/bin/../lib/gcc/arm-none-eabi/6.3.1/thumb/v7e-m/crti.o
                0x0044a900                _init
 .init          0x0044a904        0x8 c:/program files (x86)/atmel/studio/7.0/toolchain/arm/arm-gnu-toolchain/bin/../lib/gcc/arm-none-eabi/6.3.1/thumb/v7e-m/crtn.o
                0x0044a90c                . = ALIGN (0x4)
                0x0044a90c                __preinit_array_start = .
 *(.preinit_array)
                0x0044a90c                __preinit_array_end = .
                0x0044a90c                . = ALIGN (0x4)
                0x0044a90c                __init_array_start = .
 *(SORT(.init_array.*))
 .init_array.00000
                0x0044a90c        0x4 c:/program files (x86)/atmel/studio/7.0/toolchain/arm/arm-gnu-toolchain/bin/../lib/gcc/arm-none-eabi/6.3.1/../../../../arm-none-eabi/lib/thumb/v7e-m\libc.a(lib_a-__call_atexit.o)
 *(.init_array)
 .init_array    0x0044a910        0x4 c:/program files (x86)/atmel/studio/7.0/toolchain/arm/arm-gnu-toolchain/bin/../lib/gcc/arm-none-eabi/6.3.1/thumb/v7e-m/crtbegin.o
                0x0044a914                __init_array_end = .
                0x0044a914                . = ALIGN (0x4)
 *crtbegin.o(.ctors)
 *(EXCLUDE_FILE(*crtend.o) .ctors)
 *(SORT(.ctors.*))
 *crtend.o(.ctors)
                0x0044a914                . = ALIGN (0x4)
 *(.fini)
 .fini          0x0044a914        0x4 c:/program files (x86)/atmel/studio/7.0/toolchain/arm/arm-gnu-toolchain/bin/../lib/gcc/arm-none-eabi/6.3.1/thumb/v7e-m/crti.o
                0x0044a914                _fini
 .fini          0x0044a918        0x8 c:/program files (x86)/atmel/studio/7.0/toolchain/arm/arm-gnu-toolchain/bin/../lib/gcc/arm-none-eabi/6.3.1/thumb/v7e-m/crtn.o
                0x0044a920                . = ALIGN (0x4)
                0x0044a920                __fini_array_start = .
 *(.fini_array)
 .fini_array    0x0044a920        0x4 c:/program files (x86)/atmel/studio/7.0/toolchain/arm/arm-gnu-toolchain/bin/../lib/gcc/arm-none-eabi/6.3.1/thumb/v7e-m/crtbegin.o
 *(SORT(.fini_array.*))
                0x0044a924                __fini_array_end = .
 *crtbegin.o(.dtors)
 *(EXCLUDE_FILE(*crtend.o) .dtors)
 *(SORT(.dtors.*))
 *crtend.o(.dtors)
                0x0044a924                . = ALIGN (0x4)
                0x0044a924                _efixed = .
                [!provide]                PROVIDE (__exidx_start, .)

.vfp11_veneer   0x0044a924        0x0
 .vfp11_veneer  0x0044a924        0x0 linker stubs

.v4_bx          0x0044a924        0x0
 .v4_bx         0x0044a924        0x0 linker stubs

.iplt           0x0044a924        0x0
 .iplt          0x0044a924        0x0 c:/program files (x86)/atmel/studio/7.0/toolchain/arm/arm-gnu-toolchain/bin/../lib/gcc/arm-none-eabi/6.3.1/thumb/v7e-m/crtbegin.o

.eh_frame       0x0044a924        0x0
 .eh_frame      0x0044a924        0x0 c:/program files (x86)/atmel/studio/7.0/toolchain/arm/arm-gnu-toolchain/bin/../lib/gcc/arm-none-eabi/6.3.1/thumb/v7e-m/crtbegin.o

.rel.dyn        0x0044a924        0x0
 .rel.iplt      0x0044a924        0x0 c:/program files (x86)/atmel/studio/7.0/toolchain/arm/arm-gnu-toolchain/bin/../lib/gcc/arm-none-eabi/6.3.1/thumb/v7e-m/crtbegin.o

.jcr            0x0044a924        0x0
 .jcr           0x0044a924        0x0 c:/program files (x86)/atmel/studio/7.0/toolchain/arm/arm-gnu-toolchain/bin/../lib/gcc/arm-none-eabi/6.3.1/thumb/v7e-m/crtbegin.o

.igot.plt       0x0044a924        0x0
 .igot.plt      0x0044a924        0x0 c:/program files (x86)/atmel/studio/7.0/toolchain/arm/arm-gnu-toolchain/bin/../lib/gcc/arm-none-eabi/6.3.1/thumb/v7e-m/crtbegin.o

.ARM.exidx
 *(.ARM.exidx* .gnu.linkonce.armexidx.*)
                [!provide]                PROVIDE (__exidx_end, .)
                0x0044a924                . = ALIGN (0x4)
                0x0044a924                _etext = .

.relocate       0x20400000      0x434 load address 0x0044a924
                0x20400000                . = ALIGN (0x4)
                0x20400000                _srelocate = .
 *(.ramfunc .ramfunc.*)
 *(.data .data.*)
 .data.g_interrupt_enabled
                0x20400000        0x1 src/ASF/common/utils/interrupt/interrupt_sam_nvic.o
                0x20400000                g_interrupt_enabled
 *fill*         0x20400001        0x3 
 .data.SystemCoreClock
                0x20400004        0x4 src/ASF/sam/utils/cmsis/same70/source/templates/system_same70.o
                0x20400004                SystemCoreClock
 .data.impure_data
                0x20400008      0x428 c:/program files (x86)/atmel/studio/7.0/toolchain/arm/arm-gnu-toolchain/bin/../lib/gcc/arm-none-eabi/6.3.1/../../../../arm-none-eabi/lib/thumb/v7e-m\libc.a(lib_a-impure.o)
 .data.__atexit_recursive_mutex
                0x20400430        0x4 c:/program files (x86)/atmel/studio/7.0/toolchain/arm/arm-gnu-toolchain/bin/../lib/gcc/arm-none-eabi/6.3.1/../../../../arm-none-eabi/lib/thumb/v7e-m\libc.a(lib_a-__call_atexit.o)
                0x20400430                __atexit_recursive_mutex
                0x20400434                . = ALIGN (0x4)
                0x20400434                _erelocate = .

.bss            0x20400434      0x490 load address 0x0044ad58
                0x20400434                . = ALIGN (0x4)
                0x20400434                _sbss = .
                0x20400434                _szero = .
 *(.bss .bss.*)
 .bss           0x20400434       0x1c c:/program files (x86)/atmel/studio/7.0/toolchain/arm/arm-gnu-toolchain/bin/../lib/gcc/arm-none-eabi/6.3.1/thumb/v7e-m/crtbegin.o
 .bss.g_wobits_in_rtt_mr
                0x20400450        0x4 src/ASF/sam/drivers/rtt/rtt.o
 .bss.f_rtt_alarme
                0x20400454        0x1 src/main.o
                0x20400454                f_rtt_alarme
 *fill*         0x20400455        0x3 
 .bss.g_ul_pixel_cache
                0x20400458      0x3c0 src/ASF/sam/components/display/ili9488/ili9488.o
 .bss.gs_interrupt_sources
                0x20400818       0x70 src/ASF/sam/drivers/pio/pio_handler.o
 .bss.gs_ul_nb_sources
                0x20400888        0x4 src/ASF/sam/drivers/pio/pio_handler.o
 *(COMMON)
 COMMON         0x2040088c       0x14 src/main.o
                0x2040088c                contador_roda
                0x20400890                g_ili9488_display_opt
 COMMON         0x204008a0       0x21 c:/program files (x86)/atmel/studio/7.0/toolchain/arm/arm-gnu-toolchain/bin/../lib/gcc/arm-none-eabi/6.3.1/../../../../arm-none-eabi/lib/thumb/v7e-m\libc.a(lib_a-lock.o)
                0x204008a0                __lock___atexit_recursive_mutex
                0x204008a4                __lock___arc4random_mutex
                0x204008a8                __lock___env_recursive_mutex
                0x204008ac                __lock___sinit_recursive_mutex
                0x204008b0                __lock___malloc_recursive_mutex
                0x204008b4                __lock___at_quick_exit_mutex
                0x204008b8                __lock___dd_hash_mutex
                0x204008bc                __lock___tz_mutex
                0x204008c0                __lock___sfp_recursive_mutex
                0x204008c4                . = ALIGN (0x4)
 *fill*         0x204008c1        0x3 
                0x204008c4                _ebss = .
                0x204008c4                _ezero = .

.stack          0x204008c4     0x2004 load address 0x0044b1e8
                0x204008c8                . = ALIGN (0x8)
 *fill*         0x204008c4        0x4 
                0x204008c8                _sstack = .
                0x204028c8                . = (. + STACK_SIZE)
 *fill*         0x204008c8     0x2000 
                0x204028c8                . = ALIGN (0x8)
                0x204028c8                _estack = .

.heap           0x204028c8      0x200 load address 0x0044d1ec
                0x204028c8                . = ALIGN (0x8)
                0x204028c8                _sheap = .
                0x20402ac8                . = (. + HEAP_SIZE)
 *fill*         0x204028c8      0x200 
                0x20402ac8                . = ALIGN (0x8)
                0x20402ac8                _eheap = .
                0x20402ac8                . = ALIGN (0x4)
                0x20402ac8                _end = .
                0x2045ffff                _ram_end_ = ((ORIGIN (ram) + LENGTH (ram)) - 0x1)
OUTPUT(SAME70_FONTS.elf elf32-littlearm)

.ARM.attributes
                0x00000000       0x2e
 .ARM.attributes
                0x00000000       0x1e c:/program files (x86)/atmel/studio/7.0/toolchain/arm/arm-gnu-toolchain/bin/../lib/gcc/arm-none-eabi/6.3.1/thumb/v7e-m/crti.o
 .ARM.attributes
                0x0000001e       0x2e c:/program files (x86)/atmel/studio/7.0/toolchain/arm/arm-gnu-toolchain/bin/../lib/gcc/arm-none-eabi/6.3.1/thumb/v7e-m/crtbegin.o
 .ARM.attributes
                0x0000004c       0x37 src/ASF/sam/drivers/rtt/rtt.o
 .ARM.attributes
                0x00000083       0x37 src/main.o
 .ARM.attributes
                0x000000ba       0x37 src/ASF/common/services/spi/sam_spi/spi_master.o
 .ARM.attributes
                0x000000f1       0x37 src/ASF/sam/components/display/ili9488/ili9488.o
 .ARM.attributes
                0x00000128       0x37 src/ASF/sam/drivers/spi/spi.o
 .ARM.attributes
                0x0000015f       0x37 src/ASF/common/services/clock/same70/sysclk.o
 .ARM.attributes
                0x00000196       0x37 src/ASF/common/utils/interrupt/interrupt_sam_nvic.o
 .ARM.attributes
                0x000001cd       0x37 src/ASF/sam/boards/same70_xplained/init.o
 .ARM.attributes
                0x00000204       0x37 src/ASF/sam/drivers/pio/pio.o
 .ARM.attributes
                0x0000023b       0x37 src/ASF/sam/drivers/pio/pio_handler.o
 .ARM.attributes
                0x00000272       0x37 src/ASF/sam/drivers/pmc/pmc.o
 .ARM.attributes
                0x000002a9       0x37 src/ASF/sam/utils/cmsis/same70/source/templates/gcc/startup_same70.o
 .ARM.attributes
                0x000002e0       0x37 src/ASF/sam/utils/cmsis/same70/source/templates/system_same70.o
 .ARM.attributes
                0x00000317       0x2e c:/program files (x86)/atmel/studio/7.0/toolchain/arm/arm-gnu-toolchain/bin/../lib/gcc/arm-none-eabi/6.3.1/../../../../arm-none-eabi/lib/thumb/v7e-m\libc.a(lib_a-impure.o)
 .ARM.attributes
                0x00000345       0x2e c:/program files (x86)/atmel/studio/7.0/toolchain/arm/arm-gnu-toolchain/bin/../lib/gcc/arm-none-eabi/6.3.1/../../../../arm-none-eabi/lib/thumb/v7e-m\libc.a(lib_a-init.o)
 .ARM.attributes
                0x00000373       0x2e c:/program files (x86)/atmel/studio/7.0/toolchain/arm/arm-gnu-toolchain/bin/../lib/gcc/arm-none-eabi/6.3.1/../../../../arm-none-eabi/lib/thumb/v7e-m\libc.a(lib_a-__call_atexit.o)
 .ARM.attributes
                0x000003a1       0x2e c:/program files (x86)/atmel/studio/7.0/toolchain/arm/arm-gnu-toolchain/bin/../lib/gcc/arm-none-eabi/6.3.1/../../../../arm-none-eabi/lib/thumb/v7e-m\libc.a(lib_a-atexit.o)
 .ARM.attributes
                0x000003cf       0x2e c:/program files (x86)/atmel/studio/7.0/toolchain/arm/arm-gnu-toolchain/bin/../lib/gcc/arm-none-eabi/6.3.1/../../../../arm-none-eabi/lib/thumb/v7e-m\libc.a(lib_a-fini.o)
 .ARM.attributes
                0x000003fd       0x2e c:/program files (x86)/atmel/studio/7.0/toolchain/arm/arm-gnu-toolchain/bin/../lib/gcc/arm-none-eabi/6.3.1/../../../../arm-none-eabi/lib/thumb/v7e-m\libc.a(lib_a-lock.o)
 .ARM.attributes
                0x0000042b       0x2e c:/program files (x86)/atmel/studio/7.0/toolchain/arm/arm-gnu-toolchain/bin/../lib/gcc/arm-none-eabi/6.3.1/../../../../arm-none-eabi/lib/thumb/v7e-m\libc.a(lib_a-__atexit.o)
 .ARM.attributes
                0x00000459       0x1e c:/program files (x86)/atmel/studio/7.0/toolchain/arm/arm-gnu-toolchain/bin/../lib/gcc/arm-none-eabi/6.3.1/thumb/v7e-m/crtn.o

.comment        0x00000000       0x59
 .comment       0x00000000       0x59 src/ASF/sam/drivers/rtt/rtt.o
                                 0x5a (size before relaxing)
 .comment       0x00000059       0x5a src/main.o
 .comment       0x00000059       0x5a src/ASF/common/services/spi/sam_spi/spi_master.o
 .comment       0x00000059       0x5a src/ASF/sam/components/display/ili9488/ili9488.o
 .comment       0x00000059       0x5a src/ASF/sam/drivers/spi/spi.o
 .comment       0x00000059       0x5a src/ASF/common/services/clock/same70/sysclk.o
 .comment       0x00000059       0x5a src/ASF/common/utils/interrupt/interrupt_sam_nvic.o
 .comment       0x00000059       0x5a src/ASF/sam/boards/same70_xplained/init.o
 .comment       0x00000059       0x5a src/ASF/sam/drivers/pio/pio.o
 .comment       0x00000059       0x5a src/ASF/sam/drivers/pio/pio_handler.o
 .comment       0x00000059       0x5a src/ASF/sam/drivers/pmc/pmc.o
 .comment       0x00000059       0x5a src/ASF/sam/utils/cmsis/same70/source/templates/gcc/startup_same70.o
 .comment       0x00000059       0x5a src/ASF/sam/utils/cmsis/same70/source/templates/system_same70.o

.debug_info     0x00000000    0x1336d
 .debug_info    0x00000000      0xcaf src/ASF/sam/drivers/rtt/rtt.o
 .debug_info    0x00000caf     0x32e3 src/main.o
 .debug_info    0x00003f92     0x143e src/ASF/common/services/spi/sam_spi/spi_master.o
 .debug_info    0x000053d0     0x208c src/ASF/sam/components/display/ili9488/ili9488.o
 .debug_info    0x0000745c     0x1123 src/ASF/sam/drivers/spi/spi.o
 .debug_info    0x0000857f     0x1311 src/ASF/common/services/clock/same70/sysclk.o
 .debug_info    0x00009890      0xb06 src/ASF/common/utils/interrupt/interrupt_sam_nvic.o
 .debug_info    0x0000a396     0x1dad src/ASF/sam/boards/same70_xplained/init.o
 .debug_info    0x0000c143     0x1ce3 src/ASF/sam/drivers/pio/pio.o
 .debug_info    0x0000de26     0x1a74 src/ASF/sam/drivers/pio/pio_handler.o
 .debug_info    0x0000f89a     0x1eed src/ASF/sam/drivers/pmc/pmc.o
 .debug_info    0x00011787     0x1612 src/ASF/sam/utils/cmsis/same70/source/templates/gcc/startup_same70.o
 .debug_info    0x00012d99      0x5d4 src/ASF/sam/utils/cmsis/same70/source/templates/system_same70.o

.debug_abbrev   0x00000000     0x22a5
 .debug_abbrev  0x00000000      0x203 src/ASF/sam/drivers/rtt/rtt.o
 .debug_abbrev  0x00000203      0x325 src/main.o
 .debug_abbrev  0x00000528      0x305 src/ASF/common/services/spi/sam_spi/spi_master.o
 .debug_abbrev  0x0000082d      0x2f4 src/ASF/sam/components/display/ili9488/ili9488.o
 .debug_abbrev  0x00000b21      0x2cf src/ASF/sam/drivers/spi/spi.o
 .debug_abbrev  0x00000df0      0x296 src/ASF/common/services/clock/same70/sysclk.o
 .debug_abbrev  0x00001086      0x214 src/ASF/common/utils/interrupt/interrupt_sam_nvic.o
 .debug_abbrev  0x0000129a      0x3f4 src/ASF/sam/boards/same70_xplained/init.o
 .debug_abbrev  0x0000168e      0x296 src/ASF/sam/drivers/pio/pio.o
 .debug_abbrev  0x00001924      0x2c9 src/ASF/sam/drivers/pio/pio_handler.o
 .debug_abbrev  0x00001bed      0x2ce src/ASF/sam/drivers/pmc/pmc.o
 .debug_abbrev  0x00001ebb      0x2e8 src/ASF/sam/utils/cmsis/same70/source/templates/gcc/startup_same70.o
 .debug_abbrev  0x000021a3      0x102 src/ASF/sam/utils/cmsis/same70/source/templates/system_same70.o

.debug_loc      0x00000000     0x5960
 .debug_loc     0x00000000      0x330 src/ASF/sam/drivers/rtt/rtt.o
 .debug_loc     0x00000330      0x3e0 src/main.o
 .debug_loc     0x00000710      0x830 src/ASF/common/services/spi/sam_spi/spi_master.o
 .debug_loc     0x00000f40      0xd20 src/ASF/sam/components/display/ili9488/ili9488.o
 .debug_loc     0x00001c60      0x630 src/ASF/sam/drivers/spi/spi.o
 .debug_loc     0x00002290      0x4a0 src/ASF/common/services/clock/same70/sysclk.o
 .debug_loc     0x00002730       0xa0 src/ASF/common/utils/interrupt/interrupt_sam_nvic.o
 .debug_loc     0x000027d0      0x2fc src/ASF/sam/boards/same70_xplained/init.o
 .debug_loc     0x00002acc     0x1174 src/ASF/sam/drivers/pio/pio.o
 .debug_loc     0x00003c40      0x38c src/ASF/sam/drivers/pio/pio_handler.o
 .debug_loc     0x00003fcc     0x1744 src/ASF/sam/drivers/pmc/pmc.o
 .debug_loc     0x00005710      0x16c src/ASF/sam/utils/cmsis/same70/source/templates/gcc/startup_same70.o
 .debug_loc     0x0000587c       0xe4 src/ASF/sam/utils/cmsis/same70/source/templates/system_same70.o

.debug_aranges  0x00000000      0x9e0
 .debug_aranges
                0x00000000       0x60 src/ASF/sam/drivers/rtt/rtt.o
 .debug_aranges
                0x00000060       0x80 src/main.o
 .debug_aranges
                0x000000e0       0xe0 src/ASF/common/services/spi/sam_spi/spi_master.o
 .debug_aranges
                0x000001c0      0x168 src/ASF/sam/components/display/ili9488/ili9488.o
 .debug_aranges
                0x00000328       0xa8 src/ASF/sam/drivers/spi/spi.o
 .debug_aranges
                0x000003d0       0x98 src/ASF/common/services/clock/same70/sysclk.o
 .debug_aranges
                0x00000468       0x28 src/ASF/common/utils/interrupt/interrupt_sam_nvic.o
 .debug_aranges
                0x00000490       0x68 src/ASF/sam/boards/same70_xplained/init.o
 .debug_aranges
                0x000004f8      0x1a8 src/ASF/sam/drivers/pio/pio.o
 .debug_aranges
                0x000006a0       0x80 src/ASF/sam/drivers/pio/pio_handler.o
 .debug_aranges
                0x00000720      0x250 src/ASF/sam/drivers/pmc/pmc.o
 .debug_aranges
                0x00000970       0x40 src/ASF/sam/utils/cmsis/same70/source/templates/gcc/startup_same70.o
 .debug_aranges
                0x000009b0       0x30 src/ASF/sam/utils/cmsis/same70/source/templates/system_same70.o

.debug_ranges   0x00000000      0x988
 .debug_ranges  0x00000000       0x50 src/ASF/sam/drivers/rtt/rtt.o
 .debug_ranges  0x00000050       0x70 src/main.o
 .debug_ranges  0x000000c0       0xd0 src/ASF/common/services/spi/sam_spi/spi_master.o
 .debug_ranges  0x00000190      0x158 src/ASF/sam/components/display/ili9488/ili9488.o
 .debug_ranges  0x000002e8       0x98 src/ASF/sam/drivers/spi/spi.o
 .debug_ranges  0x00000380       0x88 src/ASF/common/services/clock/same70/sysclk.o
 .debug_ranges  0x00000408       0x18 src/ASF/common/utils/interrupt/interrupt_sam_nvic.o
 .debug_ranges  0x00000420       0xd0 src/ASF/sam/boards/same70_xplained/init.o
 .debug_ranges  0x000004f0      0x198 src/ASF/sam/drivers/pio/pio.o
 .debug_ranges  0x00000688       0x70 src/ASF/sam/drivers/pio/pio_handler.o
 .debug_ranges  0x000006f8      0x240 src/ASF/sam/drivers/pmc/pmc.o
 .debug_ranges  0x00000938       0x30 src/ASF/sam/utils/cmsis/same70/source/templates/gcc/startup_same70.o
 .debug_ranges  0x00000968       0x20 src/ASF/sam/utils/cmsis/same70/source/templates/system_same70.o

.debug_macro    0x00000000    0x1f7a3
 .debug_macro   0x00000000      0x681 src/ASF/sam/drivers/rtt/rtt.o
 .debug_macro   0x00000681      0x8d4 src/ASF/sam/drivers/rtt/rtt.o
 .debug_macro   0x00000f55      0x16d src/ASF/sam/drivers/rtt/rtt.o
 .debug_macro   0x000010c2      0x6d7 src/ASF/sam/drivers/rtt/rtt.o
 .debug_macro   0x00001799       0x76 src/ASF/sam/drivers/rtt/rtt.o
 .debug_macro   0x0000180f       0x16 src/ASF/sam/drivers/rtt/rtt.o
 .debug_macro   0x00001825      0x6da src/ASF/sam/drivers/rtt/rtt.o
 .debug_macro   0x00001eff       0x22 src/ASF/sam/drivers/rtt/rtt.o
 .debug_macro   0x00001f21       0x87 src/ASF/sam/drivers/rtt/rtt.o
 .debug_macro   0x00001fa8       0x51 src/ASF/sam/drivers/rtt/rtt.o
 .debug_macro   0x00001ff9       0xef src/ASF/sam/drivers/rtt/rtt.o
 .debug_macro   0x000020e8       0x6a src/ASF/sam/drivers/rtt/rtt.o
 .debug_macro   0x00002152      0x1df src/ASF/sam/drivers/rtt/rtt.o
 .debug_macro   0x00002331       0x51 src/ASF/sam/drivers/rtt/rtt.o
 .debug_macro   0x00002382       0x3b src/ASF/sam/drivers/rtt/rtt.o
 .debug_macro   0x000023bd       0x2d src/ASF/sam/drivers/rtt/rtt.o
 .debug_macro   0x000023ea       0x26 src/ASF/sam/drivers/rtt/rtt.o
 .debug_macro   0x00002410      0xf9a src/ASF/sam/drivers/rtt/rtt.o
 .debug_macro   0x000033aa      0x191 src/ASF/sam/drivers/rtt/rtt.o
 .debug_macro   0x0000353b      0x2ee src/ASF/sam/drivers/rtt/rtt.o
 .debug_macro   0x00003829      0xa23 src/ASF/sam/drivers/rtt/rtt.o
 .debug_macro   0x0000424c      0x1b4 src/ASF/sam/drivers/rtt/rtt.o
 .debug_macro   0x00004400      0x35f src/ASF/sam/drivers/rtt/rtt.o
 .debug_macro   0x0000475f      0x15a src/ASF/sam/drivers/rtt/rtt.o
 .debug_macro   0x000048b9     0x18b3 src/ASF/sam/drivers/rtt/rtt.o
 .debug_macro   0x0000616c       0x1c src/ASF/sam/drivers/rtt/rtt.o
 .debug_macro   0x00006188      0x6a2 src/ASF/sam/drivers/rtt/rtt.o
 .debug_macro   0x0000682a      0x27f src/ASF/sam/drivers/rtt/rtt.o
 .debug_macro   0x00006aa9      0x3ba src/ASF/sam/drivers/rtt/rtt.o
 .debug_macro   0x00006e63      0x4f0 src/ASF/sam/drivers/rtt/rtt.o
 .debug_macro   0x00007353      0x5cb src/ASF/sam/drivers/rtt/rtt.o
 .debug_macro   0x0000791e     0x1527 src/ASF/sam/drivers/rtt/rtt.o
 .debug_macro   0x00008e45     0x2a40 src/ASF/sam/drivers/rtt/rtt.o
 .debug_macro   0x0000b885     0x113e src/ASF/sam/drivers/rtt/rtt.o
 .debug_macro   0x0000c9c3      0xcdb src/ASF/sam/drivers/rtt/rtt.o
 .debug_macro   0x0000d69e      0x3c6 src/ASF/sam/drivers/rtt/rtt.o
 .debug_macro   0x0000da64       0xa0 src/ASF/sam/drivers/rtt/rtt.o
 .debug_macro   0x0000db04       0x76 src/ASF/sam/drivers/rtt/rtt.o
 .debug_macro   0x0000db7a      0x442 src/ASF/sam/drivers/rtt/rtt.o
 .debug_macro   0x0000dfbc       0x64 src/ASF/sam/drivers/rtt/rtt.o
 .debug_macro   0x0000e020      0x299 src/ASF/sam/drivers/rtt/rtt.o
 .debug_macro   0x0000e2b9      0x201 src/ASF/sam/drivers/rtt/rtt.o
 .debug_macro   0x0000e4ba      0x280 src/ASF/sam/drivers/rtt/rtt.o
 .debug_macro   0x0000e73a      0x539 src/ASF/sam/drivers/rtt/rtt.o
 .debug_macro   0x0000ec73      0x64f src/ASF/sam/drivers/rtt/rtt.o
 .debug_macro   0x0000f2c2      0x6cc src/ASF/sam/drivers/rtt/rtt.o
 .debug_macro   0x0000f98e       0x64 src/ASF/sam/drivers/rtt/rtt.o
 .debug_macro   0x0000f9f2      0x4c4 src/ASF/sam/drivers/rtt/rtt.o
 .debug_macro   0x0000feb6      0x237 src/ASF/sam/drivers/rtt/rtt.o
 .debug_macro   0x000100ed      0xa06 src/ASF/sam/drivers/rtt/rtt.o
 .debug_macro   0x00010af3     0x14ec src/ASF/sam/drivers/rtt/rtt.o
 .debug_macro   0x00011fdf       0x40 src/ASF/sam/drivers/rtt/rtt.o
 .debug_macro   0x0001201f       0x76 src/ASF/sam/drivers/rtt/rtt.o
 .debug_macro   0x00012095      0xdd1 src/ASF/sam/drivers/rtt/rtt.o
 .debug_macro   0x00012e66       0x88 src/ASF/sam/drivers/rtt/rtt.o
 .debug_macro   0x00012eee       0x7c src/ASF/sam/drivers/rtt/rtt.o
 .debug_macro   0x00012f6a       0x52 src/ASF/sam/drivers/rtt/rtt.o
 .debug_macro   0x00012fbc      0x133 src/ASF/sam/drivers/rtt/rtt.o
 .debug_macro   0x000130ef      0x133 src/ASF/sam/drivers/rtt/rtt.o
 .debug_macro   0x00013222      0x133 src/ASF/sam/drivers/rtt/rtt.o
 .debug_macro   0x00013355       0x76 src/ASF/sam/drivers/rtt/rtt.o
 .debug_macro   0x000133cb       0x76 src/ASF/sam/drivers/rtt/rtt.o
 .debug_macro   0x00013441      0x2fe src/ASF/sam/drivers/rtt/rtt.o
 .debug_macro   0x0001373f       0xca src/ASF/sam/drivers/rtt/rtt.o
 .debug_macro   0x00013809       0xca src/ASF/sam/drivers/rtt/rtt.o
 .debug_macro   0x000138d3       0xca src/ASF/sam/drivers/rtt/rtt.o
 .debug_macro   0x0001399d      0x13b src/ASF/sam/drivers/rtt/rtt.o
 .debug_macro   0x00013ad8      0x13b src/ASF/sam/drivers/rtt/rtt.o
 .debug_macro   0x00013c13      0x2cd src/ASF/sam/drivers/rtt/rtt.o
 .debug_macro   0x00013ee0       0xbe src/ASF/sam/drivers/rtt/rtt.o
 .debug_macro   0x00013f9e       0x64 src/ASF/sam/drivers/rtt/rtt.o
 .debug_macro   0x00014002       0x46 src/ASF/sam/drivers/rtt/rtt.o
 .debug_macro   0x00014048       0x64 src/ASF/sam/drivers/rtt/rtt.o
 .debug_macro   0x000140ac       0xa6 src/ASF/sam/drivers/rtt/rtt.o
 .debug_macro   0x00014152      0x4b7 src/ASF/sam/drivers/rtt/rtt.o
 .debug_macro   0x00014609      0x133 src/ASF/sam/drivers/rtt/rtt.o
 .debug_macro   0x0001473c       0x52 src/ASF/sam/drivers/rtt/rtt.o
 .debug_macro   0x0001478e      0x2fe src/ASF/sam/drivers/rtt/rtt.o
 .debug_macro   0x00014a8c       0x76 src/ASF/sam/drivers/rtt/rtt.o
 .debug_macro   0x00014b02       0xbe src/ASF/sam/drivers/rtt/rtt.o
 .debug_macro   0x00014bc0       0x70 src/ASF/sam/drivers/rtt/rtt.o
 .debug_macro   0x00014c30       0x34 src/ASF/sam/drivers/rtt/rtt.o
 .debug_macro   0x00014c64      0x9b8 src/ASF/sam/drivers/rtt/rtt.o
 .debug_macro   0x0001561c       0x70 src/ASF/sam/drivers/rtt/rtt.o
 .debug_macro   0x0001568c       0x8e src/ASF/sam/drivers/rtt/rtt.o
 .debug_macro   0x0001571a       0x5e src/ASF/sam/drivers/rtt/rtt.o
 .debug_macro   0x00015778       0xfa src/ASF/sam/drivers/rtt/rtt.o
 .debug_macro   0x00015872       0x4c src/ASF/sam/drivers/rtt/rtt.o
 .debug_macro   0x000158be       0x4c src/ASF/sam/drivers/rtt/rtt.o
 .debug_macro   0x0001590a       0x16 src/ASF/sam/drivers/rtt/rtt.o
 .debug_macro   0x00015920       0xfa src/ASF/sam/drivers/rtt/rtt.o
 .debug_macro   0x00015a1a       0x52 src/ASF/sam/drivers/rtt/rtt.o
 .debug_macro   0x00015a6c       0x16 src/ASF/sam/drivers/rtt/rtt.o
 .debug_macro   0x00015a82       0x52 src/ASF/sam/drivers/rtt/rtt.o
 .debug_macro   0x00015ad4       0x2e src/ASF/sam/drivers/rtt/rtt.o
 .debug_macro   0x00015b02      0x1b3 src/ASF/sam/drivers/rtt/rtt.o
 .debug_macro   0x00015cb5      0x1b3 src/ASF/sam/drivers/rtt/rtt.o
 .debug_macro   0x00015e68      0x1b3 src/ASF/sam/drivers/rtt/rtt.o
 .debug_macro   0x0001601b      0x1b3 src/ASF/sam/drivers/rtt/rtt.o
 .debug_macro   0x000161ce      0x1b3 src/ASF/sam/drivers/rtt/rtt.o
 .debug_macro   0x00016381       0x1c src/ASF/sam/drivers/rtt/rtt.o
 .debug_macro   0x0001639d       0x34 src/ASF/sam/drivers/rtt/rtt.o
 .debug_macro   0x000163d1       0x22 src/ASF/sam/drivers/rtt/rtt.o
 .debug_macro   0x000163f3       0x1c src/ASF/sam/drivers/rtt/rtt.o
 .debug_macro   0x0001640f       0x5e src/ASF/sam/drivers/rtt/rtt.o
 .debug_macro   0x0001646d       0x10 src/ASF/sam/drivers/rtt/rtt.o
 .debug_macro   0x0001647d       0x1c src/ASF/sam/drivers/rtt/rtt.o
 .debug_macro   0x00016499       0x52 src/ASF/sam/drivers/rtt/rtt.o
 .debug_macro   0x000164eb       0x52 src/ASF/sam/drivers/rtt/rtt.o
 .debug_macro   0x0001653d       0x52 src/ASF/sam/drivers/rtt/rtt.o
 .debug_macro   0x0001658f      0x33e src/ASF/sam/drivers/rtt/rtt.o
 .debug_macro   0x000168cd     0x10ab src/ASF/sam/drivers/rtt/rtt.o
 .debug_macro   0x00017978      0x107 src/ASF/sam/drivers/rtt/rtt.o
 .debug_macro   0x00017a7f       0x58 src/ASF/sam/drivers/rtt/rtt.o
 .debug_macro   0x00017ad7       0x35 src/ASF/sam/drivers/rtt/rtt.o
 .debug_macro   0x00017b0c       0x9c src/ASF/sam/drivers/rtt/rtt.o
 .debug_macro   0x00017ba8       0x16 src/ASF/sam/drivers/rtt/rtt.o
 .debug_macro   0x00017bbe       0x35 src/ASF/sam/drivers/rtt/rtt.o
 .debug_macro   0x00017bf3      0x353 src/ASF/sam/drivers/rtt/rtt.o
 .debug_macro   0x00017f46       0x10 src/ASF/sam/drivers/rtt/rtt.o
 .debug_macro   0x00017f56       0x58 src/ASF/sam/drivers/rtt/rtt.o
 .debug_macro   0x00017fae       0x1f src/ASF/sam/drivers/rtt/rtt.o
 .debug_macro   0x00017fcd       0x43 src/ASF/sam/drivers/rtt/rtt.o
 .debug_macro   0x00018010       0x20 src/ASF/sam/drivers/rtt/rtt.o
 .debug_macro   0x00018030      0x187 src/ASF/sam/drivers/rtt/rtt.o
 .debug_macro   0x000181b7       0x10 src/ASF/sam/drivers/rtt/rtt.o
 .debug_macro   0x000181c7       0x1c src/ASF/sam/drivers/rtt/rtt.o
 .debug_macro   0x000181e3       0x52 src/ASF/sam/drivers/rtt/rtt.o
 .debug_macro   0x00018235       0x40 src/ASF/sam/drivers/rtt/rtt.o
 .debug_macro   0x00018275       0x10 src/ASF/sam/drivers/rtt/rtt.o
 .debug_macro   0x00018285       0x40 src/ASF/sam/drivers/rtt/rtt.o
 .debug_macro   0x000182c5       0xd7 src/ASF/sam/drivers/rtt/rtt.o
 .debug_macro   0x0001839c       0x16 src/ASF/sam/drivers/rtt/rtt.o
 .debug_macro   0x000183b2      0x18b src/ASF/sam/drivers/rtt/rtt.o
 .debug_macro   0x0001853d       0x22 src/ASF/sam/drivers/rtt/rtt.o
 .debug_macro   0x0001855f       0x16 src/ASF/sam/drivers/rtt/rtt.o
 .debug_macro   0x00018575       0x16 src/ASF/sam/drivers/rtt/rtt.o
 .debug_macro   0x0001858b       0x29 src/ASF/sam/drivers/rtt/rtt.o
 .debug_macro   0x000185b4       0x73 src/ASF/sam/drivers/rtt/rtt.o
 .debug_macro   0x00018627       0x3e src/ASF/sam/drivers/rtt/rtt.o
 .debug_macro   0x00018665      0x3ca src/ASF/sam/drivers/rtt/rtt.o
 .debug_macro   0x00018a2f      0x81d src/main.o
 .debug_macro   0x0001924c       0x3a src/main.o
 .debug_macro   0x00019286      0x2c3 src/main.o
 .debug_macro   0x00019549      0xa91 src/main.o
 .debug_macro   0x00019fda       0x70 src/main.o
 .debug_macro   0x0001a04a       0x64 src/main.o
 .debug_macro   0x0001a0ae       0x5f src/main.o
 .debug_macro   0x0001a10d       0xac src/main.o
 .debug_macro   0x0001a1b9       0x28 src/main.o
 .debug_macro   0x0001a1e1       0x22 src/main.o
 .debug_macro   0x0001a203       0x16 src/main.o
 .debug_macro   0x0001a219      0x41e src/main.o
 .debug_macro   0x0001a637       0x94 src/main.o
 .debug_macro   0x0001a6cb       0x40 src/main.o
 .debug_macro   0x0001a70b       0x88 src/main.o
 .debug_macro   0x0001a793      0x1c8 src/main.o
 .debug_macro   0x0001a95b       0x34 src/main.o
 .debug_macro   0x0001a98f       0x16 src/main.o
 .debug_macro   0x0001a9a5       0x1c src/main.o
 .debug_macro   0x0001a9c1       0x16 src/main.o
 .debug_macro   0x0001a9d7       0x28 src/main.o
 .debug_macro   0x0001a9ff       0x2e src/main.o
 .debug_macro   0x0001aa2d      0x733 src/ASF/common/services/spi/sam_spi/spi_master.o
 .debug_macro   0x0001b160      0x772 src/ASF/sam/components/display/ili9488/ili9488.o
 .debug_macro   0x0001b8d2       0x16 src/ASF/sam/components/display/ili9488/ili9488.o
 .debug_macro   0x0001b8e8       0x16 src/ASF/sam/components/display/ili9488/ili9488.o
 .debug_macro   0x0001b8fe      0x6fb src/ASF/sam/drivers/spi/spi.o
 .debug_macro   0x0001bff9       0x10 src/ASF/sam/drivers/spi/spi.o
 .debug_macro   0x0001c009      0x6f2 src/ASF/common/services/clock/same70/sysclk.o
 .debug_macro   0x0001c6fb      0x2bd src/ASF/common/services/clock/same70/sysclk.o
 .debug_macro   0x0001c9b8      0x676 src/ASF/common/utils/interrupt/interrupt_sam_nvic.o
 .debug_macro   0x0001d02e      0x72e src/ASF/sam/boards/same70_xplained/init.o
 .debug_macro   0x0001d75c       0x16 src/ASF/sam/boards/same70_xplained/init.o
 .debug_macro   0x0001d772       0x82 src/ASF/sam/boards/same70_xplained/init.o
 .debug_macro   0x0001d7f4      0x68c src/ASF/sam/drivers/pio/pio.o
 .debug_macro   0x0001de80       0x8e src/ASF/sam/drivers/pio/pio.o
 .debug_macro   0x0001df0e      0x697 src/ASF/sam/drivers/pio/pio_handler.o
 .debug_macro   0x0001e5a5      0x68c src/ASF/sam/drivers/pmc/pmc.o
 .debug_macro   0x0001ec31       0x6a src/ASF/sam/drivers/pmc/pmc.o
 .debug_macro   0x0001ec9b      0x685 src/ASF/sam/utils/cmsis/same70/source/templates/gcc/startup_same70.o
 .debug_macro   0x0001f320       0x10 src/ASF/sam/utils/cmsis/same70/source/templates/gcc/startup_same70.o
 .debug_macro   0x0001f330      0x473 src/ASF/sam/utils/cmsis/same70/source/templates/system_same70.o

.debug_line     0x00000000     0xa85d
 .debug_line    0x00000000      0xa9d src/ASF/sam/drivers/rtt/rtt.o
 .debug_line    0x00000a9d      0xf1c src/main.o
 .debug_line    0x000019b9      0xdd7 src/ASF/common/services/spi/sam_spi/spi_master.o
 .debug_line    0x00002790     0x1216 src/ASF/sam/components/display/ili9488/ili9488.o
 .debug_line    0x000039a6      0xcbe src/ASF/sam/drivers/spi/spi.o
 .debug_line    0x00004664      0xc89 src/ASF/common/services/clock/same70/sysclk.o
 .debug_line    0x000052ed      0xa2a src/ASF/common/utils/interrupt/interrupt_sam_nvic.o
 .debug_line    0x00005d17      0xd9a src/ASF/sam/boards/same70_xplained/init.o
 .debug_line    0x00006ab1      0xe39 src/ASF/sam/drivers/pio/pio.o
 .debug_line    0x000078ea      0xb3a src/ASF/sam/drivers/pio/pio_handler.o
 .debug_line    0x00008424     0x1116 src/ASF/sam/drivers/pmc/pmc.o
 .debug_line    0x0000953a      0xae2 src/ASF/sam/utils/cmsis/same70/source/templates/gcc/startup_same70.o
 .debug_line    0x0000a01c      0x841 src/ASF/sam/utils/cmsis/same70/source/templates/system_same70.o

.debug_str      0x00000000    0x938f0
 .debug_str     0x00000000    0x87f43 src/ASF/sam/drivers/rtt/rtt.o
                              0x88622 (size before relaxing)
 .debug_str     0x00087f43     0x8bda src/main.o
                              0x91b34 (size before relaxing)
 .debug_str     0x00090b1d      0x63f src/ASF/common/services/spi/sam_spi/spi_master.o
                              0x8cf58 (size before relaxing)
 .debug_str     0x0009115c      0x6eb src/ASF/sam/components/display/ili9488/ili9488.o
                              0x8eb30 (size before relaxing)
 .debug_str     0x00091847      0x20e src/ASF/sam/drivers/spi/spi.o
                              0x8cb65 (size before relaxing)
 .debug_str     0x00091a55      0x484 src/ASF/common/services/clock/same70/sysclk.o
                              0x8cc60 (size before relaxing)
 .debug_str     0x00091ed9       0x94 src/ASF/common/utils/interrupt/interrupt_sam_nvic.o
                              0x8856d (size before relaxing)
 .debug_str     0x00091f6d      0x50a src/ASF/sam/boards/same70_xplained/init.o
                              0x8d71f (size before relaxing)
 .debug_str     0x00092477      0x506 src/ASF/sam/drivers/pio/pio.o
                              0x890cf (size before relaxing)
 .debug_str     0x0009297d       0xf1 src/ASF/sam/drivers/pio/pio_handler.o
                              0x89296 (size before relaxing)
 .debug_str     0x00092a6e      0x638 src/ASF/sam/drivers/pmc/pmc.o
                              0x8925e (size before relaxing)
 .debug_str     0x000930a6      0x713 src/ASF/sam/utils/cmsis/same70/source/templates/gcc/startup_same70.o
                              0x88e06 (size before relaxing)
 .debug_str     0x000937b9      0x137 src/ASF/sam/utils/cmsis/same70/source/templates/system_same70.o
                              0x784a6 (size before relaxing)

.debug_frame    0x00000000     0x2b20
 .debug_frame   0x00000000      0x174 src/ASF/sam/drivers/rtt/rtt.o
 .debug_frame   0x00000174      0x1ec src/main.o
 .debug_frame   0x00000360      0x3c0 src/ASF/common/services/spi/sam_spi/spi_master.o
 .debug_frame   0x00000720      0x63c src/ASF/sam/components/display/ili9488/ili9488.o
 .debug_frame   0x00000d5c      0x2c8 src/ASF/sam/drivers/spi/spi.o
 .debug_frame   0x00001024      0x240 src/ASF/common/services/clock/same70/sysclk.o
 .debug_frame   0x00001264       0x58 src/ASF/common/utils/interrupt/interrupt_sam_nvic.o
 .debug_frame   0x000012bc      0x178 src/ASF/sam/boards/same70_xplained/init.o
 .debug_frame   0x00001434      0x7c0 src/ASF/sam/drivers/pio/pio.o
 .debug_frame   0x00001bf4      0x1d0 src/ASF/sam/drivers/pio/pio_handler.o
 .debug_frame   0x00001dc4      0xa68 src/ASF/sam/drivers/pmc/pmc.o
 .debug_frame   0x0000282c       0xbc src/ASF/sam/utils/cmsis/same70/source/templates/gcc/startup_same70.o
 .debug_frame   0x000028e8       0x78 src/ASF/sam/utils/cmsis/same70/source/templates/system_same70.o
 .debug_frame   0x00002960       0x2c c:/program files (x86)/atmel/studio/7.0/toolchain/arm/arm-gnu-toolchain/bin/../lib/gcc/arm-none-eabi/6.3.1/../../../../arm-none-eabi/lib/thumb/v7e-m\libc.a(lib_a-init.o)
 .debug_frame   0x0000298c       0x5c c:/program files (x86)/atmel/studio/7.0/toolchain/arm/arm-gnu-toolchain/bin/../lib/gcc/arm-none-eabi/6.3.1/../../../../arm-none-eabi/lib/thumb/v7e-m\libc.a(lib_a-__call_atexit.o)
 .debug_frame   0x000029e8       0x20 c:/program files (x86)/atmel/studio/7.0/toolchain/arm/arm-gnu-toolchain/bin/../lib/gcc/arm-none-eabi/6.3.1/../../../../arm-none-eabi/lib/thumb/v7e-m\libc.a(lib_a-atexit.o)
 .debug_frame   0x00002a08       0x34 c:/program files (x86)/atmel/studio/7.0/toolchain/arm/arm-gnu-toolchain/bin/../lib/gcc/arm-none-eabi/6.3.1/../../../../arm-none-eabi/lib/thumb/v7e-m\libc.a(lib_a-fini.o)
 .debug_frame   0x00002a3c       0xb0 c:/program files (x86)/atmel/studio/7.0/toolchain/arm/arm-gnu-toolchain/bin/../lib/gcc/arm-none-eabi/6.3.1/../../../../arm-none-eabi/lib/thumb/v7e-m\libc.a(lib_a-lock.o)
 .debug_frame   0x00002aec       0x34 c:/program files (x86)/atmel/studio/7.0/toolchain/arm/arm-gnu-toolchain/bin/../lib/gcc/arm-none-eabi/6.3.1/../../../../arm-none-eabi/lib/thumb/v7e-m\libc.a(lib_a-__atexit.o)

Cross Reference Table

Symbol                                            File
ACC_Handler                                       src/ASF/sam/utils/cmsis/same70/source/templates/gcc/startup_same70.o
AES_Handler                                       src/ASF/sam/utils/cmsis/same70/source/templates/gcc/startup_same70.o
AFEC0_Handler                                     src/ASF/sam/utils/cmsis/same70/source/templates/gcc/startup_same70.o
AFEC1_Handler                                     src/ASF/sam/utils/cmsis/same70/source/templates/gcc/startup_same70.o
BusFault_Handler                                  src/ASF/sam/utils/cmsis/same70/source/templates/gcc/startup_same70.o
CCF_Handler                                       src/ASF/sam/utils/cmsis/same70/source/templates/gcc/startup_same70.o
CCW_Handler                                       src/ASF/sam/utils/cmsis/same70/source/templates/gcc/startup_same70.o
DACC_Handler                                      src/ASF/sam/utils/cmsis/same70/source/templates/gcc/startup_same70.o
DebugMon_Handler                                  src/ASF/sam/utils/cmsis/same70/source/templates/gcc/startup_same70.o
Dummy_Handler                                     src/ASF/sam/utils/cmsis/same70/source/templates/gcc/startup_same70.o
EFC_Handler                                       src/ASF/sam/utils/cmsis/same70/source/templates/gcc/startup_same70.o
FPU_Handler                                       src/ASF/sam/utils/cmsis/same70/source/templates/gcc/startup_same70.o
GMAC_Handler                                      src/ASF/sam/utils/cmsis/same70/source/templates/gcc/startup_same70.o
GMAC_Q1_Handler                                   src/ASF/sam/utils/cmsis/same70/source/templates/gcc/startup_same70.o
GMAC_Q2_Handler                                   src/ASF/sam/utils/cmsis/same70/source/templates/gcc/startup_same70.o
GMAC_Q3_Handler                                   src/ASF/sam/utils/cmsis/same70/source/templates/gcc/startup_same70.o
GMAC_Q4_Handler                                   src/ASF/sam/utils/cmsis/same70/source/templates/gcc/startup_same70.o
GMAC_Q5_Handler                                   src/ASF/sam/utils/cmsis/same70/source/templates/gcc/startup_same70.o
HSMCI_Handler                                     src/ASF/sam/utils/cmsis/same70/source/templates/gcc/startup_same70.o
HardFault_Handler                                 src/ASF/sam/utils/cmsis/same70/source/templates/gcc/startup_same70.o
I2SC0_Handler                                     src/ASF/sam/utils/cmsis/same70/source/templates/gcc/startup_same70.o
I2SC1_Handler                                     src/ASF/sam/utils/cmsis/same70/source/templates/gcc/startup_same70.o
ICM_Handler                                       src/ASF/sam/utils/cmsis/same70/source/templates/gcc/startup_same70.o
ISI_Handler                                       src/ASF/sam/utils/cmsis/same70/source/templates/gcc/startup_same70.o
IXC_Handler                                       src/ASF/sam/utils/cmsis/same70/source/templates/gcc/startup_same70.o
MCAN0_INT0_Handler                                src/ASF/sam/utils/cmsis/same70/source/templates/gcc/startup_same70.o
MCAN0_INT1_Handler                                src/ASF/sam/utils/cmsis/same70/source/templates/gcc/startup_same70.o
MCAN1_INT0_Handler                                src/ASF/sam/utils/cmsis/same70/source/templates/gcc/startup_same70.o
MCAN1_INT1_Handler                                src/ASF/sam/utils/cmsis/same70/source/templates/gcc/startup_same70.o
MemManage_Handler                                 src/ASF/sam/utils/cmsis/same70/source/templates/gcc/startup_same70.o
NMI_Handler                                       src/ASF/sam/utils/cmsis/same70/source/templates/gcc/startup_same70.o
PIOA_Handler                                      src/ASF/sam/drivers/pio/pio_handler.o
PIOB_Handler                                      src/ASF/sam/drivers/pio/pio_handler.o
PIOC_Handler                                      src/ASF/sam/drivers/pio/pio_handler.o
PIOD_Handler                                      src/ASF/sam/drivers/pio/pio_handler.o
PIOE_Handler                                      src/ASF/sam/drivers/pio/pio_handler.o
PMC_Handler                                       src/ASF/sam/utils/cmsis/same70/source/templates/gcc/startup_same70.o
PWM0_Handler                                      src/ASF/sam/utils/cmsis/same70/source/templates/gcc/startup_same70.o
PWM1_Handler                                      src/ASF/sam/utils/cmsis/same70/source/templates/gcc/startup_same70.o
PendSV_Handler                                    src/ASF/sam/utils/cmsis/same70/source/templates/gcc/startup_same70.o
QSPI_Handler                                      src/ASF/sam/utils/cmsis/same70/source/templates/gcc/startup_same70.o